Component: ARM Compiler 5.06 update 4 (build 422) Tool: armlink [4d35d2]

==============================================================================

Section Cross References

    hts221_driver.o(i.HTS221_Activate) refers to hts221_driver.o(i.HTS221_ReadReg) for HTS221_ReadReg
    hts221_driver.o(i.HTS221_Activate) refers to hts221_driver.o(i.HTS221_WriteReg) for HTS221_WriteReg
    hts221_driver.o(i.HTS221_DeActivate) refers to hts221_driver.o(i.HTS221_ReadReg) for HTS221_ReadReg
    hts221_driver.o(i.HTS221_DeActivate) refers to hts221_driver.o(i.HTS221_WriteReg) for HTS221_WriteReg
    hts221_driver.o(i.HTS221_DeInit) refers to hts221_driver.o(i.HTS221_ReadReg) for HTS221_ReadReg
    hts221_driver.o(i.HTS221_DeInit) refers to hts221_driver.o(i.HTS221_WriteReg) for HTS221_WriteReg
    hts221_driver.o(i.HTS221_Get_AvgHT) refers to hts221_driver.o(i.HTS221_ReadReg) for HTS221_ReadReg
    hts221_driver.o(i.HTS221_Get_BduMode) refers to hts221_driver.o(i.HTS221_ReadReg) for HTS221_ReadReg
    hts221_driver.o(i.HTS221_Get_DataStatus) refers to hts221_driver.o(i.HTS221_ReadReg) for HTS221_ReadReg
    hts221_driver.o(i.HTS221_Get_DeviceID) refers to hts221_driver.o(i.HTS221_ReadReg) for HTS221_ReadReg
    hts221_driver.o(i.HTS221_Get_HeaterState) refers to hts221_driver.o(i.HTS221_ReadReg) for HTS221_ReadReg
    hts221_driver.o(i.HTS221_Get_Humidity) refers to hts221_driver.o(i.HTS221_ReadReg) for HTS221_ReadReg
    hts221_driver.o(i.HTS221_Get_Humidity) refers to fflti.o(.text) for __aeabi_i2f
    hts221_driver.o(i.HTS221_Get_Humidity) refers to fmul.o(.text) for __aeabi_fmul
    hts221_driver.o(i.HTS221_Get_Humidity) refers to fdiv.o(.text) for __aeabi_fdiv
    hts221_driver.o(i.HTS221_Get_Humidity) refers to fadd.o(.text) for __aeabi_fadd
    hts221_driver.o(i.HTS221_Get_Humidity) refers to ffixui.o(.text) for __aeabi_f2uiz
    hts221_driver.o(i.HTS221_Get_HumidityRaw) refers to hts221_driver.o(i.HTS221_ReadReg) for HTS221_ReadReg
    hts221_driver.o(i.HTS221_Get_InitConfig) refers to hts221_driver.o(i.HTS221_ReadReg) for HTS221_ReadReg
    hts221_driver.o(i.HTS221_Get_IrqActiveLevel) refers to hts221_driver.o(i.HTS221_ReadReg) for HTS221_ReadReg
    hts221_driver.o(i.HTS221_Get_IrqEnable) refers to hts221_driver.o(i.HTS221_ReadReg) for HTS221_ReadReg
    hts221_driver.o(i.HTS221_Get_IrqOutputType) refers to hts221_driver.o(i.HTS221_ReadReg) for HTS221_ReadReg
    hts221_driver.o(i.HTS221_Get_Measurement) refers to hts221_driver.o(i.HTS221_Get_Temperature) for HTS221_Get_Temperature
    hts221_driver.o(i.HTS221_Get_Measurement) refers to hts221_driver.o(i.HTS221_Get_Humidity) for HTS221_Get_Humidity
    hts221_driver.o(i.HTS221_Get_Odr) refers to hts221_driver.o(i.HTS221_ReadReg) for HTS221_ReadReg
    hts221_driver.o(i.HTS221_Get_PowerDownMode) refers to hts221_driver.o(i.HTS221_ReadReg) for HTS221_ReadReg
    hts221_driver.o(i.HTS221_Get_RawMeasurement) refers to hts221_driver.o(i.HTS221_ReadReg) for HTS221_ReadReg
    hts221_driver.o(i.HTS221_Get_Temperature) refers to hts221_driver.o(i.HTS221_ReadReg) for HTS221_ReadReg
    hts221_driver.o(i.HTS221_Get_Temperature) refers to fflti.o(.text) for __aeabi_i2f
    hts221_driver.o(i.HTS221_Get_Temperature) refers to fmul.o(.text) for __aeabi_fmul
    hts221_driver.o(i.HTS221_Get_Temperature) refers to fdiv.o(.text) for __aeabi_fdiv
    hts221_driver.o(i.HTS221_Get_Temperature) refers to fadd.o(.text) for __aeabi_fadd
    hts221_driver.o(i.HTS221_Get_Temperature) refers to ffixi.o(.text) for __aeabi_f2iz
    hts221_driver.o(i.HTS221_Get_TemperatureRaw) refers to hts221_driver.o(i.HTS221_ReadReg) for HTS221_ReadReg
    hts221_driver.o(i.HTS221_IsMeasurementCompleted) refers to hts221_driver.o(i.HTS221_ReadReg) for HTS221_ReadReg
    hts221_driver.o(i.HTS221_MemoryBoot) refers to hts221_driver.o(i.HTS221_ReadReg) for HTS221_ReadReg
    hts221_driver.o(i.HTS221_MemoryBoot) refers to hts221_driver.o(i.HTS221_WriteReg) for HTS221_WriteReg
    hts221_driver.o(i.HTS221_ReadReg) refers to x_nucleo_iks01a2.o(i.Sensor_IO_Read) for Sensor_IO_Read
    hts221_driver.o(i.HTS221_Set_AvgH) refers to hts221_driver.o(i.HTS221_assert_failed) for HTS221_assert_failed
    hts221_driver.o(i.HTS221_Set_AvgH) refers to hts221_driver.o(i.HTS221_ReadReg) for HTS221_ReadReg
    hts221_driver.o(i.HTS221_Set_AvgH) refers to hts221_driver.o(i.HTS221_WriteReg) for HTS221_WriteReg
    hts221_driver.o(i.HTS221_Set_AvgH) refers to hts221_driver.o(.conststring) for .conststring
    hts221_driver.o(i.HTS221_Set_AvgHT) refers to hts221_driver.o(i.HTS221_assert_failed) for HTS221_assert_failed
    hts221_driver.o(i.HTS221_Set_AvgHT) refers to hts221_driver.o(i.HTS221_ReadReg) for HTS221_ReadReg
    hts221_driver.o(i.HTS221_Set_AvgHT) refers to hts221_driver.o(i.HTS221_WriteReg) for HTS221_WriteReg
    hts221_driver.o(i.HTS221_Set_AvgHT) refers to hts221_driver.o(.conststring) for .conststring
[...]
    _printf_ll                               0x00000000   Number         0  stubs.o ABSOLUTE
    _printf_lld                              0x00000000   Number         0  stubs.o ABSOLUTE
    _printf_lli                              0x00000000   Number         0  stubs.o ABSOLUTE
    _printf_llo                              0x00000000   Number         0  stubs.o ABSOLUTE
    _printf_llu                              0x00000000   Number         0  stubs.o ABSOLUTE
    _printf_llx                              0x00000000   Number         0  stubs.o ABSOLUTE
    _printf_longlong_dec                     0x00000000   Number         0  stubs.o ABSOLUTE
    _printf_longlong_hex                     0x00000000   Number         0  stubs.o ABSOLUTE
    _printf_longlong_oct                     0x00000000   Number         0  stubs.o ABSOLUTE
    _printf_ls                               0x00000000   Number         0  stubs.o ABSOLUTE
    _printf_mbtowc                           0x00000000   Number         0  stubs.o ABSOLUTE
    _printf_n                                0x00000000   Number         0  stubs.o ABSOLUTE
    _printf_o                                0x00000000   Number         0  stubs.o ABSOLUTE
    _printf_p                                0x00000000   Number         0  stubs.o ABSOLUTE
    _printf_percent                          0x00000000   Number         0  stubs.o ABSOLUTE
    _printf_pre_padding                      0x00000000   Number         0  stubs.o ABSOLUTE
    _printf_return_value                     0x00000000   Number         0  stubs.o ABSOLUTE
    _printf_s                                0x00000000   Number         0  stubs.o ABSOLUTE
    _printf_sizespec                         0x00000000   Number         0  stubs.o ABSOLUTE
    _printf_str                              0x00000000   Number         0  stubs.o ABSOLUTE
    _printf_truncate_signed                  0x00000000   Number         0  stubs.o ABSOLUTE
    _printf_truncate_unsigned                0x00000000   Number         0  stubs.o ABSOLUTE
    _printf_u                                0x00000000   Number         0  stubs.o ABSOLUTE
    _printf_wc                               0x00000000   Number         0  stubs.o ABSOLUTE
    _printf_wctomb                           0x00000000   Number         0  stubs.o ABSOLUTE
    _printf_widthprec                        0x00000000   Number         0  stubs.o ABSOLUTE
    _printf_x                                0x00000000   Number         0  stubs.o ABSOLUTE
    __cpp_initialize__aeabi_                  - Undefined Weak Reference
    __cxa_finalize                            - Undefined Weak Reference
    _clock_init                               - Undefined Weak Reference
    _microlib_exit                            - Undefined Weak Reference
    __Vectors_Size                           0x000000c0   Number         0  startup_stm32l072xx.o ABSOLUTE
    __Vectors                                0x08000000   Data           4  startup_stm32l072xx.o(RESET)
    __Vectors_End                            0x080000c0   Data           0  startup_stm32l072xx.o(RESET)
    __main                                   0x080000c1   Thumb Code     0  entry.o(.ARM.Collect$$$$00000000)
    _main_stk                                0x080000c1   Thumb Code     0  entry2.o(.ARM.Collect$$$$00000001)
    _main_scatterload                        0x080000c5   Thumb Code     0  entry5.o(.ARM.Collect$$$$00000004)
    __main_after_scatterload                 0x080000c9   Thumb Code     0  entry5.o(.ARM.Collect$$$$00000004)
    _main_clock                              0x080000c9   Thumb Code     0  entry7b.o(.ARM.Collect$$$$00000008)
    _main_cpp_init                           0x080000c9   Thumb Code     0  entry8b.o(.ARM.Collect$$$$0000000A)
    _main_init                               0x080000c9   Thumb Code     0  entry9a.o(.ARM.Collect$$$$0000000B)
    __rt_final_cpp                           0x080000d1   Thumb Code     0  entry10a.o(.ARM.Collect$$$$0000000D)
    __rt_final_exit                          0x080000d1   Thumb Code     0  entry11a.o(.ARM.Collect$$$$0000000F)
    Reset_Handler                            0x080000d5   Thumb Code     8  startup_stm32l072xx.o(.text)
    ADC1_COMP_IRQHandler                     0x080000e7   Thumb Code     0  startup_stm32l072xx.o(.text)
    DMA1_Channel1_IRQHandler                 0x080000e7   Thumb Code     0  startup_stm32l072xx.o(.text)
    DMA1_Channel2_3_IRQHandler               0x080000e7   Thumb Code     0  startup_stm32l072xx.o(.text)
    DMA1_Channel4_5_6_7_IRQHandler           0x080000e7   Thumb Code     0  startup_stm32l072xx.o(.text)
    FLASH_IRQHandler                         0x080000e7   Thumb Code     0  startup_stm32l072xx.o(.text)
    I2C1_IRQHandler                          0x080000e7   Thumb Code     0  startup_stm32l072xx.o(.text)
    I2C2_IRQHandler                          0x080000e7   Thumb Code     0  startup_stm32l072xx.o(.text)
    I2C3_IRQHandler                          0x080000e7   Thumb Code     0  startup_stm32l072xx.o(.text)
    LPTIM1_IRQHandler                        0x080000e7   Thumb Code     0  startup_stm32l072xx.o(.text)
    PVD_IRQHandler                           0x080000e7   Thumb Code     0  startup_stm32l072xx.o(.text)
    RCC_CRS_IRQHandler                       0x080000e7   Thumb Code     0  startup_stm32l072xx.o(.text)
    RNG_LPUART1_IRQHandler                   0x080000e7   Thumb Code     0  startup_stm32l072xx.o(.text)
    SPI1_IRQHandler                          0x080000e7   Thumb Code     0  startup_stm32l072xx.o(.text)
    SPI2_IRQHandler                          0x080000e7   Thumb Code     0  startup_stm32l072xx.o(.text)
    TIM21_IRQHandler                         0x080000e7   Thumb Code     0  startup_stm32l072xx.o(.text)
    TIM22_IRQHandler                         0x080000e7   Thumb Code     0  startup_stm32l072xx.o(.text)
    TIM2_IRQHandler                          0x080000e7   Thumb Code     0  startup_stm32l072xx.o(.text)
    TIM3_IRQHandler                          0x080000e7   Thumb Code     0  startup_stm32l072xx.o(.text)
    TIM6_DAC_IRQHandler                      0x080000e7   Thumb Code     0  startup_stm32l072xx.o(.text)
    TIM7_IRQHandler                          0x080000e7   Thumb Code     0  startup_stm32l072xx.o(.text)
    TSC_IRQHandler                           0x080000e7   Thumb Code     0  startup_stm32l072xx.o(.text)
    USART1_IRQHandler                        0x080000e7   Thumb Code     0  startup_stm32l072xx.o(.text)
    USART4_5_IRQHandler                      0x080000e7   Thumb Code     0  startup_stm32l072xx.o(.text)
    USB_IRQHandler                           0x080000e7   Thumb Code     0  startup_stm32l072xx.o(.text)
    WWDG_IRQHandler                          0x080000e7   Thumb Code     0  startup_stm32l072xx.o(.text)
    __aeabi_uidiv                            0x080000f1   Thumb Code     0  uidiv.o(.text)
    __aeabi_uidivmod                         0x080000f1   Thumb Code    44  uidiv.o(.text)
    __aeabi_idiv                             0x0800011d   Thumb Code     0  idiv.o(.text)
    __aeabi_idivmod                          0x0800011d   Thumb Code    40  idiv.o(.text)
    __aeabi_uldivmod                         0x08000145   Thumb Code    96  uldiv.o(.text)
    __aeabi_memcpy                           0x080001a5   Thumb Code    36  memcpya.o(.text)
    __aeabi_memcpy4                          0x080001a5   Thumb Code     0  memcpya.o(.text)
    __aeabi_memcpy8                          0x080001a5   Thumb Code     0  memcpya.o(.text)
    __aeabi_memset                           0x080001c9   Thumb Code    14  memseta.o(.text)
    __aeabi_memset4                          0x080001c9   Thumb Code     0  memseta.o(.text)
    __aeabi_memset8                          0x080001c9   Thumb Code     0  memseta.o(.text)
    __aeabi_memclr                           0x080001d7   Thumb Code     4  memseta.o(.text)
    __aeabi_memclr4                          0x080001d7   Thumb Code     0  memseta.o(.text)
    __aeabi_memclr8                          0x080001d7   Thumb Code     0  memseta.o(.text)
    _memset$wrapper                          0x080001db   Thumb Code    18  memseta.o(.text)
    __aeabi_uread4                           0x080001ed   Thumb Code    20  uread4.o(.text)
    __rt_uread4                              0x080001ed   Thumb Code     0  uread4.o(.text)
    _uread4                                  0x080001ed   Thumb Code     0  uread4.o(.text)
    __aeabi_fadd                             0x08000201   Thumb Code   162  fadd.o(.text)
    __aeabi_fsub                             0x080002a3   Thumb Code     8  fadd.o(.text)
    __aeabi_frsub                            0x080002ab   Thumb Code     8  fadd.o(.text)
    __aeabi_fmul                             0x080002b3   Thumb Code   122  fmul.o(.text)
    __aeabi_fdiv                             0x0800032d   Thumb Code   124  fdiv.o(.text)
    __aeabi_dadd                             0x080003a9   Thumb Code   328  dadd.o(.text)
    __aeabi_dsub                             0x080004f1   Thumb Code    12  dadd.o(.text)
    __aeabi_drsub                            0x080004fd   Thumb Code    12  dadd.o(.text)
    __aeabi_dmul                             0x0800050d   Thumb Code   202  dmul.o(.text)
    __aeabi_ddiv                             0x080005dd   Thumb Code   234  ddiv.o(.text)
    __ARM_scalbn                             0x080006cd   Thumb Code    44  dscalb.o(.text)
    scalbn                                   0x080006cd   Thumb Code     0  dscalb.o(.text)
    __aeabi_ui2f                             0x080006f9   Thumb Code    14  ffltui.o(.text)
    __aeabi_i2d                              0x08000709   Thumb Code    34  dflti.o(.text)
    __aeabi_ui2d                             0x08000731   Thumb Code    24  dfltui.o(.text)
    __aeabi_f2iz                             0x0800074d   Thumb Code    50  ffixi.o(.text)
    __aeabi_f2uiz                            0x0800077f   Thumb Code    40  ffixui.o(.text)
    __aeabi_d2iz                             0x080007a9   Thumb Code    62  dfixi.o(.text)
    __aeabi_d2uiz                            0x080007f1   Thumb Code    50  dfixui.o(.text)
    __aeabi_f2d                              0x0800082d   Thumb Code    40  f2d.o(.text)
    __aeabi_cdrcmple                         0x08000855   Thumb Code    38  cdrcmple.o(.text)
    __aeabi_llsl                             0x0800087d   Thumb Code    32  llshl.o(.text)
    _ll_shift_l                              0x0800087d   Thumb Code     0  llshl.o(.text)
    __aeabi_llsr                             0x0800089d   Thumb Code    34  llushr.o(.text)
    _ll_ushift_r                             0x0800089d   Thumb Code     0  llushr.o(.text)
    __aeabi_lasr                             0x080008bf   Thumb Code    38  llsshr.o(.text)
    _ll_sshift_r                             0x080008bf   Thumb Code     0  llsshr.o(.text)
    __I$use$fp                               0x080008e5   Thumb Code     0  iusefp.o(.text)
    _float_round                             0x080008e5   Thumb Code    16  fepilogue.o(.text)
    _float_epilogue                          0x080008f5   Thumb Code   114  fepilogue.o(.text)
    _double_round                            0x08000967   Thumb Code    26  depilogue.o(.text)
    _double_epilogue                         0x08000981   Thumb Code   164  depilogue.o(.text)
    _drnd                                    0x08000a25   Thumb Code   114  drnd.o(.text)
    __aeabi_d2ulz                            0x08000aa1   Thumb Code    54  dfixul.o(.text)
    __aeabi_cdcmpeq                          0x08000ae1   Thumb Code     0  cdcmple.o(.text)
    __aeabi_cdcmple                          0x08000ae1   Thumb Code    38  cdcmple.o(.text)
    __scatterload                            0x08000b09   Thumb Code    28  init.o(.text)
    __scatterload_rt2                        0x08000b09   Thumb Code     0  init.o(.text)
    __decompress                             0x08000b2d   Thumb Code     0  __dczerorl2.o(.text)
    __decompress1                            0x08000b2d   Thumb Code    86  __dczerorl2.o(.text)
    AES_CMAC_Final                           0x08000c0d   Thumb Code   316  cmac.o(i.AES_CMAC_Final)
    AES_CMAC_Init                            0x08000d49   Thumb Code    32  cmac.o(i.AES_CMAC_Init)
    AES_CMAC_SetKey                          0x08000d69   Thumb Code    16  cmac.o(i.AES_CMAC_SetKey)
    AES_CMAC_Update                          0x08000d79   Thumb Code   190  cmac.o(i.AES_CMAC_Update)
    BSP_LED_Init                             0x08000ed1   Thumb Code    88  b-l072z-lrwan1.o(i.BSP_LED_Init)
    BSP_LED_Off                              0x08000f35   Thumb Code    22  b-l072z-lrwan1.o(i.BSP_LED_Off)
    BSP_LED_On                               0x08000f55   Thumb Code    22  b-l072z-lrwan1.o(i.BSP_LED_On)
    BSP_sensor_Init                          0x08000f75   Thumb Code     2  bsp.o(i.BSP_sensor_Init)
    BSP_sensor_Read                          0x08000f79   Thumb Code    18  bsp.o(i.BSP_sensor_Read)
    DBG_Init                                 0x08001071   Thumb Code    92  debug.o(i.DBG_Init)
    DelayMs                                  0x080010d1   Thumb Code     8  delay.o(i.DelayMs)
    EXTI0_1_IRQHandler                       0x080010d9   Thumb Code    16  mlm32l0xx_it.o(i.EXTI0_1_IRQHandler)
    EXTI2_3_IRQHandler                       0x080010e9   Thumb Code    16  mlm32l0xx_it.o(i.EXTI2_3_IRQHandler)
    EXTI4_15_IRQHandler                      0x080010f9   Thumb Code    92  mlm32l0xx_it.o(i.EXTI4_15_IRQHandler)
    Error_Handler                            0x08001155   Thumb Code     2  debug.o(i.Error_Handler)
    HAL_ADCEx_Calibration_Start              0x080011a9   Thumb Code   170  stm32l0xx_hal_adc_ex.o(i.HAL_ADCEx_Calibration_Start)
    HAL_ADC_ConfigChannel                    0x08001255   Thumb Code   140  stm32l0xx_hal_adc.o(i.HAL_ADC_ConfigChannel)
    HAL_ADC_GetValue                         0x080012e9   Thumb Code     6  stm32l0xx_hal_adc.o(i.HAL_ADC_GetValue)
    HAL_ADC_Init                             0x080012f1   Thumb Code   442  stm32l0xx_hal_adc.o(i.HAL_ADC_Init)
    HAL_ADC_MspInit                          0x080014b5   Thumb Code     2  stm32l0xx_hal_adc.o(i.HAL_ADC_MspInit)
    HAL_ADC_PollForConversion                0x080014b7   Thumb Code   190  stm32l0xx_hal_adc.o(i.HAL_ADC_PollForConversion)
    HAL_ADC_Start                            0x08001575   Thumb Code    86  stm32l0xx_hal_adc.o(i.HAL_ADC_Start)
    HAL_DBGMCU_DisableDBGSleepMode           0x080015d1   Thumb Code    12  stm32l0xx_hal.o(i.HAL_DBGMCU_DisableDBGSleepMode)
    HAL_DBGMCU_DisableDBGStandbyMode         0x080015e1   Thumb Code    12  stm32l0xx_hal.o(i.HAL_DBGMCU_DisableDBGStandbyMode)
    HAL_DBGMCU_DisableDBGStopMode            0x080015f1   Thumb Code    12  stm32l0xx_hal.o(i.HAL_DBGMCU_DisableDBGStopMode)
    HAL_GPIO_EXTI_Callback                   0x08001601   Thumb Code     8  mlm32l0xx_hal_msp.o(i.HAL_GPIO_EXTI_Callback)
    HAL_GPIO_EXTI_IRQHandler                 0x08001609   Thumb Code    18  stm32l0xx_hal_gpio.o(i.HAL_GPIO_EXTI_IRQHandler)
    HAL_GPIO_Init                            0x08001621   Thumb Code   356  stm32l0xx_hal_gpio.o(i.HAL_GPIO_Init)
    HAL_GPIO_WritePin                        0x080017a5   Thumb Code    12  stm32l0xx_hal_gpio.o(i.HAL_GPIO_WritePin)
    HAL_GetTick                              0x080017b1   Thumb Code     6  stm32l0xx_hal.o(i.HAL_GetTick)
    HAL_IncTick                              0x080017bd   Thumb Code    10  stm32l0xx_hal.o(i.HAL_IncTick)
    HAL_Init                                 0x080017cd   Thumb Code    26  stm32l0xx_hal.o(i.HAL_Init)
    HAL_InitTick                             0x080017ed   Thumb Code     4  mlm32l0xx_hal_msp.o(i.HAL_InitTick)
    HAL_MspInit                              0x080017f1   Thumb Code    40  mlm32l0xx_hal_msp.o(i.HAL_MspInit)
    HAL_NVIC_ClearPendingIRQ                 0x08001821   Thumb Code    14  stm32l0xx_hal_cortex.o(i.HAL_NVIC_ClearPendingIRQ)
    HAL_NVIC_EnableIRQ                       0x08001835   Thumb Code    14  stm32l0xx_hal_cortex.o(i.HAL_NVIC_EnableIRQ)
    HAL_NVIC_GetPendingIRQ                   0x08001849   Thumb Code    24  stm32l0xx_hal_cortex.o(i.HAL_NVIC_GetPendingIRQ)
    HAL_NVIC_SetPendingIRQ                   0x08001865   Thumb Code    14  stm32l0xx_hal_cortex.o(i.HAL_NVIC_SetPendingIRQ)
    HAL_NVIC_SetPriority                     0x08001879   Thumb Code     8  stm32l0xx_hal_cortex.o(i.HAL_NVIC_SetPriority)
    HAL_PWREx_EnableFastWakeUp               0x08001881   Thumb Code    12  stm32l0xx_hal_pwr_ex.o(i.HAL_PWREx_EnableFastWakeUp)
    HAL_PWREx_EnableUltraLowPower            0x08001891   Thumb Code    12  stm32l0xx_hal_pwr_ex.o(i.HAL_PWREx_EnableUltraLowPower)
    HAL_PWR_DisablePVD                       0x080018a1   Thumb Code    12  stm32l0xx_hal_pwr.o(i.HAL_PWR_DisablePVD)
    HAL_PWR_EnterSLEEPMode                   0x080018b1   Thumb Code    38  stm32l0xx_hal_pwr.o(i.HAL_PWR_EnterSLEEPMode)
    HAL_PWR_EnterSTOPMode                    0x080018e1   Thumb Code    44  stm32l0xx_hal_pwr.o(i.HAL_PWR_EnterSTOPMode)
    HAL_RCCEx_GetPeriphCLKFreq               0x08001915   Thumb Code   406  stm32l0xx_hal_rcc_ex.o(i.HAL_RCCEx_GetPeriphCLKFreq)
    HAL_RCCEx_PeriphCLKConfig                0x08001ad5   Thumb Code   382  stm32l0xx_hal_rcc_ex.o(i.HAL_RCCEx_PeriphCLKConfig)
    HAL_RCC_ClockConfig                      0x08001c61   Thumb Code   340  stm32l0xx_hal_rcc.o(i.HAL_RCC_ClockConfig)
    HAL_RCC_GetPCLK1Freq                     0x08001dc9   Thumb Code    20  stm32l0xx_hal_rcc.o(i.HAL_RCC_GetPCLK1Freq)
    HAL_RCC_GetPCLK2Freq                     0x08001de9   Thumb Code    20  stm32l0xx_hal_rcc.o(i.HAL_RCC_GetPCLK2Freq)
    HAL_RCC_GetSysClockFreq                  0x08001e09   Thumb Code   100  stm32l0xx_hal_rcc.o(i.HAL_RCC_GetSysClockFreq)
    HAL_RCC_OscConfig                        0x08001e81   Thumb Code  1116  stm32l0xx_hal_rcc.o(i.HAL_RCC_OscConfig)
    HAL_RTCEx_EnableBypassShadow             0x080022dd   Thumb Code    60  stm32l0xx_hal_rtc_ex.o(i.HAL_RTCEx_EnableBypassShadow)
    HAL_RTC_AlarmAEventCallback              0x08002319   Thumb Code     8  mlm32l0xx_hal_msp.o(i.HAL_RTC_AlarmAEventCallback)
    HAL_RTC_DeactivateAlarm                  0x08002321   Thumb Code   184  stm32l0xx_hal_rtc.o(i.HAL_RTC_DeactivateAlarm)
    HAL_RTC_GetAlarm                         0x080023d9   Thumb Code   134  stm32l0xx_hal_rtc.o(i.HAL_RTC_GetAlarm)
    HAL_RTC_GetDate                          0x08002465   Thumb Code    68  stm32l0xx_hal_rtc.o(i.HAL_RTC_GetDate)
    HAL_RTC_GetTime                          0x080024a9   Thumb Code    88  stm32l0xx_hal_rtc.o(i.HAL_RTC_GetTime)
    HAL_RTC_Init                             0x08002505   Thumb Code   160  stm32l0xx_hal_rtc.o(i.HAL_RTC_Init)
    HAL_RTC_MspInit                          0x080025a9   Thumb Code    86  mlm32l0xx_hal_msp.o(i.HAL_RTC_MspInit)
    HAL_RTC_SetAlarm_IT                      0x08002605   Thumb Code   408  stm32l0xx_hal_rtc.o(i.HAL_RTC_SetAlarm_IT)
    HAL_RTC_SetDate                          0x080027a5   Thumb Code   200  stm32l0xx_hal_rtc.o(i.HAL_RTC_SetDate)
    HAL_RTC_SetTime                          0x08002871   Thumb Code   234  stm32l0xx_hal_rtc.o(i.HAL_RTC_SetTime)
    HAL_RTC_WaitForSynchro                   0x08002961   Thumb Code    52  stm32l0xx_hal_rtc.o(i.HAL_RTC_WaitForSynchro)
    HAL_SPI_Init                             0x08002995   Thumb Code   132  stm32l0xx_hal_spi.o(i.HAL_SPI_Init)
    HAL_SPI_MspInit                          0x08002a19   Thumb Code     2  stm32l0xx_hal_spi.o(i.HAL_SPI_MspInit)
    HAL_SPI_TransmitReceive                  0x08002a1b   Thumb Code   696  stm32l0xx_hal_spi.o(i.HAL_SPI_TransmitReceive)
    HAL_UART_Init                            0x08002cd3   Thumb Code   108  stm32l0xx_hal_uart.o(i.HAL_UART_Init)
    HAL_UART_MspInit                         0x08002d41   Thumb Code    20  vcom.o(i.HAL_UART_MspInit)
    HAL_UART_Transmit                        0x08002d59   Thumb Code   200  stm32l0xx_hal_uart.o(i.HAL_UART_Transmit)
    HW_AdcInit                               0x08002e21   Thumb Code    74  mlm32l0xx_hw.o(i.HW_AdcInit)
    HW_AdcReadChannel                        0x08002e7d   Thumb Code   122  mlm32l0xx_hw.o(i.HW_AdcReadChannel)
    HW_EnterSleepMode                        0x08002f11   Thumb Code    12  mlm32l0xx_hw.o(i.HW_EnterSleepMode)
    HW_EnterStopMode                         0x08002f1d   Thumb Code   108  mlm32l0xx_hw.o(i.HW_EnterStopMode)
    HW_ExitStopMode                          0x08002f95   Thumb Code    78  mlm32l0xx_hw.o(i.HW_ExitStopMode)
    HW_GPIO_Init                             0x08003025   Thumb Code    80  hw_gpio.o(i.HW_GPIO_Init)
    HW_GPIO_IrqHandler                       0x08003079   Thumb Code    20  hw_gpio.o(i.HW_GPIO_IrqHandler)
    HW_GPIO_SetIrq                           0x08003091   Thumb Code    48  hw_gpio.o(i.HW_GPIO_SetIrq)
    HW_GPIO_Write                            0x080030c5   Thumb Code    10  hw_gpio.o(i.HW_GPIO_Write)
    HW_GetBatteryLevel                       0x080030d1   Thumb Code    62  mlm32l0xx_hw.o(i.HW_GetBatteryLevel)
    HW_GetRandomSeed                         0x08003121   Thumb Code    14  mlm32l0xx_hw.o(i.HW_GetRandomSeed)
    HW_GetUniqueId                           0x08003135   Thumb Code    64  mlm32l0xx_hw.o(i.HW_GetUniqueId)
    HW_GpioInit                              0x08003179   Thumb Code   150  mlm32l0xx_hw.o(i.HW_GpioInit)
    HW_Init                                  0x08003229   Thumb Code    66  mlm32l0xx_hw.o(i.HW_Init)
    HW_RTC_DelayMs                           0x08003275   Thumb Code    38  hw_rtc.o(i.HW_RTC_DelayMs)
    HW_RTC_GetMinimumTimeout                 0x08003341   Thumb Code     4  hw_rtc.o(i.HW_RTC_GetMinimumTimeout)
    HW_RTC_GetTimerContext                   0x08003345   Thumb Code     6  hw_rtc.o(i.HW_RTC_GetTimerContext)
    HW_RTC_GetTimerElapsedTime               0x08003351   Thumb Code    22  hw_rtc.o(i.HW_RTC_GetTimerElapsedTime)
    HW_RTC_GetTimerValue                     0x0800336d   Thumb Code    16  hw_rtc.o(i.HW_RTC_GetTimerValue)
    HW_RTC_Init                              0x0800337d   Thumb Code    34  hw_rtc.o(i.HW_RTC_Init)
    HW_RTC_IrqHandler                        0x080033a9   Thumb Code    50  hw_rtc.o(i.HW_RTC_IrqHandler)
    HW_RTC_SetAlarm                          0x080033e5   Thumb Code    64  hw_rtc.o(i.HW_RTC_SetAlarm)
    HW_RTC_SetTimerContext                   0x08003489   Thumb Code    18  hw_rtc.o(i.HW_RTC_SetTimerContext)
    HW_RTC_StopAlarm                         0x080035b9   Thumb Code    28  hw_rtc.o(i.HW_RTC_StopAlarm)
    HW_RTC_Tick2ms                           0x080035d9   Thumb Code    16  hw_rtc.o(i.HW_RTC_Tick2ms)
    HW_RTC_ms2Tick                           0x080035e9   Thumb Code    16  hw_rtc.o(i.HW_RTC_ms2Tick)
    HW_RTC_setMcuWakeUpTime                  0x080035f9   Thumb Code   104  hw_rtc.o(i.HW_RTC_setMcuWakeUpTime)
    HW_SPI_InOut                             0x0800366d   Thumb Code    28  hw_spi.o(i.HW_SPI_InOut)
    HW_SPI_Init                              0x0800368d   Thumb Code   112  hw_spi.o(i.HW_SPI_Init)
    HW_SPI_IoInit                            0x08003711   Thumb Code    92  hw_spi.o(i.HW_SPI_IoInit)
    HardFault_Handler                        0x08003771   Thumb Code     4  mlm32l0xx_it.o(i.HardFault_Handler)
    LoRaMacComputeMic                        0x08003775   Thumb Code   112  loramaccrypto.o(i.LoRaMacComputeMic)
    LoRaMacInitialization                    0x080037f1   Thumb Code   512  loramac.o(i.LoRaMacInitialization)
    LoRaMacJoinComputeMic                    0x08003a25   Thumb Code    62  loramaccrypto.o(i.LoRaMacJoinComputeMic)
    LoRaMacJoinComputeSKeys                  0x08003a6d   Thumb Code   130  loramaccrypto.o(i.LoRaMacJoinComputeSKeys)
    LoRaMacJoinDecrypt                       0x08003af5   Thumb Code    60  loramaccrypto.o(i.LoRaMacJoinDecrypt)
    LoRaMacMcpsRequest                       0x08003b35   Thumb Code   286  loramac.o(i.LoRaMacMcpsRequest)
    LoRaMacMibGetRequestConfirm              0x08003c61   Thumb Code   234  loramac.o(i.LoRaMacMibGetRequestConfirm)
    LoRaMacMibSetRequestConfirm              0x08003d59   Thumb Code   604  loramac.o(i.LoRaMacMibSetRequestConfirm)
    LoRaMacMlmeRequest                       0x08003fc5   Thumb Code   300  loramac.o(i.LoRaMacMlmeRequest)
    LoRaMacPayloadDecrypt                    0x080040fd   Thumb Code    16  loramaccrypto.o(i.LoRaMacPayloadDecrypt)
    LoRaMacPayloadEncrypt                    0x0800410d   Thumb Code   182  loramaccrypto.o(i.LoRaMacPayloadEncrypt)
    LoRaMacQueryTxPossible                   0x080041cd   Thumb Code   174  loramac.o(i.LoRaMacQueryTxPossible)
    LoRaMacTestSetDutyCycleOn                0x08004285   Thumb Code    28  loramac.o(i.LoRaMacTestSetDutyCycleOn)
    LowPower_Disable                         0x080043f5   Thumb Code    20  low_power.o(i.LowPower_Disable)
    LowPower_Enable                          0x0800440d   Thumb Code    20  low_power.o(i.LowPower_Enable)
    LowPower_GetState                        0x08004425   Thumb Code     6  low_power.o(i.LowPower_GetState)
    LowPower_Handler                         0x08004431   Thumb Code    30  low_power.o(i.LowPower_Handler)
    MSP_GetIRQn                              0x08004455   Thumb Code    48  mlm32l0xx_hal_msp.o(i.MSP_GetIRQn)
    NMI_Handler                              0x08004689   Thumb Code     2  mlm32l0xx_it.o(i.NMI_Handler)
    OnSendEvent                              0x080050b9   Thumb Code    38  lora.o(i.OnSendEvent)
    PendSV_Handler                           0x080051c9   Thumb Code     2  mlm32l0xx_it.o(i.PendSV_Handler)
    PrepareFrame                             0x080051cd   Thumb Code   620  loramac.o(i.PrepareFrame)
    RTC_Bcd2ToByte                           0x08005821   Thumb Code    16  stm32l0xx_hal_rtc.o(i.RTC_Bcd2ToByte)
    RTC_ByteToBcd2                           0x08005831   Thumb Code    22  stm32l0xx_hal_rtc.o(i.RTC_ByteToBcd2)
    RTC_EnterInitMode                        0x08005847   Thumb Code    56  stm32l0xx_hal_rtc.o(i.RTC_EnterInitMode)
    RTC_IRQHandler                           0x0800587f   Thumb Code     8  mlm32l0xx_it.o(i.RTC_IRQHandler)
    RegionAdrNext                            0x08005887   Thumb Code    30  region.o(i.RegionAdrNext)
    RegionAlternateDr                        0x080058a5   Thumb Code    18  region.o(i.RegionAlternateDr)
    RegionApplyCFList                        0x080058b7   Thumb Code    14  region.o(i.RegionApplyCFList)
    RegionApplyDrOffset                      0x080058c5   Thumb Code    26  region.o(i.RegionApplyDrOffset)
    RegionCalcBackOff                        0x080058df   Thumb Code    14  region.o(i.RegionCalcBackOff)
    RegionChanMaskSet                        0x080058ed   Thumb Code    18  region.o(i.RegionChanMaskSet)
    RegionCommonCalcBackOff                  0x080058ff   Thumb Code    92  regioncommon.o(i.RegionCommonCalcBackOff)
    RegionCommonChanDisable                  0x0800595b   Thumb Code    38  regioncommon.o(i.RegionCommonChanDisable)
    RegionCommonChanMaskCopy                 0x08005981   Thumb Code    30  regioncommon.o(i.RegionCommonChanMaskCopy)
    RegionCommonChanVerifyDr                 0x0800599f   Thumb Code    96  regioncommon.o(i.RegionCommonChanVerifyDr)
    RegionCommonComputeRxWindowParameters    0x080059ff   Thumb Code   144  regioncommon.o(i.RegionCommonComputeRxWindowParameters)
    RegionCommonComputeSymbolTimeFsk         0x08005a91   Thumb Code    20  regioncommon.o(i.RegionCommonComputeSymbolTimeFsk)
    RegionCommonComputeSymbolTimeLoRa        0x08005aa9   Thumb Code    40  regioncommon.o(i.RegionCommonComputeSymbolTimeLoRa)
    RegionCommonComputeTxPower               0x08005ad5   Thumb Code    40  regioncommon.o(i.RegionCommonComputeTxPower)
    RegionCommonCountChannels                0x08005afd   Thumb Code    68  regioncommon.o(i.RegionCommonCountChannels)
    RegionCommonGetJoinDc                    0x08005b41   Thumb Code    26  regioncommon.o(i.RegionCommonGetJoinDc)
    RegionCommonLinkAdrReqVerifyParams       0x08005b69   Thumb Code   152  regioncommon.o(i.RegionCommonLinkAdrReqVerifyParams)
    RegionCommonParseLinkAdrReq              0x08005c01   Thumb Code    54  regioncommon.o(i.RegionCommonParseLinkAdrReq)
    RegionCommonSetBandTxDone                0x08005c37   Thumb Code    10  regioncommon.o(i.RegionCommonSetBandTxDone)
    RegionCommonUpdateBandTimeOff            0x08005c41   Thumb Code   190  regioncommon.o(i.RegionCommonUpdateBandTimeOff)
    RegionCommonValueInRange                 0x08005cff   Thumb Code    16  regioncommon.o(i.RegionCommonValueInRange)
    RegionComputeRxWindowParameters          0x08005d0f   Thumb Code    26  region.o(i.RegionComputeRxWindowParameters)
    RegionDlChannelReq                       0x08005d29   Thumb Code    18  region.o(i.RegionDlChannelReq)
    RegionEU868AdrNext                       0x08005d3d   Thumb Code   116  regioneu868.o(i.RegionEU868AdrNext)
    RegionEU868AlternateDr                   0x08005db5   Thumb Code    64  regioneu868.o(i.RegionEU868AlternateDr)
    RegionEU868ApplyCFList                   0x08005df5   Thumb Code   116  regioneu868.o(i.RegionEU868ApplyCFList)
    RegionEU868ApplyDrOffset                 0x08005e69   Thumb Code    14  regioneu868.o(i.RegionEU868ApplyDrOffset)
    RegionEU868CalcBackOff                   0x08005e79   Thumb Code    48  regioneu868.o(i.RegionEU868CalcBackOff)
    RegionEU868ChanMaskSet                   0x08005eb1   Thumb Code    40  regioneu868.o(i.RegionEU868ChanMaskSet)
    RegionEU868ChannelAdd                    0x08005edd   Thumb Code   210  regioneu868.o(i.RegionEU868ChannelAdd)
    RegionEU868ChannelsRemove                0x08005fb9   Thumb Code    38  regioneu868.o(i.RegionEU868ChannelsRemove)
    RegionEU868ComputeRxWindowParameters     0x08005fe9   Thumb Code    92  regioneu868.o(i.RegionEU868ComputeRxWindowParameters)
    RegionEU868DlChannelReq                  0x0800604d   Thumb Code    56  regioneu868.o(i.RegionEU868DlChannelReq)
    RegionEU868GetPhyParam                   0x08006089   Thumb Code   170  regioneu868.o(i.RegionEU868GetPhyParam)
    RegionEU868InitDefaults                  0x08006159   Thumb Code    66  regioneu868.o(i.RegionEU868InitDefaults)
    RegionEU868LinkAdrReq                    0x080061a9   Thumb Code   270  regioneu868.o(i.RegionEU868LinkAdrReq)
    RegionEU868NewChannelReq                 0x080062c1   Thumb Code    72  regioneu868.o(i.RegionEU868NewChannelReq)
    RegionEU868NextChannel                   0x08006309   Thumb Code   176  regioneu868.o(i.RegionEU868NextChannel)
    RegionEU868RxConfig                      0x080063c1   Thumb Code   202  regioneu868.o(i.RegionEU868RxConfig)
    RegionEU868RxParamSetupReq               0x080064a1   Thumb Code    64  regioneu868.o(i.RegionEU868RxParamSetupReq)
    RegionEU868SetBandTxDone                 0x080064e5   Thumb Code    30  regioneu868.o(i.RegionEU868SetBandTxDone)
    RegionEU868SetContinuousWave             0x0800650d   Thumb Code    60  regioneu868.o(i.RegionEU868SetContinuousWave)
    RegionEU868TxConfig                      0x08006555   Thumb Code   196  regioneu868.o(i.RegionEU868TxConfig)
    RegionEU868TxParamSetupReq               0x08006631   Thumb Code     6  regioneu868.o(i.RegionEU868TxParamSetupReq)
    RegionEU868Verify                        0x08006637   Thumb Code    76  regioneu868.o(i.RegionEU868Verify)
    RegionGetPhyParam                        0x08006683   Thumb Code    20  region.o(i.RegionGetPhyParam)
    RegionInitDefaults                       0x08006697   Thumb Code    14  region.o(i.RegionInitDefaults)
    RegionIsActive                           0x080066a5   Thumb Code    12  region.o(i.RegionIsActive)
    RegionLinkAdrReq                         0x080066b1   Thumb Code    34  region.o(i.RegionLinkAdrReq)
    RegionNewChannelReq                      0x080066d3   Thumb Code    18  region.o(i.RegionNewChannelReq)
    RegionNextChannel                        0x080066e5   Thumb Code    30  region.o(i.RegionNextChannel)
    RegionRxConfig                           0x08006703   Thumb Code    22  region.o(i.RegionRxConfig)
    RegionRxParamSetupReq                    0x08006719   Thumb Code    18  region.o(i.RegionRxParamSetupReq)
    RegionSetBandTxDone                      0x0800672b   Thumb Code    14  region.o(i.RegionSetBandTxDone)
    RegionSetContinuousWave                  0x08006739   Thumb Code    14  region.o(i.RegionSetContinuousWave)
    RegionTxConfig                           0x08006747   Thumb Code    26  region.o(i.RegionTxConfig)
    RegionTxParamSetupReq                    0x08006761   Thumb Code    18  region.o(i.RegionTxParamSetupReq)
    RegionVerify                             0x08006773   Thumb Code    22  region.o(i.RegionVerify)
    SVC_Handler                              0x08006967   Thumb Code     2  mlm32l0xx_it.o(i.SVC_Handler)
    SX1276BoardInit                          0x08006969   Thumb Code     6  sx1276.o(i.SX1276BoardInit)
    SX1276CheckRfFrequency                   0x08006975   Thumb Code     4  mlm32l07x01.o(i.SX1276CheckRfFrequency)
    SX1276GetPaSelect                        0x08006979   Thumb Code    12  mlm32l07x01.o(i.SX1276GetPaSelect)
    SX1276GetRadioWakeUpTime                 0x08006985   Thumb Code    14  sx1276.o(i.SX1276GetRadioWakeUpTime)
    SX1276GetStatus                          0x08006999   Thumb Code     6  sx1276.o(i.SX1276GetStatus)
    SX1276GetTimeOnAir                       0x080069a5   Thumb Code   444  sx1276.o(i.SX1276GetTimeOnAir)
    SX1276GetWakeTime                        0x08006b89   Thumb Code     4  mlm32l07x01.o(i.SX1276GetWakeTime)
    SX1276Init                               0x08006b8d   Thumb Code   122  sx1276.o(i.SX1276Init)
    SX1276IoDeInit                           0x08006c19   Thumb Code    68  mlm32l07x01.o(i.SX1276IoDeInit)
    SX1276IoInit                             0x08006c69   Thumb Code    94  mlm32l07x01.o(i.SX1276IoInit)
    SX1276IoIrqInit                          0x08006cd9   Thumb Code    58  mlm32l07x01.o(i.SX1276IoIrqInit)
    SX1276IsChannelFree                      0x08006d1d   Thumb Code    78  sx1276.o(i.SX1276IsChannelFree)
    SX1276OnDio0Irq                          0x08006d6d   Thumb Code   594  sx1276.o(i.SX1276OnDio0Irq)
    SX1276OnDio1Irq                          0x08006fe9   Thumb Code   194  sx1276.o(i.SX1276OnDio1Irq)
    SX1276OnDio2Irq                          0x080070c1   Thumb Code   166  sx1276.o(i.SX1276OnDio2Irq)
    SX1276OnDio3Irq                          0x08007175   Thumb Code    76  sx1276.o(i.SX1276OnDio3Irq)
    SX1276OnDio4Irq                          0x080071c9   Thumb Code    24  sx1276.o(i.SX1276OnDio4Irq)
    SX1276OnTimeoutIrq                       0x080071e5   Thumb Code   188  sx1276.o(i.SX1276OnTimeoutIrq)
    SX1276Random                             0x080072ad   Thumb Code    62  sx1276.o(i.SX1276Random)
    SX1276Read                               0x080072eb   Thumb Code    16  sx1276.o(i.SX1276Read)
    SX1276ReadBuffer                         0x080072fb   Thumb Code    66  sx1276.o(i.SX1276ReadBuffer)
    SX1276ReadFifo                           0x0800733d   Thumb Code    14  sx1276.o(i.SX1276ReadFifo)
    SX1276ReadRssi                           0x0800734d   Thumb Code    58  sx1276.o(i.SX1276ReadRssi)
    SX1276Reset                              0x08007391   Thumb Code    74  sx1276.o(i.SX1276Reset)
    SX1276Send                               0x080073e1   Thumb Code   230  sx1276.o(i.SX1276Send)
    SX1276SetAntSw                           0x080074d1   Thumb Code    60  mlm32l07x01.o(i.SX1276SetAntSw)
    SX1276SetAntSwLowPower                   0x08007515   Thumb Code   110  mlm32l07x01.o(i.SX1276SetAntSwLowPower)
    SX1276SetChannel                         0x08007589   Thumb Code    72  sx1276.o(i.SX1276SetChannel)
    SX1276SetMaxPayloadLength                0x080075d9   Thumb Code    42  sx1276.o(i.SX1276SetMaxPayloadLength)
    SX1276SetModem                           0x08007609   Thumb Code   106  sx1276.o(i.SX1276SetModem)
    SX1276SetOpMode                          0x08007679   Thumb Code    86  sx1276.o(i.SX1276SetOpMode)
    SX1276SetPublicNetwork                   0x080076d5   Thumb Code    32  sx1276.o(i.SX1276SetPublicNetwork)
    SX1276SetRfTxPower                       0x080076f9   Thumb Code   152  mlm32l07x01.o(i.SX1276SetRfTxPower)
    SX1276SetRx                              0x08007791   Thumb Code   474  sx1276.o(i.SX1276SetRx)
    SX1276SetRxConfig                        0x0800798d   Thumb Code   628  sx1276.o(i.SX1276SetRxConfig)
    SX1276SetSleep                           0x08007c15   Thumb Code    32  sx1276.o(i.SX1276SetSleep)
    SX1276SetStby                            0x08007c39   Thumb Code    32  sx1276.o(i.SX1276SetStby)
    SX1276SetTx                              0x08007c5d   Thumb Code   158  sx1276.o(i.SX1276SetTx)
    SX1276SetTxConfig                        0x08007d01   Thumb Code   490  sx1276.o(i.SX1276SetTxConfig)
    SX1276SetTxContinuousWave                0x08007efd   Thumb Code   120  sx1276.o(i.SX1276SetTxContinuousWave)
    SX1276SetXO                              0x08007f79   Thumb Code    40  mlm32l07x01.o(i.SX1276SetXO)
    SX1276StartCad                           0x08007fa1   Thumb Code    50  sx1276.o(i.SX1276StartCad)
    SX1276Write                              0x08007fd9   Thumb Code    12  sx1276.o(i.SX1276Write)
    SX1276WriteBuffer                        0x08007fe5   Thumb Code    66  sx1276.o(i.SX1276WriteBuffer)
    SX1276WriteFifo                          0x08008027   Thumb Code    14  sx1276.o(i.SX1276WriteFifo)
    Send                                     0x08008141   Thumb Code    54  loramac.o(i.Send)
    SendFrameOnChannel                       0x080081ed   Thumb Code   130  loramac.o(i.SendFrameOnChannel)
    SetTxContinuousWave                      0x08008285   Thumb Code    74  loramac.o(i.SetTxContinuousWave)
    SetTxContinuousWave1                     0x080082d9   Thumb Code    48  loramac.o(i.SetTxContinuousWave1)
    SysTick_Handler                          0x08008315   Thumb Code     8  mlm32l0xx_it.o(i.SysTick_Handler)
    SystemClock_Config                       0x0800831d   Thumb Code   130  mlm32l0xx_hw.o(i.SystemClock_Config)
    SystemInit                               0x080083a9   Thumb Code    66  system_stm32l0xx.o(i.SystemInit)
    TimerGetCurrentTime                      0x080083fd   Thumb Code    12  timeserver.o(i.TimerGetCurrentTime)
    TimerGetElapsedTime                      0x08008409   Thumb Code    24  timeserver.o(i.TimerGetElapsedTime)
    TimerInit                                0x08008421   Thumb Code    14  timeserver.o(i.TimerInit)
    TimerIrqHandler                          0x0800844d   Thumb Code   116  timeserver.o(i.TimerIrqHandler)
    TimerSetValue                            0x080084f1   Thumb Code    34  timeserver.o(i.TimerSetValue)
    TimerStart                               0x08008515   Thumb Code   108  timeserver.o(i.TimerStart)
    TimerStop                                0x08008585   Thumb Code    90  timeserver.o(i.TimerStop)
    UART_AdvFeatureConfig                    0x080085e5   Thumb Code   202  stm32l0xx_hal_uart.o(i.UART_AdvFeatureConfig)
    UART_CheckIdleState                      0x080086b1   Thumb Code    90  stm32l0xx_hal_uart.o(i.UART_CheckIdleState)
    UART_SetConfig                           0x08008711   Thumb Code   510  stm32l0xx_hal_uart.o(i.UART_SetConfig)
    UART_WaitOnFlagUntilTimeout              0x08008941   Thumb Code    98  stm32l0xx_hal_uart.o(i.UART_WaitOnFlagUntilTimeout)
    USART2_IRQHandler                        0x080089a3   Thumb Code     8  mlm32l0xx_it.o(i.USART2_IRQHandler)
    __0vsprintf                              0x08008a8d   Thumb Code    30  printfa.o(i.__0vsprintf)
    __1vsprintf                              0x08008a8d   Thumb Code     0  printfa.o(i.__0vsprintf)
    __2vsprintf                              0x08008a8d   Thumb Code     0  printfa.o(i.__0vsprintf)
    __c89vsprintf                            0x08008a8d   Thumb Code     0  printfa.o(i.__0vsprintf)
    vsprintf                                 0x08008a8d   Thumb Code     0  printfa.o(i.__0vsprintf)
    __ARM_clz                                0x08008ab1   Thumb Code    46  depilogue.o(i.__ARM_clz)
    __ARM_common_ll_muluu                    0x08008adf   Thumb Code    48  hw_rtc.o(i.__ARM_common_ll_muluu)
    __ARM_common_switch8                     0x08008b0f   Thumb Code    26  hts221_driver_hl.o(i.__ARM_common_switch8)
    __scatterload_copy                       0x08008b29   Thumb Code    14  handlers.o(i.__scatterload_copy)
    __scatterload_null                       0x08008b37   Thumb Code     2  handlers.o(i.__scatterload_null)
    __scatterload_zeroinit                   0x08008b39   Thumb Code    14  handlers.o(i.__scatterload_zeroinit)
    aes_encrypt                              0x080093ff   Thumb Code    84  aes.o(i.aes_encrypt)
    aes_set_key                              0x08009455   Thumb Code   248  aes.o(i.aes_set_key)
    ceil                                     0x08009551   Thumb Code   180  ceil.o(i.ceil)
    floor                                    0x080096e1   Thumb Code   180  floor.o(i.floor)
    lora_Init                                0x080097a9   Thumb Code   130  lora.o(i.lora_Init)
    lora_fsm                                 0x0800987d   Thumb Code   248  lora.o(i.lora_fsm)
    lora_getDeviceState                      0x0800999d   Thumb Code     6  lora.o(i.lora_getDeviceState)
    main                                     0x080099a9   Thumb Code    56  main.o(i.main)
    memcpy1                                  0x080099f9   Thumb Code    22  utilities.o(i.memcpy1)
    memcpyr                                  0x08009a0f   Thumb Code    26  utilities.o(i.memcpyr)
    memset1                                  0x08009a29   Thumb Code    18  utilities.o(i.memset1)
    rand1                                    0x08009c55   Thumb Code    26  utilities.o(i.rand1)
    randr                                    0x08009c81   Thumb Code    22  utilities.o(i.randr)
    round                                    0x08009c99   Thumb Code   142  round.o(i.round)
    srand1                                   0x08009d9d   Thumb Code     6  utilities.o(i.srand1)
    vcom_Init                                0x08009da9   Thumb Code    58  vcom.o(i.vcom_Init)
    vcom_IoDeInit                            0x08009ded   Thumb Code    80  vcom.o(i.vcom_IoDeInit)
    vcom_IoInit                              0x08009e41   Thumb Code    86  vcom.o(i.vcom_IoInit)
    vcom_Print                               0x08009e9d   Thumb Code    72  vcom.o(i.vcom_Print)
    vcom_Send                                0x08009ef1   Thumb Code   114  vcom.o(i.vcom_Send)
    RadioRegsInit                            0x08009ff0   Data          48  sx1276.o(.constdata)
    FskBandwidths                            0x0800a020   Data         176  sx1276.o(.constdata)
    Radio                                    0x0800a0d0   Data         104  mlm32l07x01.o(.constdata)
    BUTTON_IRQn                              0x0800a138   Data           1  b-l072z-lrwan1.o(.constdata)
    BUTTON_PIN                               0x0800a13a   Data           2  b-l072z-lrwan1.o(.constdata)
    LED_PIN                                  0x0800a13c   Data           8  b-l072z-lrwan1.o(.constdata)
    AHBPrescTable                            0x0800a144   Data          16  system_stm32l0xx.o(.constdata)
    PLLMulTable                              0x0800a154   Data           9  system_stm32l0xx.o(.constdata)
    APBPrescTable                            0x0800a15d   Data           8  system_stm32l0xx.o(.constdata)
    Region$$Table$$Base                      0x0800a4ec   Number         0  anon$$obj.o(Region$$Table)
    Region$$Table$$Limit                     0x0800a50c   Number         0  anon$$obj.o(Region$$Table)
    DioIrq                                   0x20000008   Data          24  sx1276.o(.data)
    BUTTON_PORT                              0x20000038   Data           4  b-l072z-lrwan1.o(.data)
    LED_PORT                                 0x2000003c   Data          16  b-l072z-lrwan1.o(.data)
    SystemCoreClock                          0x2000004c   Data           4  system_stm32l0xx.o(.data)
    uwTick                                   0x20000050   Data           4  stm32l0xx_hal.o(.data)
    iw                                       0x20000080   Data           2  vcom.o(.data)
    LoRaMacFlags                             0x200000da   Data           1  loramac.o(.data)
    LoRaMacState                             0x200000f8   Data           4  loramac.o(.data)
    TxTimeOnAir                              0x200000fc   Data           4  loramac.o(.data)
    SX1276                                   0x200002ac   Data         104  sx1276.o(.bss)
    TxTimeoutTimer                           0x20000314   Data          20  sx1276.o(.bss)
    RxTimeoutTimer                           0x20000328   Data          20  sx1276.o(.bss)
    RxTimeoutSyncWord                        0x2000033c   Data          20  sx1276.o(.bss)
    ComplianceTest                           0x200006a0   Data          20  lora.o(.bss)
    LoRaMacParams                            0x200009d4   Data          56  loramac.o(.bss)
    LoRaMacParamsDefaults                    0x20000a0c   Data          56  loramac.o(.bss)
    __initial_sp                             0x20001210   Data           0  startup_stm32l072xx.o(STACK)



==============================================================================

Memory Map of the image

  Image Entry point : 0x080000c1

  Load Region LR_IROM1 (Base: 0x08000000, Size: 0x0000a6b8, Max: 0x00030000, ABSOLUTE, COMPRESSED[0x0000a598])

    Execution Region ER_IROM1 (Base: 0x08000000, Size: 0x0000a50c, Max: 0x00030000, ABSOLUTE)

    Base Addr    Size         Type   Attr      Idx    E Section Name        Object

    0x08000000   0x000000c0   Data   RO         6014    RESET               startup_stm32l072xx.o
    0x080000c0   0x00000000   Code   RO         9341  * .ARM.Collect$$$$00000000  mc_p.l(entry.o)
    0x080000c0   0x00000004   Code   RO         9655    .ARM.Collect$$$$00000001  mc_p.l(entry2.o)
    0x080000c4   0x00000004   Code   RO         9658    .ARM.Collect$$$$00000004  mc_p.l(entry5.o)
    0x080000c8   0x00000000   Code   RO         9660    .ARM.Collect$$$$00000008  mc_p.l(entry7b.o)
    0x080000c8   0x00000000   Code   RO         9662    .ARM.Collect$$$$0000000A  mc_p.l(entry8b.o)
    0x080000c8   0x00000008   Code   RO         9663    .ARM.Collect$$$$0000000B  mc_p.l(entry9a.o)
    0x080000d0   0x00000000   Code   RO         9665    .ARM.Collect$$$$0000000D  mc_p.l(entry10a.o)
    0x080000d0   0x00000000   Code   RO         9667    .ARM.Collect$$$$0000000F  mc_p.l(entry11a.o)
    0x080000d0   0x00000004   Code   RO         9656    .ARM.Collect$$$$00002712  mc_p.l(entry2.o)
    0x080000d4   0x0000001c   Code   RO         6015    .text               startup_stm32l072xx.o
    0x080000f0   0x0000002c   Code   RO         9344    .text               mc_p.l(uidiv.o)
    0x0800011c   0x00000028   Code   RO         9346    .text               mc_p.l(idiv.o)
    0x08000144   0x00000060   Code   RO         9348    .text               mc_p.l(uldiv.o)
    0x080001a4   0x00000024   Code   RO         9350    .text               mc_p.l(memcpya.o)
    0x080001c8   0x00000024   Code   RO         9352    .text               mc_p.l(memseta.o)
    0x080001ec   0x00000014   Code   RO         9617    .text               mc_p.l(uread4.o)
    0x08000200   0x000000b2   Code   RO         9619    .text               mf_p.l(fadd.o)
    0x080002b2   0x0000007a   Code   RO         9621    .text               mf_p.l(fmul.o)
    0x0800032c   0x0000007c   Code   RO         9623    .text               mf_p.l(fdiv.o)
    0x080003a8   0x00000164   Code   RO         9625    .text               mf_p.l(dadd.o)
    0x0800050c   0x000000d0   Code   RO         9627    .text               mf_p.l(dmul.o)
    0x080005dc   0x000000f0   Code   RO         9629    .text               mf_p.l(ddiv.o)
    0x080006cc   0x0000002c   Code   RO         9631    .text               mf_p.l(dscalb.o)
    0x080006f8   0x0000000e   Code   RO         9635    .text               mf_p.l(ffltui.o)
    0x08000706   0x00000002   PAD
    0x08000708   0x00000028   Code   RO         9637    .text               mf_p.l(dflti.o)
    0x08000730   0x0000001c   Code   RO         9639    .text               mf_p.l(dfltui.o)
    0x0800074c   0x00000032   Code   RO         9641    .text               mf_p.l(ffixi.o)
    0x0800077e   0x00000028   Code   RO         9643    .text               mf_p.l(ffixui.o)
    0x080007a6   0x00000002   PAD
    0x080007a8   0x00000048   Code   RO         9645    .text               mf_p.l(dfixi.o)
    0x080007f0   0x0000003c   Code   RO         9647    .text               mf_p.l(dfixui.o)
    0x0800082c   0x00000028   Code   RO         9649    .text               mf_p.l(f2d.o)
    0x08000854   0x00000028   Code   RO         9651    .text               mf_p.l(cdrcmple.o)
    0x0800087c   0x00000020   Code   RO         9672    .text               mc_p.l(llshl.o)
    0x0800089c   0x00000022   Code   RO         9674    .text               mc_p.l(llushr.o)
    0x080008be   0x00000026   Code   RO         9676    .text               mc_p.l(llsshr.o)
    0x080008e4   0x00000000   Code   RO         9678    .text               mc_p.l(iusefp.o)
    0x080008e4   0x00000082   Code   RO         9679    .text               mf_p.l(fepilogue.o)
    0x08000966   0x000000be   Code   RO         9681    .text               mf_p.l(depilogue.o)
    0x08000a24   0x0000007c   Code   RO         9685    .text               mf_p.l(drnd.o)
    0x08000aa0   0x00000040   Code   RO         9687    .text               mf_p.l(dfixul.o)
    0x08000ae0   0x00000028   Code   RO         9689    .text               mf_p.l(cdcmple.o)
    0x08000b08   0x00000024   Code   RO         9691    .text               mc_p.l(init.o)
    0x08000b2c   0x00000056   Code   RO         9703    .text               mc_p.l(__dczerorl2.o)
    0x08000b82   0x00000002   PAD
    0x08000b84   0x00000024   Code   RO         3484    i.ADC_DelayMicroSecond  stm32l0xx_hal_adc.o
    0x08000ba8   0x00000064   Code   RO         3486    i.ADC_Enable        stm32l0xx_hal_adc.o
    0x08000c0c   0x0000013c   Code   RO         9295    i.AES_CMAC_Final    cmac.o
    0x08000d48   0x00000020   Code   RO         9296    i.AES_CMAC_Init     cmac.o
    0x08000d68   0x00000010   Code   RO         9297    i.AES_CMAC_SetKey   cmac.o
    0x08000d78   0x000000be   Code   RO         9298    i.AES_CMAC_Update   cmac.o
    0x08000e36   0x00000002   PAD
    0x08000e38   0x00000098   Code   RO         6773    i.AddMacCommand     loramac.o
    0x08000ed0   0x00000064   Code   RO         2807    i.BSP_LED_Init      b-l072z-lrwan1.o
    0x08000f34   0x00000020   Code   RO         2808    i.BSP_LED_Off       b-l072z-lrwan1.o
    0x08000f54   0x00000020   Code   RO         2809    i.BSP_LED_On        b-l072z-lrwan1.o
    0x08000f74   0x00000002   Code   RO         6021    i.BSP_sensor_Init   bsp.o
    0x08000f76   0x00000002   PAD
    0x08000f78   0x0000001c   Code   RO         6022    i.BSP_sensor_Read   bsp.o
    0x08000f94   0x0000003c   Code   RO         6774    i.CalculateBackOff  loramac.o
    0x08000fd0   0x0000009e   Code   RO         8173    i.CountNbOfEnabledChannels  regioneu868.o
    0x0800106e   0x00000002   PAD
    0x08001070   0x00000060   Code   RO         6053    i.DBG_Init          debug.o
    0x080010d0   0x00000008   Code   RO         9034    i.DelayMs           delay.o
    0x080010d8   0x00000010   Code   RO         6598    i.EXTI0_1_IRQHandler  mlm32l0xx_it.o
    0x080010e8   0x00000010   Code   RO         6599    i.EXTI2_3_IRQHandler  mlm32l0xx_it.o
    0x080010f8   0x0000005c   Code   RO         6600    i.EXTI4_15_IRQHandler  mlm32l0xx_it.o
    0x08001154   0x00000002   Code   RO         6054    i.Error_Handler     debug.o
    0x08001156   0x00000002   PAD
    0x08001158   0x00000024   Code   RO         8174    i.GetBandwidth      regioneu868.o
    0x0800117c   0x0000002c   Code   RO         1710    i.GetFskBandwidthRegValue  sx1276.o
    0x080011a8   0x000000aa   Code   RO         5474    i.HAL_ADCEx_Calibration_Start  stm32l0xx_hal_adc_ex.o
    0x08001252   0x00000002   PAD
    0x08001254   0x00000094   Code   RO         3488    i.HAL_ADC_ConfigChannel  stm32l0xx_hal_adc.o
    0x080012e8   0x00000006   Code   RO         3495    i.HAL_ADC_GetValue  stm32l0xx_hal_adc.o
    0x080012ee   0x00000002   PAD
    0x080012f0   0x000001c4   Code   RO         3497    i.HAL_ADC_Init      stm32l0xx_hal_adc.o
    0x080014b4   0x00000002   Code   RO         3500    i.HAL_ADC_MspInit   stm32l0xx_hal_adc.o
    0x080014b6   0x000000be   Code   RO         3501    i.HAL_ADC_PollForConversion  stm32l0xx_hal_adc.o
    0x08001574   0x0000005c   Code   RO         3503    i.HAL_ADC_Start     stm32l0xx_hal_adc.o
    0x080015d0   0x00000010   Code   RO         3888    i.HAL_DBGMCU_DisableDBGSleepMode  stm32l0xx_hal.o
    0x080015e0   0x00000010   Code   RO         3889    i.HAL_DBGMCU_DisableDBGStandbyMode  stm32l0xx_hal.o
    0x080015f0   0x00000010   Code   RO         3890    i.HAL_DBGMCU_DisableDBGStopMode  stm32l0xx_hal.o
    0x08001600   0x00000008   Code   RO         6434    i.HAL_GPIO_EXTI_Callback  mlm32l0xx_hal_msp.o
    0x08001608   0x00000018   Code   RO         4155    i.HAL_GPIO_EXTI_IRQHandler  stm32l0xx_hal_gpio.o
    0x08001620   0x00000184   Code   RO         4156    i.HAL_GPIO_Init     stm32l0xx_hal_gpio.o
    0x080017a4   0x0000000c   Code   RO         4160    i.HAL_GPIO_WritePin  stm32l0xx_hal_gpio.o
    0x080017b0   0x0000000c   Code   RO         3899    i.HAL_GetTick       stm32l0xx_hal.o
    0x080017bc   0x00000010   Code   RO         3900    i.HAL_IncTick       stm32l0xx_hal.o
    0x080017cc   0x00000020   Code   RO         3901    i.HAL_Init          stm32l0xx_hal.o
    0x080017ec   0x00000004   Code   RO         6435    i.HAL_InitTick      mlm32l0xx_hal_msp.o
    0x080017f0   0x00000030   Code   RO         6436    i.HAL_MspInit       mlm32l0xx_hal_msp.o
    0x08001820   0x00000014   Code   RO         4054    i.HAL_NVIC_ClearPendingIRQ  stm32l0xx_hal_cortex.o
    0x08001834   0x00000014   Code   RO         4056    i.HAL_NVIC_EnableIRQ  stm32l0xx_hal_cortex.o
    0x08001848   0x0000001c   Code   RO         4057    i.HAL_NVIC_GetPendingIRQ  stm32l0xx_hal_cortex.o
    0x08001864   0x00000014   Code   RO         4059    i.HAL_NVIC_SetPendingIRQ  stm32l0xx_hal_cortex.o
    0x08001878   0x00000008   Code   RO         4060    i.HAL_NVIC_SetPriority  stm32l0xx_hal_cortex.o
    0x08001880   0x00000010   Code   RO         4413    i.HAL_PWREx_EnableFastWakeUp  stm32l0xx_hal_pwr_ex.o
    0x08001890   0x00000010   Code   RO         4415    i.HAL_PWREx_EnableUltraLowPower  stm32l0xx_hal_pwr_ex.o
    0x080018a0   0x00000010   Code   RO         4297    i.HAL_PWR_DisablePVD  stm32l0xx_hal_pwr.o
    0x080018b0   0x00000030   Code   RO         4306    i.HAL_PWR_EnterSLEEPMode  stm32l0xx_hal_pwr.o
    0x080018e0   0x00000034   Code   RO         4308    i.HAL_PWR_EnterSTOPMode  stm32l0xx_hal_pwr.o
    0x08001914   0x000001c0   Code   RO         3773    i.HAL_RCCEx_GetPeriphCLKFreq  stm32l0xx_hal_rcc_ex.o
    0x08001ad4   0x0000018c   Code   RO         3776    i.HAL_RCCEx_PeriphCLKConfig  stm32l0xx_hal_rcc_ex.o
    0x08001c60   0x00000168   Code   RO         3662    i.HAL_RCC_ClockConfig  stm32l0xx_hal_rcc.o
    0x08001dc8   0x00000020   Code   RO         3668    i.HAL_RCC_GetPCLK1Freq  stm32l0xx_hal_rcc.o
    0x08001de8   0x00000020   Code   RO         3669    i.HAL_RCC_GetPCLK2Freq  stm32l0xx_hal_rcc.o
    0x08001e08   0x00000078   Code   RO         3670    i.HAL_RCC_GetSysClockFreq  stm32l0xx_hal_rcc.o
    0x08001e80   0x0000045c   Code   RO         3673    i.HAL_RCC_OscConfig  stm32l0xx_hal_rcc.o
    0x080022dc   0x0000003c   Code   RO         4608    i.HAL_RTCEx_EnableBypassShadow  stm32l0xx_hal_rtc_ex.o
    0x08002318   0x00000008   Code   RO         6437    i.HAL_RTC_AlarmAEventCallback  mlm32l0xx_hal_msp.o
    0x08002320   0x000000b8   Code   RO         4469    i.HAL_RTC_DeactivateAlarm  stm32l0xx_hal_rtc.o
    0x080023d8   0x0000008c   Code   RO         4470    i.HAL_RTC_GetAlarm  stm32l0xx_hal_rtc.o
    0x08002464   0x00000044   Code   RO         4471    i.HAL_RTC_GetDate   stm32l0xx_hal_rtc.o
    0x080024a8   0x0000005c   Code   RO         4473    i.HAL_RTC_GetTime   stm32l0xx_hal_rtc.o
    0x08002504   0x000000a4   Code   RO         4474    i.HAL_RTC_Init      stm32l0xx_hal_rtc.o
    0x080025a8   0x0000005c   Code   RO         6439    i.HAL_RTC_MspInit   mlm32l0xx_hal_msp.o
    0x08002604   0x000001a0   Code   RO         4479    i.HAL_RTC_SetAlarm_IT  stm32l0xx_hal_rtc.o
    0x080027a4   0x000000cc   Code   RO         4480    i.HAL_RTC_SetDate   stm32l0xx_hal_rtc.o
    0x08002870   0x000000f0   Code   RO         4481    i.HAL_RTC_SetTime   stm32l0xx_hal_rtc.o
    0x08002960   0x00000034   Code   RO         4482    i.HAL_RTC_WaitForSynchro  stm32l0xx_hal_rtc.o
    0x08002994   0x00000084   Code   RO         2911    i.HAL_SPI_Init      stm32l0xx_hal_spi.o
    0x08002a18   0x00000002   Code   RO         2913    i.HAL_SPI_MspInit   stm32l0xx_hal_spi.o
    0x08002a1a   0x000002b8   Code   RO         2920    i.HAL_SPI_TransmitReceive  stm32l0xx_hal_spi.o
    0x08002cd2   0x0000006c   Code   RO         3164    i.HAL_UART_Init     stm32l0xx_hal_uart.o
    0x08002d3e   0x00000002   PAD
    0x08002d40   0x00000018   Code   RO         6352    i.HAL_UART_MspInit  vcom.o
    0x08002d58   0x000000c8   Code   RO         3172    i.HAL_UART_Transmit  stm32l0xx_hal_uart.o
    0x08002e20   0x0000005c   Code   RO         6496    i.HW_AdcInit        mlm32l0xx_hw.o
    0x08002e7c   0x00000094   Code   RO         6497    i.HW_AdcReadChannel  mlm32l0xx_hw.o
    0x08002f10   0x0000000c   Code   RO         6499    i.HW_EnterSleepMode  mlm32l0xx_hw.o
    0x08002f1c   0x00000078   Code   RO         6500    i.HW_EnterStopMode  mlm32l0xx_hw.o
    0x08002f94   0x00000058   Code   RO         6501    i.HW_ExitStopMode   mlm32l0xx_hw.o
    0x08002fec   0x00000038   Code   RO         6079    i.HW_GPIO_GetBitPos  hw_gpio.o
    0x08003024   0x00000054   Code   RO         6080    i.HW_GPIO_Init      hw_gpio.o
    0x08003078   0x00000018   Code   RO         6081    i.HW_GPIO_IrqHandler  hw_gpio.o
    0x08003090   0x00000034   Code   RO         6083    i.HW_GPIO_SetIrq    hw_gpio.o
    0x080030c4   0x0000000a   Code   RO         6084    i.HW_GPIO_Write     hw_gpio.o
    0x080030ce   0x00000002   PAD
    0x080030d0   0x00000050   Code   RO         6502    i.HW_GetBatteryLevel  mlm32l0xx_hw.o
    0x08003120   0x00000014   Code   RO         6503    i.HW_GetRandomSeed  mlm32l0xx_hw.o
    0x08003134   0x00000044   Code   RO         6505    i.HW_GetUniqueId    mlm32l0xx_hw.o
    0x08003178   0x000000b0   Code   RO         6506    i.HW_GpioInit       mlm32l0xx_hw.o
    0x08003228   0x0000004c   Code   RO         6507    i.HW_Init           mlm32l0xx_hw.o
    0x08003274   0x00000026   Code   RO         6130    i.HW_RTC_DelayMs    hw_rtc.o
    0x0800329a   0x00000002   PAD
    0x0800329c   0x000000a4   Code   RO         6131    i.HW_RTC_GetCalendarValue  hw_rtc.o
    0x08003340   0x00000004   Code   RO         6132    i.HW_RTC_GetMinimumTimeout  hw_rtc.o
    0x08003344   0x0000000c   Code   RO         6133    i.HW_RTC_GetTimerContext  hw_rtc.o
    0x08003350   0x0000001c   Code   RO         6134    i.HW_RTC_GetTimerElapsedTime  hw_rtc.o
    0x0800336c   0x00000010   Code   RO         6135    i.HW_RTC_GetTimerValue  hw_rtc.o
    0x0800337c   0x0000002c   Code   RO         6136    i.HW_RTC_Init       hw_rtc.o
    0x080033a8   0x0000003c   Code   RO         6137    i.HW_RTC_IrqHandler  hw_rtc.o
    0x080033e4   0x00000044   Code   RO         6138    i.HW_RTC_SetAlarm   hw_rtc.o
    0x08003428   0x00000060   Code   RO         6139    i.HW_RTC_SetConfig  hw_rtc.o
    0x08003488   0x00000018   Code   RO         6140    i.HW_RTC_SetTimerContext  hw_rtc.o
    0x080034a0   0x00000118   Code   RO         6141    i.HW_RTC_StartWakeUpAlarm  hw_rtc.o
    0x080035b8   0x00000020   Code   RO         6142    i.HW_RTC_StopAlarm  hw_rtc.o
    0x080035d8   0x00000010   Code   RO         6143    i.HW_RTC_Tick2ms    hw_rtc.o
    0x080035e8   0x00000010   Code   RO         6145    i.HW_RTC_ms2Tick    hw_rtc.o
    0x080035f8   0x00000074   Code   RO         6146    i.HW_RTC_setMcuWakeUpTime  hw_rtc.o
    0x0800366c   0x00000020   Code   RO         6250    i.HW_SPI_InOut      hw_spi.o
    0x0800368c   0x00000084   Code   RO         6251    i.HW_SPI_Init       hw_spi.o
    0x08003710   0x00000060   Code   RO         6253    i.HW_SPI_IoInit     hw_spi.o
    0x08003770   0x00000004   Code   RO         6601    i.HardFault_Handler  mlm32l0xx_it.o
    0x08003774   0x0000007c   Code   RO         7010    i.LoRaMacComputeMic  loramaccrypto.o
    0x080037f0   0x00000234   Code   RO         6777    i.LoRaMacInitialization  loramac.o
    0x08003a24   0x00000048   Code   RO         7011    i.LoRaMacJoinComputeMic  loramaccrypto.o
    0x08003a6c   0x00000088   Code   RO         7012    i.LoRaMacJoinComputeSKeys  loramaccrypto.o
    0x08003af4   0x00000040   Code   RO         7013    i.LoRaMacJoinDecrypt  loramaccrypto.o
    0x08003b34   0x0000012c   Code   RO         6778    i.LoRaMacMcpsRequest  loramac.o
    0x08003c60   0x000000f8   Code   RO         6779    i.LoRaMacMibGetRequestConfirm  loramac.o
    0x08003d58   0x0000026c   Code   RO         6780    i.LoRaMacMibSetRequestConfirm  loramac.o
    0x08003fc4   0x00000138   Code   RO         6781    i.LoRaMacMlmeRequest  loramac.o
    0x080040fc   0x00000010   Code   RO         7014    i.LoRaMacPayloadDecrypt  loramaccrypto.o
    0x0800410c   0x000000c0   Code   RO         7015    i.LoRaMacPayloadEncrypt  loramaccrypto.o
    0x080041cc   0x000000b8   Code   RO         6784    i.LoRaMacQueryTxPossible  loramac.o
    0x08004284   0x00000020   Code   RO         6787    i.LoRaMacTestSetDutyCycleOn  loramac.o
    0x080042a4   0x00000068   Code   RO         6295    i.LoraRxData        main.o
    0x0800430c   0x000000e8   Code   RO         6296    i.LoraTxData        main.o
    0x080043f4   0x00000018   Code   RO         9059    i.LowPower_Disable  low_power.o
    0x0800440c   0x00000018   Code   RO         9060    i.LowPower_Enable   low_power.o
    0x08004424   0x0000000c   Code   RO         9061    i.LowPower_GetState  low_power.o
    0x08004430   0x00000024   Code   RO         9062    i.LowPower_Handler  low_power.o
    0x08004454   0x00000030   Code   RO         6440    i.MSP_GetIRQn       mlm32l0xx_hal_msp.o
    0x08004484   0x0000000c   Code   RO         6697    i.McpsConfirm       lora.o
    0x08004490   0x000001b0   Code   RO         6698    i.McpsIndication    lora.o
    0x08004640   0x00000048   Code   RO         6699    i.MlmeConfirm       lora.o
    0x08004688   0x00000002   Code   RO         6603    i.NMI_Handler       mlm32l0xx_it.o
    0x0800468a   0x00000002   PAD
    0x0800468c   0x00000044   Code   RO         4066    i.NVIC_SetPriority  stm32l0xx_hal_cortex.o
    0x080046d0   0x00000038   Code   RO         6789    i.OnAckTimeoutTimerEvent  loramac.o
    0x08004708   0x00000230   Code   RO         6790    i.OnMacStateCheckTimerEvent  loramac.o
    0x08004938   0x000004d4   Code   RO         6791    i.OnRadioRxDone     loramac.o
    0x08004e0c   0x00000060   Code   RO         6792    i.OnRadioRxError    loramac.o
    0x08004e6c   0x00000068   Code   RO         6793    i.OnRadioRxTimeout  loramac.o
    0x08004ed4   0x000000ec   Code   RO         6794    i.OnRadioTxDone     loramac.o
    0x08004fc0   0x0000003c   Code   RO         6795    i.OnRadioTxTimeout  loramac.o
    0x08004ffc   0x00000060   Code   RO         6796    i.OnRxWindow1TimerEvent  loramac.o
    0x0800505c   0x0000005c   Code   RO         6797    i.OnRxWindow2TimerEvent  loramac.o
    0x080050b8   0x0000002c   Code   RO         6700    i.OnSendEvent       lora.o
    0x080050e4   0x0000000a   Code   RO         6297    i.OnTimerLedEvent   main.o
    0x080050ee   0x00000002   PAD
    0x080050f0   0x00000070   Code   RO         6798    i.OnTxDelayedTimerEvent  loramac.o
    0x08005160   0x00000014   Code   RO         6701    i.OnTxNextPacketTimerEvent  lora.o
    0x08005174   0x00000054   Code   RO         6799    i.ParseMacCommandsToRepeat  loramac.o
    0x080051c8   0x00000002   Code   RO         6604    i.PendSV_Handler    mlm32l0xx_it.o
    0x080051ca   0x00000002   PAD
    0x080051cc   0x00000280   Code   RO         6800    i.PrepareFrame      loramac.o
    0x0800544c   0x0000003c   Code   RO         6801    i.PrepareRxDoneAbort  loramac.o
    0x08005488   0x00000070   Code   RO         6702    i.PrepareTxFrame    lora.o
    0x080054f8   0x000002b8   Code   RO         6802    i.ProcessMacCommands  loramac.o
    0x080057b0   0x00000070   Code   RO         3674    i.RCC_SetFlashLatencyFromMSIRange  stm32l0xx_hal_rcc.o
    0x08005820   0x00000010   Code   RO         4483    i.RTC_Bcd2ToByte    stm32l0xx_hal_rtc.o
    0x08005830   0x00000016   Code   RO         4484    i.RTC_ByteToBcd2    stm32l0xx_hal_rtc.o
    0x08005846   0x00000038   Code   RO         4485    i.RTC_EnterInitMode  stm32l0xx_hal_rtc.o
    0x0800587e   0x00000008   Code   RO         6605    i.RTC_IRQHandler    mlm32l0xx_it.o
    0x08005886   0x0000001e   Code   RO         7076    i.RegionAdrNext     region.o
    0x080058a4   0x00000012   Code   RO         7077    i.RegionAlternateDr  region.o
    0x080058b6   0x0000000e   Code   RO         7078    i.RegionApplyCFList  region.o
    0x080058c4   0x0000001a   Code   RO         7079    i.RegionApplyDrOffset  region.o
    0x080058de   0x0000000e   Code   RO         7080    i.RegionCalcBackOff  region.o
    0x080058ec   0x00000012   Code   RO         7081    i.RegionChanMaskSet  region.o
    0x080058fe   0x0000005c   Code   RO         7902    i.RegionCommonCalcBackOff  regioncommon.o
    0x0800595a   0x00000026   Code   RO         7903    i.RegionCommonChanDisable  regioncommon.o
    0x08005980   0x0000001e   Code   RO         7904    i.RegionCommonChanMaskCopy  regioncommon.o
    0x0800599e   0x00000060   Code   RO         7905    i.RegionCommonChanVerifyDr  regioncommon.o
    0x080059fe   0x00000090   Code   RO         7906    i.RegionCommonComputeRxWindowParameters  regioncommon.o
    0x08005a8e   0x00000002   PAD
    0x08005a90   0x00000018   Code   RO         7907    i.RegionCommonComputeSymbolTimeFsk  regioncommon.o
    0x08005aa8   0x0000002c   Code   RO         7908    i.RegionCommonComputeSymbolTimeLoRa  regioncommon.o
    0x08005ad4   0x00000028   Code   RO         7909    i.RegionCommonComputeTxPower  regioncommon.o
    0x08005afc   0x00000044   Code   RO         7910    i.RegionCommonCountChannels  regioncommon.o
    0x08005b40   0x00000028   Code   RO         7911    i.RegionCommonGetJoinDc  regioncommon.o
    0x08005b68   0x00000098   Code   RO         7912    i.RegionCommonLinkAdrReqVerifyParams  regioncommon.o
    0x08005c00   0x00000036   Code   RO         7913    i.RegionCommonParseLinkAdrReq  regioncommon.o
    0x08005c36   0x0000000a   Code   RO         7914    i.RegionCommonSetBandTxDone  regioncommon.o
    0x08005c40   0x000000be   Code   RO         7915    i.RegionCommonUpdateBandTimeOff  regioncommon.o
    0x08005cfe   0x00000010   Code   RO         7916    i.RegionCommonValueInRange  regioncommon.o
    0x08005d0e   0x0000001a   Code   RO         7084    i.RegionComputeRxWindowParameters  region.o
    0x08005d28   0x00000012   Code   RO         7085    i.RegionDlChannelReq  region.o
    0x08005d3a   0x00000002   PAD
    0x08005d3c   0x00000078   Code   RO         8175    i.RegionEU868AdrNext  regioneu868.o
    0x08005db4   0x00000040   Code   RO         8176    i.RegionEU868AlternateDr  regioneu868.o
    0x08005df4   0x00000074   Code   RO         8177    i.RegionEU868ApplyCFList  regioneu868.o
    0x08005e68   0x0000000e   Code   RO         8178    i.RegionEU868ApplyDrOffset  regioneu868.o
    0x08005e76   0x00000002   PAD
    0x08005e78   0x00000038   Code   RO         8179    i.RegionEU868CalcBackOff  regioneu868.o
    0x08005eb0   0x0000002c   Code   RO         8180    i.RegionEU868ChanMaskSet  regioneu868.o
    0x08005edc   0x000000dc   Code   RO         8181    i.RegionEU868ChannelAdd  regioneu868.o
    0x08005fb8   0x00000030   Code   RO         8182    i.RegionEU868ChannelsRemove  regioneu868.o
    0x08005fe8   0x00000064   Code   RO         8183    i.RegionEU868ComputeRxWindowParameters  regioneu868.o
    0x0800604c   0x0000003c   Code   RO         8184    i.RegionEU868DlChannelReq  regioneu868.o
    0x08006088   0x000000d0   Code   RO         8185    i.RegionEU868GetPhyParam  regioneu868.o
    0x08006158   0x00000050   Code   RO         8186    i.RegionEU868InitDefaults  regioneu868.o
    0x080061a8   0x00000118   Code   RO         8187    i.RegionEU868LinkAdrReq  regioneu868.o
    0x080062c0   0x00000048   Code   RO         8188    i.RegionEU868NewChannelReq  regioneu868.o
    0x08006308   0x000000b8   Code   RO         8189    i.RegionEU868NextChannel  regioneu868.o
    0x080063c0   0x000000e0   Code   RO         8190    i.RegionEU868RxConfig  regioneu868.o
    0x080064a0   0x00000044   Code   RO         8191    i.RegionEU868RxParamSetupReq  regioneu868.o
    0x080064e4   0x00000028   Code   RO         8192    i.RegionEU868SetBandTxDone  regioneu868.o
    0x0800650c   0x00000048   Code   RO         8193    i.RegionEU868SetContinuousWave  regioneu868.o
    0x08006554   0x000000dc   Code   RO         8194    i.RegionEU868TxConfig  regioneu868.o
    0x08006630   0x00000006   Code   RO         8195    i.RegionEU868TxParamSetupReq  regioneu868.o
    0x08006636   0x0000004c   Code   RO         8196    i.RegionEU868Verify  regioneu868.o
    0x08006682   0x00000014   Code   RO         7086    i.RegionGetPhyParam  region.o
    0x08006696   0x0000000e   Code   RO         7087    i.RegionInitDefaults  region.o
    0x080066a4   0x0000000c   Code   RO         7088    i.RegionIsActive    region.o
    0x080066b0   0x00000022   Code   RO         7089    i.RegionLinkAdrReq  region.o
    0x080066d2   0x00000012   Code   RO         7090    i.RegionNewChannelReq  region.o
    0x080066e4   0x0000001e   Code   RO         7091    i.RegionNextChannel  region.o
    0x08006702   0x00000016   Code   RO         7092    i.RegionRxConfig    region.o
    0x08006718   0x00000012   Code   RO         7093    i.RegionRxParamSetupReq  region.o
    0x0800672a   0x0000000e   Code   RO         7094    i.RegionSetBandTxDone  region.o
    0x08006738   0x0000000e   Code   RO         7095    i.RegionSetContinuousWave  region.o
    0x08006746   0x0000001a   Code   RO         7096    i.RegionTxConfig    region.o
    0x08006760   0x00000012   Code   RO         7097    i.RegionTxParamSetupReq  region.o
    0x08006772   0x00000016   Code   RO         7098    i.RegionVerify      region.o
    0x08006788   0x00000080   Code   RO         6803    i.ResetMacParameters  loramac.o
    0x08006808   0x00000094   Code   RO         1711    i.RxChainCalibration  sx1276.o
    0x0800689c   0x00000018   Code   RO         6804    i.RxWindowSetup     loramac.o
    0x080068b4   0x000000b2   Code   RO         2941    i.SPI_WaitOnFlagUntilTimeout  stm32l0xx_hal_spi.o
    0x08006966   0x00000002   Code   RO         6606    i.SVC_Handler       mlm32l0xx_it.o
    0x08006968   0x0000000c   Code   RO         1712    i.SX1276BoardInit   sx1276.o
    0x08006974   0x00000004   Code   RO         2718    i.SX1276CheckRfFrequency  mlm32l07x01.o
    0x08006978   0x0000000c   Code   RO         2719    i.SX1276GetPaSelect  mlm32l07x01.o
    0x08006984   0x00000014   Code   RO         1713    i.SX1276GetRadioWakeUpTime  sx1276.o
    0x08006998   0x0000000c   Code   RO         1714    i.SX1276GetStatus   sx1276.o
    0x080069a4   0x000001e4   Code   RO         1715    i.SX1276GetTimeOnAir  sx1276.o
    0x08006b88   0x00000004   Code   RO         2720    i.SX1276GetWakeTime  mlm32l07x01.o
    0x08006b8c   0x0000008c   Code   RO         1716    i.SX1276Init        sx1276.o
    0x08006c18   0x00000050   Code   RO         2721    i.SX1276IoDeInit    mlm32l07x01.o
    0x08006c68   0x00000070   Code   RO         2722    i.SX1276IoInit      mlm32l07x01.o
    0x08006cd8   0x00000044   Code   RO         2723    i.SX1276IoIrqInit   mlm32l07x01.o
    0x08006d1c   0x0000004e   Code   RO         1717    i.SX1276IsChannelFree  sx1276.o
    0x08006d6a   0x00000002   PAD
    0x08006d6c   0x0000027c   Code   RO         1718    i.SX1276OnDio0Irq   sx1276.o
    0x08006fe8   0x000000d8   Code   RO         1719    i.SX1276OnDio1Irq   sx1276.o
    0x080070c0   0x000000b4   Code   RO         1720    i.SX1276OnDio2Irq   sx1276.o
    0x08007174   0x00000054   Code   RO         1721    i.SX1276OnDio3Irq   sx1276.o
    0x080071c8   0x0000001c   Code   RO         1722    i.SX1276OnDio4Irq   sx1276.o
    0x080071e4   0x000000c8   Code   RO         1724    i.SX1276OnTimeoutIrq  sx1276.o
    0x080072ac   0x0000003e   Code   RO         1725    i.SX1276Random      sx1276.o
    0x080072ea   0x00000010   Code   RO         1726    i.SX1276Read        sx1276.o
    0x080072fa   0x00000042   Code   RO         1727    i.SX1276ReadBuffer  sx1276.o
    0x0800733c   0x0000000e   Code   RO         1728    i.SX1276ReadFifo    sx1276.o
    0x0800734a   0x00000002   PAD
    0x0800734c   0x00000044   Code   RO         1729    i.SX1276ReadRssi    sx1276.o
    0x08007390   0x00000050   Code   RO         1730    i.SX1276Reset       sx1276.o
    0x080073e0   0x000000f0   Code   RO         1731    i.SX1276Send        sx1276.o
    0x080074d0   0x00000044   Code   RO         2724    i.SX1276SetAntSw    mlm32l07x01.o
    0x08007514   0x00000074   Code   RO         2725    i.SX1276SetAntSwLowPower  mlm32l07x01.o
    0x08007588   0x00000050   Code   RO         1732    i.SX1276SetChannel  sx1276.o
    0x080075d8   0x00000030   Code   RO         1733    i.SX1276SetMaxPayloadLength  sx1276.o
    0x08007608   0x00000070   Code   RO         1734    i.SX1276SetModem    sx1276.o
    0x08007678   0x0000005c   Code   RO         1735    i.SX1276SetOpMode   sx1276.o
    0x080076d4   0x00000024   Code   RO         1736    i.SX1276SetPublicNetwork  sx1276.o
    0x080076f8   0x00000098   Code   RO         2726    i.SX1276SetRfTxPower  mlm32l07x01.o
    0x08007790   0x000001fc   Code   RO         1737    i.SX1276SetRx       sx1276.o
    0x0800798c   0x00000288   Code   RO         1738    i.SX1276SetRxConfig  sx1276.o
    0x08007c14   0x00000024   Code   RO         1739    i.SX1276SetSleep    sx1276.o
    0x08007c38   0x00000024   Code   RO         1740    i.SX1276SetStby     sx1276.o
    0x08007c5c   0x000000a4   Code   RO         1741    i.SX1276SetTx       sx1276.o
    0x08007d00   0x000001fc   Code   RO         1742    i.SX1276SetTxConfig  sx1276.o
    0x08007efc   0x0000007c   Code   RO         1743    i.SX1276SetTxContinuousWave  sx1276.o
    0x08007f78   0x00000028   Code   RO         2727    i.SX1276SetXO       mlm32l07x01.o
    0x08007fa0   0x00000038   Code   RO         1744    i.SX1276StartCad    sx1276.o
    0x08007fd8   0x0000000c   Code   RO         1745    i.SX1276Write       sx1276.o
    0x08007fe4   0x00000042   Code   RO         1746    i.SX1276WriteBuffer  sx1276.o
    0x08008026   0x0000000e   Code   RO         1747    i.SX1276WriteFifo   sx1276.o
    0x08008034   0x0000010c   Code   RO         6805    i.ScheduleTx        loramac.o
    0x08008140   0x00000040   Code   RO         6806    i.Send              loramac.o
    0x08008180   0x0000006c   Code   RO         6703    i.SendFrame         lora.o
    0x080081ec   0x00000098   Code   RO         6807    i.SendFrameOnChannel  loramac.o
    0x08008284   0x00000054   Code   RO         6808    i.SetTxContinuousWave  loramac.o
    0x080082d8   0x0000003c   Code   RO         6809    i.SetTxContinuousWave1  loramac.o
    0x08008314   0x00000008   Code   RO         6607    i.SysTick_Handler   mlm32l0xx_it.o
    0x0800831c   0x0000008c   Code   RO         6508    i.SystemClock_Config  mlm32l0xx_hw.o
    0x080083a8   0x00000054   Code   RO         2870    i.SystemInit        system_stm32l0xx.o
    0x080083fc   0x0000000c   Code   RO         9099    i.TimerGetCurrentTime  timeserver.o
    0x08008408   0x00000018   Code   RO         9100    i.TimerGetElapsedTime  timeserver.o
    0x08008420   0x0000000e   Code   RO         9101    i.TimerInit         timeserver.o
    0x0800842e   0x00000002   PAD
    0x08008430   0x0000001c   Code   RO         9102    i.TimerInsertNewHeadTimer  timeserver.o
    0x0800844c   0x00000078   Code   RO         9103    i.TimerIrqHandler   timeserver.o
    0x080084c4   0x0000002c   Code   RO         9105    i.TimerSetTimeout   timeserver.o
    0x080084f0   0x00000022   Code   RO         9106    i.TimerSetValue     timeserver.o
    0x08008512   0x00000002   PAD
    0x08008514   0x00000070   Code   RO         9107    i.TimerStart        timeserver.o
    0x08008584   0x00000060   Code   RO         9108    i.TimerStop         timeserver.o
    0x080085e4   0x000000ca   Code   RO         3177    i.UART_AdvFeatureConfig  stm32l0xx_hal_uart.o
    0x080086ae   0x00000002   PAD
    0x080086b0   0x00000060   Code   RO         3178    i.UART_CheckIdleState  stm32l0xx_hal_uart.o
    0x08008710   0x00000230   Code   RO         3192    i.UART_SetConfig    stm32l0xx_hal_uart.o
    0x08008940   0x00000062   Code   RO         3194    i.UART_WaitOnFlagUntilTimeout  stm32l0xx_hal_uart.o
    0x080089a2   0x00000008   Code   RO         6608    i.USART2_IRQHandler  mlm32l0xx_it.o
    0x080089aa   0x00000002   PAD
    0x080089ac   0x00000048   Code   RO         6810    i.ValidatePayloadLength  loramac.o
    0x080089f4   0x00000098   Code   RO         8197    i.VerifyTxFreq      regioneu868.o
    0x08008a8c   0x00000024   Code   RO         9595    i.__0vsprintf       mc_p.l(printfa.o)
    0x08008ab0   0x0000002e   Code   RO         9683    i.__ARM_clz         mf_p.l(depilogue.o)
    0x08008ade   0x00000030   Code   RO         6238    i.__ARM_common_ll_muluu  hw_rtc.o
    0x08008b0e   0x0000001a   Code   RO          434    i.__ARM_common_switch8  hts221_driver_hl.o
    0x08008b28   0x0000000e   Code   RO         9697    i.__scatterload_copy  mc_p.l(handlers.o)
    0x08008b36   0x00000002   Code   RO         9698    i.__scatterload_null  mc_p.l(handlers.o)
    0x08008b38   0x0000000e   Code   RO         9699    i.__scatterload_zeroinit  mc_p.l(handlers.o)
    0x08008b46   0x00000002   PAD
    0x08008b48   0x00000174   Code   RO         9596    i._fp_digits        mc_p.l(printfa.o)
    0x08008cbc   0x000006ec   Code   RO         9597    i._printf_core      mc_p.l(printfa.o)
    0x080093a8   0x00000020   Code   RO         9598    i._printf_post_padding  mc_p.l(printfa.o)
    0x080093c8   0x0000002c   Code   RO         9599    i._printf_pre_padding  mc_p.l(printfa.o)
    0x080093f4   0x0000000a   Code   RO         9601    i._sputc            mc_p.l(printfa.o)
    0x080093fe   0x00000054   Code   RO         9243    i.aes_encrypt       aes.o
    0x08009452   0x00000002   PAD
    0x08009454   0x000000fc   Code   RO         9244    i.aes_set_key       aes.o
    0x08009550   0x000000c8   Code   RO         9332    i.ceil              m_ps.l(ceil.o)
    0x08009618   0x00000084   Code   RO         9245    i.copy_and_key      aes.o
    0x0800969c   0x00000042   Code   RO         9246    i.copy_block        aes.o
    0x080096de   0x00000002   PAD
    0x080096e0   0x000000c8   Code   RO         9336    i.floor             m_ps.l(floor.o)
    0x080097a8   0x000000d4   Code   RO         6704    i.lora_Init         lora.o
    0x0800987c   0x00000120   Code   RO         6705    i.lora_fsm          lora.o
    0x0800999c   0x0000000c   Code   RO         6706    i.lora_getDeviceState  lora.o
    0x080099a8   0x00000050   Code   RO         6298    i.main              main.o
    0x080099f8   0x00000016   Code   RO         9187    i.memcpy1           utilities.o
    0x08009a0e   0x0000001a   Code   RO         9188    i.memcpyr           utilities.o
    0x08009a28   0x00000012   Code   RO         9189    i.memset1           utilities.o
    0x08009a3a   0x00000002   PAD
    0x08009a3c   0x00000218   Code   RO         9247    i.mix_sub_columns   aes.o
    0x08009c54   0x0000002c   Code   RO         9190    i.rand1             utilities.o
    0x08009c80   0x00000016   Code   RO         9191    i.randr             utilities.o
    0x08009c96   0x00000002   PAD
    0x08009c98   0x0000009c   Code   RO         9339    i.round             m_ps.l(round.o)
    0x08009d34   0x00000068   Code   RO         9248    i.shift_sub_rows    aes.o
    0x08009d9c   0x0000000c   Code   RO         9192    i.srand1            utilities.o
    0x08009da8   0x00000044   Code   RO         6354    i.vcom_Init         vcom.o
    0x08009dec   0x00000054   Code   RO         6355    i.vcom_IoDeInit     vcom.o
    0x08009e40   0x0000005c   Code   RO         6356    i.vcom_IoInit       vcom.o
    0x08009e9c   0x00000054   Code   RO         6357    i.vcom_Print        vcom.o
    0x08009ef0   0x0000007c   Code   RO         6358    i.vcom_Send         vcom.o
    0x08009f6c   0x00000082   Code   RO         9249    i.xor_block         aes.o
    0x08009fee   0x00000002   PAD
    0x08009ff0   0x000000e0   Data   RO         1749    .constdata          sx1276.o
    0x0800a0d0   0x00000068   Data   RO         2728    .constdata          mlm32l07x01.o
    0x0800a138   0x0000000c   Data   RO         2813    .constdata          b-l072z-lrwan1.o
    0x0800a144   0x00000019   Data   RO         2871    .constdata          system_stm32l0xx.o
    0x0800a15d   0x00000008   Data   RO         2872    .constdata          system_stm32l0xx.o
    0x0800a165   0x00000018   Data   RO         6148    .constdata          hw_rtc.o
    0x0800a17d   0x00000010   Data   RO         6812    .constdata          loramac.o
    0x0800a18d   0x00000003   PAD
    0x0800a190   0x0000005c   Data   RO         8199    .constdata          regioneu868.o
    0x0800a1ec   0x00000300   Data   RO         9250    .constdata          aes.o
    0x0800a4ec   0x00000020   Data   RO         9695    Region$$Table       anon$$obj.o


    Execution Region RW_IRAM1 (Base: 0x20000000, Size: 0x00001210, Max: 0x00005000, ABSOLUTE, COMPRESSED[0x0000008c])

    Base Addr    Size         Type   Attr      Idx    E Section Name        Object

    0x20000000   0x00000020   Data   RW         1750    .data               sx1276.o
    0x20000020   0x00000018   Data   RW         2729    .data               mlm32l07x01.o
    0x20000038   0x00000014   Data   RW         2814    .data               b-l072z-lrwan1.o
    0x2000004c   0x00000004   Data   RW         2873    .data               system_stm32l0xx.o
    0x20000050   0x00000004   Data   RW         3911    .data               stm32l0xx_hal.o
    0x20000054   0x00000004   Data   RW         6149    .data               hw_rtc.o
    0x20000058   0x00000028   Data   RW         6300    .data               main.o
    0x20000080   0x00000004   Data   RW         6361    .data               vcom.o
    0x20000084   0x00000002   Data   RW         6510    .data               mlm32l0xx_hw.o
    0x20000086   0x00000002   PAD
    0x20000088   0x00000038   Data   RW         6709    .data               lora.o
    0x200000c0   0x0000006c   Data   RW         6813    .data               loramac.o
    0x2000012c   0x00000020   Data   RW         7017    .data               loramaccrypto.o
    0x2000014c   0x00000054   Data   RW         8200    .data               regioneu868.o
    0x200001a0   0x00000004   Data   RW         9063    .data               low_power.o
    0x200001a4   0x00000004   Data   RW         9109    .data               timeserver.o
    0x200001a8   0x00000004   Data   RW         9193    .data               utilities.o
    0x200001ac   0x000001a4   Zero   RW         1748    .bss                sx1276.o
    0x20000350   0x00000040   Zero   RW         6085    .bss                hw_gpio.o
    0x20000390   0x00000068   Zero   RW         6147    .bss                hw_rtc.o
    0x200003f8   0x00000058   Zero   RW         6254    .bss                hw_spi.o
    0x20000450   0x00000014   Zero   RW         6299    .bss                main.o
    0x20000464   0x00000170   Zero   RW         6360    .bss                vcom.o
    0x200005d4   0x00000060   Zero   RW         6509    .bss                mlm32l0xx_hw.o
    0x20000634   0x00000040   Zero   RW         6707    .bss                lora.o
    0x20000674   0x00000040   Zero   RW         6708    .bss                lora.o
    0x200006b4   0x00000470   Zero   RW         6811    .bss                loramac.o
    0x20000b24   0x0000022c   Zero   RW         7016    .bss                loramaccrypto.o
    0x20000d50   0x000000c0   Zero   RW         8198    .bss                regioneu868.o
    0x20000e10   0x00000400   Zero   RW         6012    STACK               startup_stm32l072xx.o


==============================================================================

Image component sizes


      Code (inc. data)   RO Data    RW Data    ZI Data      Debug   Object Name

      1304         12        768          0          0      14668   aes.o
       164         32         12         20          0       3584   b-l072z-lrwan1.o
        30         10          0          0          0       2188   bsp.o
       554          0          0          0          0       4609   cmac.o
        98          4          0          0          0       1451   debug.o
         8          0          0          0          0       1178   delay.o
         0          0          0          0          0       4508   hts221_driver.o
        26          0          0          0          0         72   hts221_driver_hl.o
       226         26          0          0         64       3993   hw_gpio.o
      1062        112         24          4        104      12399   hw_rtc.o
       260         28          0          0         88       2705   hw_spi.o
      1312        194          0         56        128       9604   lora.o
      7452        516         16        108       1136      47287   loramac.o
       604         42          0         32        556       8047   loramaccrypto.o
        96         20          0          4          0       3200   low_power.o
       426         74          0         40         20      12863   main.o
       656         54        104         24          0      13629   mlm32l07x01.o
       208         14          0          0          0       4068   mlm32l0xx_hal_msp.o
      1020        140          0          2         96       8652   mlm32l0xx_hw.o
       158          0          0          0          0       5176   mlm32l0xx_it.o
       426          0          0          0          0      29961   region.o
         0          0          0          0          0       1232   regionas923.o
      1038         22          0          0          0      15386   regioncommon.o
      2718        282         92         84        192      28244   regioneu868.o
        28          8        192          0       1024        672   startup_stm32l072xx.o
       108         30          0          4          0       4900   stm32l0xx_hal.o
      1026         36          0          0          0       7436   stm32l0xx_hal_adc.o
       170          0          0          0          0       1678   stm32l0xx_hal_adc_ex.o
       164         30          0          0          0      12685   stm32l0xx_hal_cortex.o
       424         38          0          0          0       3399   stm32l0xx_hal_gpio.o
       116         22          0          0          0       2082   stm32l0xx_hal_pwr.o
        32          8          0          0          0       1257   stm32l0xx_hal_pwr_ex.o
      1772        114          0          0          0       7376   stm32l0xx_hal_rcc.o
       844         56          0          0          0       3649   stm32l0xx_hal_rcc_ex.o
      1654         32          0          0          0      11631   stm32l0xx_hal_rtc.o
        60          0          0          0          0       1331   stm32l0xx_hal_rtc_ex.o
      1008          0          0          0          0       4735   stm32l0xx_hal_spi.o
      1264         80          0          0          0       7217   stm32l0xx_hal_uart.o
      5368        356        224         32        420     439363   sx1276.o
        84         18         33          4          0       1767   system_stm32l0xx.o
       484         18          0          4          0       8503   timeserver.o
       144         24          0          4          0       4971   utilities.o
       476         46          0          4        368       7111   vcom.o

    ----------------------------------------------------------------------
     35124       2498       1500        428       4196     770467   Object Totals
         0          0         32          0          0          0   (incl. Generated)
        52          0          3          2          0          0   (incl. Padding)

    ----------------------------------------------------------------------

      Code (inc. data)   RO Data    RW Data    ZI Data      Debug   Library Member Name

       200         20          0          0          0         76   ceil.o
       200         20          0          0          0         76   floor.o
       156         14          0          0          0         84   round.o
        86          0          0          0          0          0   __dczerorl2.o
         0          0          0          0          0          0   entry.o
         0          0          0          0          0          0   entry10a.o
         0          0          0          0          0          0   entry11a.o
         8          4          0          0          0          0   entry2.o
         4          0          0          0          0          0   entry5.o
         0          0          0          0          0          0   entry7b.o
         0          0          0          0          0          0   entry8b.o
         8          4          0          0          0          0   entry9a.o
        30          0          0          0          0          0   handlers.o
        40          0          0          0          0         72   idiv.o
        36          8          0          0          0         68   init.o
         0          0          0          0          0          0   iusefp.o
        32          0          0          0          0         68   llshl.o
        38          0          0          0          0         68   llsshr.o
        34          0          0          0          0         68   llushr.o
        36          0          0          0          0         60   memcpya.o
        36          0          0          0          0        100   memseta.o
      2266         96          0          0          0        460   printfa.o
        44          0          0          0          0         72   uidiv.o
        96          0          0          0          0         84   uldiv.o
        20          0          0          0          0         60   uread4.o
        40          2          0          0          0         68   cdcmple.o
        40          2          0          0          0         68   cdrcmple.o
       356          4          0          0          0        140   dadd.o
       240          6          0          0          0         84   ddiv.o
       236          0          0          0          0        216   depilogue.o
        72         10          0          0          0         72   dfixi.o
        60         10          0          0          0         68   dfixui.o
        64         10          0          0          0         68   dfixul.o
        40          6          0          0          0         68   dflti.o
        28          4          0          0          0         68   dfltui.o
       208          6          0          0          0         88   dmul.o
       124         10          0          0          0         76   drnd.o
        44          0          0          0          0         72   dscalb.o
        40          0          0          0          0         60   f2d.o
       178          0          0          0          0        108   fadd.o
       124          0          0          0          0         72   fdiv.o
       130          0          0          0          0        144   fepilogue.o
        50          0          0          0          0         60   ffixi.o
        40          0          0          0          0         60   ffixui.o
        14          0          0          0          0         68   ffltui.o
       122          0          0          0          0         72   fmul.o

    ----------------------------------------------------------------------
      5628        236          0          0          0       3216   Library Totals
         8          0          0          0          0          0   (incl. Padding)

    ----------------------------------------------------------------------

      Code (inc. data)   RO Data    RW Data    ZI Data      Debug   Library Name

       556         54          0          0          0        236   m_ps.l
      2814        112          0          0          0       1180   mc_p.l
      2250         70          0          0          0       1800   mf_p.l

    ----------------------------------------------------------------------
      5628        236          0          0          0       3216   Library Totals

    ----------------------------------------------------------------------

==============================================================================


      Code (inc. data)   RO Data    RW Data    ZI Data      Debug   

     40752       2734       1500        428       4196     758359   Grand Totals
     40752       2734       1500        140       4196     758359   ELF Image Totals (compressed)
     40752       2734       1500        140          0          0   ROM Totals

==============================================================================

    Total RO  Size (Code + RO Data)                42252 (  41.26kB)
    Total RW  Size (RW Data + ZI Data)              4624 (   4.52kB)
    Total ROM Size (Code + RO Data + RW Data)      42392 (  41.40kB)

==============================================================================

