<html>
<body>
<pre>
<h1>µVision Build Log</h1>
<h2>Tool Versions:</h2>
IDE-Version: µVision V5.23.0.0
Copyright (C) 2017 ARM Ltd and ARM Germany GmbH. All rights reserved.
License Information: 2323423 23423423, 2323552352352, LIC=----
 
Tool Versions:
Toolchain:       MDK-ARM Cortex-M0/M0+ 256K for ST  Version: 5.23
Toolchain Path:  C:\Keil_v5\ARM\ARMCC\Bin
C Compiler:      Armcc.exe V5.06 update 4 (build 422)
Assembler:       Armasm.exe V5.06 update 4 (build 422)
Linker/Locator:  ArmLink.exe V5.06 update 4 (build 422)
Library Manager: ArmAr.exe V5.06 update 4 (build 422)
Hex Converter:   FromElf.exe V5.06 update 4 (build 422)
CPU DLL:         SARMCM3.DLL V5.23
Dialog DLL:      DARMCM1.DLL V1.17.0.0
Target DLL:      STLink\ST-LINKIII-KEIL_SWO.dll V2.0.18.0
Dialog DLL:      TARMCM1.DLL V1.12.0.0
 
<h2>Project:</h2>
C:\Users\David\Dropbox\SmartCanton\dev\STM32CubeExpansion_LRWAN_V1.1.2\Projects\Multi\Applications\LoRa\End_Node\MDK-ARM\B-L072Z-LRWAN1\Lora.uvprojx
Project File Date:  09/11/2017

<h2>Output:</h2>
*** Using Compiler 'V5.06 update 4 (build 422)', folder: 'C:\Keil_v5\ARM\ARMCC\Bin'
Rebuild target 'mlm32l07x01'
compiling LPS25HB_Driver_HL.c...
compiling HTS221_Driver_HL.c...
compiling LPS22HB_Driver_HL.c...
compiling HTS221_Driver.c...
compiling LPS22HB_Driver.c...
compiling LPS25HB_Driver.c...
compiling x_nucleo_iks01a2.c...
compiling x_nucleo_iks01a2_humidity.c...
compiling x_nucleo_iks01a2_temperature.c...
compiling x_nucleo_iks01a2_pressure.c...
compiling b-l072z-lrwan1.c...
compiling sx1276.c...
compiling mlm32l07x01.c...
compiling system_stm32l0xx.c...
compiling stm32l0xx_hal.c...
compiling stm32l0xx_hal_rcc_ex.c...
compiling stm32l0xx_hal_spi.c...
compiling stm32l0xx_hal_adc.c...
compiling stm32l0xx_hal_rcc.c...
compiling stm32l0xx_hal_uart.c...
compiling stm32l0xx_hal_cortex.c...
compiling stm32l0xx_hal_pwr_ex.c...
compiling stm32l0xx_hal_rtc.c...
compiling stm32l0xx_hal_gpio.c...
compiling stm32l0xx_hal_pwr.c...
compiling stm32l0xx_hal_dma.c...
compiling stm32l0xx_hal_rtc_ex.c...
assembling startup_stm32l072xx.s...
compiling stm32l0xx_hal_tim_ex.c...
compiling stm32l0xx_hal_adc_ex.c...
compiling debug.c...
compiling stm32l0xx_hal_uart_ex.c...
compiling bsp.c...
compiling stm32l0xx_hal_tim.c...
compiling stm32l0xx_hal_i2c.c...
compiling hw_gpio.c...
compiling hw_spi.c...
compiling vcom.c...
compiling hw_rtc.c...
compiling main.c...
compiling mlm32l0xx_hal_msp.c...
compiling mlm32l0xx_hw.c...
compiling mlm32l0xx_it.c...
compiling LoRaMacCrypto.c...
compiling lora.c...
compiling Region.c...
compiling LoRaMac.c...
compiling RegionAU915.c...
compiling RegionAS923.c...
compiling RegionCN470.c...
compiling RegionCN779.c...
compiling RegionEU433.c...
compiling RegionCommon.c...
compiling RegionKR920.c...
compiling RegionIN865.c...
compiling RegionEU868.c...
compiling aes.c...
compiling delay.c...
compiling utilities.c...
compiling low_power.c...
compiling timeServer.c...
compiling RegionUS915.c...
compiling cmac.c...
compiling RegionUS915-Hybrid.c...
linking...
Program Size: Code=40752 RO-data=1500 RW-data=428 ZI-data=4196  
FromELF: creating hex file...
".\mlm32l07x01\NUCLEO_CUBE_LORA.axf" - 0 Error(s), 0 Warning(s).

<h2>Collection of Component include folders:</h2>
  .\RTE\_mlm32l07x01
  C:\Keil_v5\ARM\PACK\Keil\STM32L0xx_DFP\1.6.0\Device\Include

<h2>Collection of Component Files used:</h2>
Build Time Elapsed:  00:00:21
</pre>
</body>
</html>
