Archive member included to satisfy reference by file (symbol)

c:/ac6/systemworkbench/plugins/fr.ac6.mcu.externaltools.arm-none.win32_1.13.1.201701261202/tools/compiler/bin/../lib/gcc/arm-none-eabi/5.4.1/armv6-m\libgcc.a(_udivsi3.o)
                              Drivers/BSP/Components/sx1276.o (__aeabi_uidiv)
c:/ac6/systemworkbench/plugins/fr.ac6.mcu.externaltools.arm-none.win32_1.13.1.201701261202/tools/compiler/bin/../lib/gcc/arm-none-eabi/5.4.1/armv6-m\libgcc.a(_divsi3.o)
                              Middlewares/Lora/Mac/RegionAS923.o (__aeabi_idivmod)
c:/ac6/systemworkbench/plugins/fr.ac6.mcu.externaltools.arm-none.win32_1.13.1.201701261202/tools/compiler/bin/../lib/gcc/arm-none-eabi/5.4.1/armv6-m\libgcc.a(_dvmd_tls.o)
                              c:/ac6/systemworkbench/plugins/fr.ac6.mcu.externaltools.arm-none.win32_1.13.1.201701261202/tools/compiler/bin/../lib/gcc/arm-none-eabi/5.4.1/armv6-m\libgcc.a(_udivsi3.o) (__aeabi_idiv0)
c:/ac6/systemworkbench/plugins/fr.ac6.mcu.externaltools.arm-none.win32_1.13.1.201701261202/tools/compiler/bin/../lib/gcc/arm-none-eabi/5.4.1/armv6-m\libgcc.a(_arm_cmpdf2.o)
                              Drivers/BSP/Components/sx1276.o (__aeabi_dcmpgt)
c:/ac6/systemworkbench/plugins/fr.ac6.mcu.externaltools.arm-none.win32_1.13.1.201701261202/tools/compiler/bin/../lib/gcc/arm-none-eabi/5.4.1/armv6-m\libgcc.a(_arm_cmpsf2.o)
                              Middlewares/Lora/Mac/RegionKR920.o (__aeabi_fcmplt)
c:/ac6/systemworkbench/plugins/fr.ac6.mcu.externaltools.arm-none.win32_1.13.1.201701261202/tools/compiler/bin/../lib/gcc/arm-none-eabi/5.4.1/armv6-m\libgcc.a(_aeabi_uldivmod.o)
                              Drivers/STM32L0xx_HAL_Driver/stm32l0xx_ll_lpuart.o (__aeabi_uldivmod)
c:/ac6/systemworkbench/plugins/fr.ac6.mcu.externaltools.arm-none.win32_1.13.1.201701261202/tools/compiler/bin/../lib/gcc/arm-none-eabi/5.4.1/armv6-m\libgcc.a(_muldi3.o)
                              Projects/AT_Slave/tiny_sscanf.o (__aeabi_lmul)
c:/ac6/systemworkbench/plugins/fr.ac6.mcu.externaltools.arm-none.win32_1.13.1.201701261202/tools/compiler/bin/../lib/gcc/arm-none-eabi/5.4.1/armv6-m\libgcc.a(_fixunssfsi.o)
                              Middlewares/Lora/Utilities/delay.o (__aeabi_f2uiz)
c:/ac6/systemworkbench/plugins/fr.ac6.mcu.externaltools.arm-none.win32_1.13.1.201701261202/tools/compiler/bin/../lib/gcc/arm-none-eabi/5.4.1/armv6-m\libgcc.a(_fixunsdfsi.o)
                              Drivers/BSP/Components/sx1276.o (__aeabi_d2uiz)
c:/ac6/systemworkbench/plugins/fr.ac6.mcu.externaltools.arm-none.win32_1.13.1.201701261202/tools/compiler/bin/../lib/gcc/arm-none-eabi/5.4.1/armv6-m\libgcc.a(_udivmoddi4.o)
                              c:/ac6/systemworkbench/plugins/fr.ac6.mcu.externaltools.arm-none.win32_1.13.1.201701261202/tools/compiler/bin/../lib/gcc/arm-none-eabi/5.4.1/armv6-m\libgcc.a(_aeabi_uldivmod.o) (__udivmoddi4)
c:/ac6/systemworkbench/plugins/fr.ac6.mcu.externaltools.arm-none.win32_1.13.1.201701261202/tools/compiler/bin/../lib/gcc/arm-none-eabi/5.4.1/armv6-m\libgcc.a(eqsf2.o)
                              c:/ac6/systemworkbench/plugins/fr.ac6.mcu.externaltools.arm-none.win32_1.13.1.201701261202/tools/compiler/bin/../lib/gcc/arm-none-eabi/5.4.1/armv6-m\libgcc.a(_arm_cmpsf2.o) (__eqsf2)
c:/ac6/systemworkbench/plugins/fr.ac6.mcu.externaltools.arm-none.win32_1.13.1.201701261202/tools/compiler/bin/../lib/gcc/arm-none-eabi/5.4.1/armv6-m\libgcc.a(gesf2.o)
                              c:/ac6/systemworkbench/plugins/fr.ac6.mcu.externaltools.arm-none.win32_1.13.1.201701261202/tools/compiler/bin/../lib/gcc/arm-none-eabi/5.4.1/armv6-m\libgcc.a(_arm_cmpsf2.o) (__gesf2)
c:/ac6/systemworkbench/plugins/fr.ac6.mcu.externaltools.arm-none.win32_1.13.1.201701261202/tools/compiler/bin/../lib/gcc/arm-none-eabi/5.4.1/armv6-m\libgcc.a(lesf2.o)
                              c:/ac6/systemworkbench/plugins/fr.ac6.mcu.externaltools.arm-none.win32_1.13.1.201701261202/tools/compiler/bin/../lib/gcc/arm-none-eabi/5.4.1/armv6-m\libgcc.a(_arm_cmpsf2.o) (__lesf2)
c:/ac6/systemworkbench/plugins/fr.ac6.mcu.externaltools.arm-none.win32_1.13.1.201701261202/tools/compiler/bin/../lib/gcc/arm-none-eabi/5.4.1/armv6-m\libgcc.a(mulsf3.o)
                              Middlewares/Lora/Utilities/delay.o (__aeabi_fmul)
c:/ac6/systemworkbench/plugins/fr.ac6.mcu.externaltools.arm-none.win32_1.13.1.201701261202/tools/compiler/bin/../lib/gcc/arm-none-eabi/5.4.1/armv6-m\libgcc.a(subsf3.o)
                              Middlewares/Lora/Mac/RegionCommon.o (__aeabi_fsub)
c:/ac6/systemworkbench/plugins/fr.ac6.mcu.externaltools.arm-none.win32_1.13.1.201701261202/tools/compiler/bin/../lib/gcc/arm-none-eabi/5.4.1/armv6-m\libgcc.a(fixsfsi.o)
                              c:/ac6/systemworkbench/plugins/fr.ac6.mcu.externaltools.arm-none.win32_1.13.1.201701261202/tools/compiler/bin/../lib/gcc/arm-none-eabi/5.4.1/armv6-m\libgcc.a(_fixunssfsi.o) (__aeabi_f2iz)
[...]
Memory Configuration

Name             Origin             Length             Attributes
RAM              0x20000000         0x00005000         xrw
FLASH            0x08000000         0x00030000         xr
*default*        0x00000000         0xffffffff

Linker script and memory map

LOAD c:/ac6/systemworkbench/plugins/fr.ac6.mcu.externaltools.arm-none.win32_1.13.1.201701261202/tools/compiler/bin/../lib/gcc/arm-none-eabi/5.4.1/armv6-m/crti.o
LOAD c:/ac6/systemworkbench/plugins/fr.ac6.mcu.externaltools.arm-none.win32_1.13.1.201701261202/tools/compiler/bin/../lib/gcc/arm-none-eabi/5.4.1/armv6-m/crtbegin.o
LOAD c:/ac6/systemworkbench/plugins/fr.ac6.mcu.externaltools.arm-none.win32_1.13.1.201701261202/tools/compiler/bin/../lib/gcc/arm-none-eabi/5.4.1/../../../../arm-none-eabi/lib/armv6-m/crt0.o
LOAD c:/ac6/systemworkbench/plugins/fr.ac6.mcu.externaltools.arm-none.win32_1.13.1.201701261202/tools/compiler/bin/../lib/gcc/arm-none-eabi/5.4.1/../../../../arm-none-eabi/lib/armv6-m\libm.a
LOAD Drivers/BSP/Components/sx1276.o
LOAD Drivers/BSP/MLM32L0X01/mlm32l07x01.o
LOAD Drivers/CMSIS/system_stm32l0xx.o
LOAD Drivers/STM32L0xx_HAL_Driver/stm32l0xx_ll_adc.o
LOAD Drivers/STM32L0xx_HAL_Driver/stm32l0xx_ll_gpio.o
LOAD Drivers/STM32L0xx_HAL_Driver/stm32l0xx_ll_lpuart.o
LOAD Drivers/STM32L0xx_HAL_Driver/stm32l0xx_ll_rcc.o
LOAD Drivers/STM32L0xx_HAL_Driver/stm32l0xx_ll_rtc.o
LOAD Drivers/STM32L0xx_HAL_Driver/stm32l0xx_ll_spi.o
LOAD Drivers/STM32L0xx_HAL_Driver/stm32l0xx_ll_usart.o
LOAD Middlewares/Lora/Crypto/aes.o
LOAD Middlewares/Lora/Crypto/cmac.o
LOAD Middlewares/Lora/Mac/LoRaMac.o
LOAD Middlewares/Lora/Mac/LoRaMacCrypto.o
LOAD Middlewares/Lora/Mac/Region.o
LOAD Middlewares/Lora/Mac/RegionAS923.o
LOAD Middlewares/Lora/Mac/RegionAU915.o
LOAD Middlewares/Lora/Mac/RegionCN470.o
LOAD Middlewares/Lora/Mac/RegionCN779.o
LOAD Middlewares/Lora/Mac/RegionCommon.o
LOAD Middlewares/Lora/Mac/RegionEU433.o
LOAD Middlewares/Lora/Mac/RegionEU868.o
LOAD Middlewares/Lora/Mac/RegionIN865.o
LOAD Middlewares/Lora/Mac/RegionKR920.o
LOAD Middlewares/Lora/Mac/RegionUS915-Hybrid.o
LOAD Middlewares/Lora/Mac/RegionUS915.o
LOAD Middlewares/Lora/Utilities/delay.o
LOAD Middlewares/Lora/Utilities/low_power.o
LOAD Middlewares/Lora/Utilities/timeServer.o
LOAD Middlewares/Lora/Utilities/utilities.o
LOAD Projects/AT_Slave/at.o
LOAD Projects/AT_Slave/command.o
LOAD Projects/AT_Slave/debug.o
LOAD Projects/AT_Slave/hw_gpio.o
LOAD Projects/AT_Slave/hw_rtc.o
LOAD Projects/AT_Slave/hw_spi.o
LOAD Projects/AT_Slave/lora.o
LOAD Projects/AT_Slave/main.o
LOAD Projects/AT_Slave/mlm32l0xx_hw.o
LOAD Projects/AT_Slave/mlm32l0xx_it.o
LOAD Projects/AT_Slave/test_rf.o
LOAD Projects/AT_Slave/tiny_sscanf.o
LOAD Projects/AT_Slave/tiny_vsnprintf.o
LOAD Projects/AT_Slave/vcom.o
LOAD Projects/SW4STM32/startup_stm32l072xx.o
START GROUP
LOAD c:/ac6/systemworkbench/plugins/fr.ac6.mcu.externaltools.arm-none.win32_1.13.1.201701261202/tools/compiler/bin/../lib/gcc/arm-none-eabi/5.4.1/armv6-m\libgcc.a
LOAD c:/ac6/systemworkbench/plugins/fr.ac6.mcu.externaltools.arm-none.win32_1.13.1.201701261202/tools/compiler/bin/../lib/gcc/arm-none-eabi/5.4.1/../../../../arm-none-eabi/lib/armv6-m\libc_nano.a
END GROUP
START GROUP
LOAD c:/ac6/systemworkbench/plugins/fr.ac6.mcu.externaltools.arm-none.win32_1.13.1.201701261202/tools/compiler/bin/../lib/gcc/arm-none-eabi/5.4.1/armv6-m\libgcc.a
LOAD c:/ac6/systemworkbench/plugins/fr.ac6.mcu.externaltools.arm-none.win32_1.13.1.201701261202/tools/compiler/bin/../lib/gcc/arm-none-eabi/5.4.1/../../../../arm-none-eabi/lib/armv6-m\libc_nano.a
LOAD c:/ac6/systemworkbench/plugins/fr.ac6.mcu.externaltools.arm-none.win32_1.13.1.201701261202/tools/compiler/bin/../lib/gcc/arm-none-eabi/5.4.1/../../../../arm-none-eabi/lib/armv6-m\libnosys.a
END GROUP
START GROUP
LOAD c:/ac6/systemworkbench/plugins/fr.ac6.mcu.externaltools.arm-none.win32_1.13.1.201701261202/tools/compiler/bin/../lib/gcc/arm-none-eabi/5.4.1/armv6-m\libgcc.a
LOAD c:/ac6/systemworkbench/plugins/fr.ac6.mcu.externaltools.arm-none.win32_1.13.1.201701261202/tools/compiler/bin/../lib/gcc/arm-none-eabi/5.4.1/../../../../arm-none-eabi/lib/armv6-m\libc_nano.a
LOAD c:/ac6/systemworkbench/plugins/fr.ac6.mcu.externaltools.arm-none.win32_1.13.1.201701261202/tools/compiler/bin/../lib/gcc/arm-none-eabi/5.4.1/../../../../arm-none-eabi/lib/armv6-m\libnosys.a
END GROUP
LOAD c:/ac6/systemworkbench/plugins/fr.ac6.mcu.externaltools.arm-none.win32_1.13.1.201701261202/tools/compiler/bin/../lib/gcc/arm-none-eabi/5.4.1/armv6-m/crtend.o
LOAD c:/ac6/systemworkbench/plugins/fr.ac6.mcu.externaltools.arm-none.win32_1.13.1.201701261202/tools/compiler/bin/../lib/gcc/arm-none-eabi/5.4.1/armv6-m/crtn.o
                0x20005000                _estack = 0x20005000
                0x00000200                _Min_Heap_Size = 0x200
                0x00000400                _Min_Stack_Size = 0x400

.isr_vector     0x08000000       0xc0
                0x08000000                . = ALIGN (0x4)
 *(.isr_vector)
 .isr_vector    0x08000000       0xc0 Projects/SW4STM32/startup_stm32l072xx.o
                0x08000000                g_pfnVectors
                0x080000c0                . = ALIGN (0x4)

.text           0x080000c0    0x15748
                0x080000c0                . = ALIGN (0x4)
 *(.text)
 .text          0x080000c0       0x60 c:/ac6/systemworkbench/plugins/fr.ac6.mcu.externaltools.arm-none.win32_1.13.1.201701261202/tools/compiler/bin/../lib/gcc/arm-none-eabi/5.4.1/armv6-m/crtbegin.o
 .text          0x08000120      0x114 c:/ac6/systemworkbench/plugins/fr.ac6.mcu.externaltools.arm-none.win32_1.13.1.201701261202/tools/compiler/bin/../lib/gcc/arm-none-eabi/5.4.1/armv6-m\libgcc.a(_udivsi3.o)
                0x08000120                __aeabi_uidiv
                0x08000120                __udivsi3
                0x0800022c                __aeabi_uidivmod
 .text          0x08000234      0x1d4 c:/ac6/systemworkbench/plugins/fr.ac6.mcu.externaltools.arm-none.win32_1.13.1.201701261202/tools/compiler/bin/../lib/gcc/arm-none-eabi/5.4.1/armv6-m\libgcc.a(_divsi3.o)
                0x08000234                __divsi3
                0x08000234                __aeabi_idiv
                0x08000400                __aeabi_idivmod
 .text          0x08000408        0x4 c:/ac6/systemworkbench/plugins/fr.ac6.mcu.externaltools.arm-none.win32_1.13.1.201701261202/tools/compiler/bin/../lib/gcc/arm-none-eabi/5.4.1/armv6-m\libgcc.a(_dvmd_tls.o)
                0x08000408                __aeabi_idiv0
                0x08000408                __aeabi_ldiv0
 .text          0x0800040c       0x7c c:/ac6/systemworkbench/plugins/fr.ac6.mcu.externaltools.arm-none.win32_1.13.1.201701261202/tools/compiler/bin/../lib/gcc/arm-none-eabi/5.4.1/armv6-m\libgcc.a(_arm_cmpdf2.o)
                0x0800040c                __aeabi_cdrcmple
                0x0800041c                __aeabi_cdcmple
                0x0800041c                __aeabi_cdcmpeq
                0x0800042c                __aeabi_dcmpeq
                0x08000438                __aeabi_dcmplt
                0x0800044c                __aeabi_dcmple
                0x08000460                __aeabi_dcmpgt
                0x08000474                __aeabi_dcmpge
 .text          0x08000488       0x40 c:/ac6/systemworkbench/plugins/fr.ac6.mcu.externaltools.arm-none.win32_1.13.1.201701261202/tools/compiler/bin/../lib/gcc/arm-none-eabi/5.4.1/armv6-m\libgcc.a(_aeabi_uldivmod.o)
                0x08000488                __aeabi_uldivmod
 .text          0x080004c8       0x58 c:/ac6/systemworkbench/plugins/fr.ac6.mcu.externaltools.arm-none.win32_1.13.1.201701261202/tools/compiler/bin/../lib/gcc/arm-none-eabi/5.4.1/armv6-m\libgcc.a(_muldi3.o)
                0x080004c8                __muldi3
                0x080004c8                __aeabi_lmul
 .text          0x08000520       0x3c c:/ac6/systemworkbench/plugins/fr.ac6.mcu.externaltools.arm-none.win32_1.13.1.201701261202/tools/compiler/bin/../lib/gcc/arm-none-eabi/5.4.1/armv6-m\libgcc.a(_fixunsdfsi.o)
                0x08000520                __aeabi_d2uiz
                0x08000520                __fixunsdfsi
 .text          0x0800055c      0x180 c:/ac6/systemworkbench/plugins/fr.ac6.mcu.externaltools.arm-none.win32_1.13.1.201701261202/tools/compiler/bin/../lib/gcc/arm-none-eabi/5.4.1/armv6-m\libgcc.a(_udivmoddi4.o)
                0x0800055c                __udivmoddi4
 .text          0x080006dc      0x30c c:/ac6/systemworkbench/plugins/fr.ac6.mcu.externaltools.arm-none.win32_1.13.1.201701261202/tools/compiler/bin/../lib/gcc/arm-none-eabi/5.4.1/armv6-m\libgcc.a(subsf3.o)
                0x080006dc                __aeabi_fsub
 .text          0x080009e8       0x7c c:/ac6/systemworkbench/plugins/fr.ac6.mcu.externaltools.arm-none.win32_1.13.1.201701261202/tools/compiler/bin/../lib/gcc/arm-none-eabi/5.4.1/armv6-m\libgcc.a(floatunsisf.o)
                0x080009e8                __aeabi_ui2f
 .text          0x08000a64      0x658 c:/ac6/systemworkbench/plugins/fr.ac6.mcu.externaltools.arm-none.win32_1.13.1.201701261202/tools/compiler/bin/../lib/gcc/arm-none-eabi/5.4.1/armv6-m\libgcc.a(adddf3.o)
                0x08000a64                __aeabi_dadd
 .text          0x080010bc      0x62c c:/ac6/systemworkbench/plugins/fr.ac6.mcu.externaltools.arm-none.win32_1.13.1.201701261202/tools/compiler/bin/../lib/gcc/arm-none-eabi/5.4.1/armv6-m\libgcc.a(divdf3.o)
                0x080010bc                __aeabi_ddiv
 .text          0x080016e8       0x80 c:/ac6/systemworkbench/plugins/fr.ac6.mcu.externaltools.arm-none.win32_1.13.1.201701261202/tools/compiler/bin/../lib/gcc/arm-none-eabi/5.4.1/armv6-m\libgcc.a(eqdf2.o)
                0x080016e8                __nedf2
                0x080016e8                __eqdf2
 .text          0x08001768       0xc8 c:/ac6/systemworkbench/plugins/fr.ac6.mcu.externaltools.arm-none.win32_1.13.1.201701261202/tools/compiler/bin/../lib/gcc/arm-none-eabi/5.4.1/armv6-m\libgcc.a(gedf2.o)
                0x08001768                __gedf2
                0x08001768                __gtdf2
 .text          0x08001830       0xd4 c:/ac6/systemworkbench/plugins/fr.ac6.mcu.externaltools.arm-none.win32_1.13.1.201701261202/tools/compiler/bin/../lib/gcc/arm-none-eabi/5.4.1/armv6-m\libgcc.a(ledf2.o)
                0x08001830                __ledf2
                0x08001830                __ltdf2
 .text          0x08001904      0x4f4 c:/ac6/systemworkbench/plugins/fr.ac6.mcu.externaltools.arm-none.win32_1.13.1.201701261202/tools/compiler/bin/../lib/gcc/arm-none-eabi/5.4.1/armv6-m\libgcc.a(muldf3.o)
                0x08001904                __aeabi_dmul
 .text          0x08001df8      0x6a8 c:/ac6/systemworkbench/plugins/fr.ac6.mcu.externaltools.arm-none.win32_1.13.1.201701261202/tools/compiler/bin/../lib/gcc/arm-none-eabi/5.4.1/armv6-m\libgcc.a(subdf3.o)
                0x08001df8                __aeabi_dsub
 .text          0x080024a0       0x6c c:/ac6/systemworkbench/plugins/fr.ac6.mcu.externaltools.arm-none.win32_1.13.1.201701261202/tools/compiler/bin/../lib/gcc/arm-none-eabi/5.4.1/armv6-m\libgcc.a(fixdfsi.o)
                0x080024a0                __aeabi_d2iz
 .text          0x0800250c       0x84 c:/ac6/systemworkbench/plugins/fr.ac6.mcu.externaltools.arm-none.win32_1.13.1.201701261202/tools/compiler/bin/../lib/gcc/arm-none-eabi/5.4.1/armv6-m\libgcc.a(floatsidf.o)
                0x0800250c                __aeabi_i2d
 .text          0x08002590       0x70 c:/ac6/systemworkbench/plugins/fr.ac6.mcu.externaltools.arm-none.win32_1.13.1.201701261202/tools/compiler/bin/../lib/gcc/arm-none-eabi/5.4.1/armv6-m\libgcc.a(floatunsidf.o)
                0x08002590                __aeabi_ui2d
 .text          0x08002600       0xa8 c:/ac6/systemworkbench/plugins/fr.ac6.mcu.externaltools.arm-none.win32_1.13.1.201701261202/tools/compiler/bin/../lib/gcc/arm-none-eabi/5.4.1/armv6-m\libgcc.a(extendsfdf2.o)
                0x08002600                __aeabi_f2d
 .text          0x080026a8       0x3c c:/ac6/systemworkbench/plugins/fr.ac6.mcu.externaltools.arm-none.win32_1.13.1.201701261202/tools/compiler/bin/../lib/gcc/arm-none-eabi/5.4.1/armv6-m\libgcc.a(_clzsi2.o)
                0x080026a8                __clzsi2
 .text          0x080026e4       0x18 c:/ac6/systemworkbench/plugins/fr.ac6.mcu.externaltools.arm-none.win32_1.13.1.201701261202/tools/compiler/bin/../lib/gcc/arm-none-eabi/5.4.1/armv6-m\libgcc.a(_clzdi2.o)
                0x080026e4                __clzdi2
 .text          0x080026fc        0xe c:/ac6/systemworkbench/plugins/fr.ac6.mcu.externaltools.arm-none.win32_1.13.1.201701261202/tools/compiler/bin/../lib/gcc/arm-none-eabi/5.4.1/../../../../arm-none-eabi/lib/armv6-m\libc_nano.a(lib_a-strlen.o)
                0x080026fc                strlen
 *(.text*)
 *fill*         0x0800270a        0x2 
 .text.LL_GPIO_SetOutputPin
                0x0800270c       0x18 Drivers/BSP/Components/sx1276.o
 .text.LL_GPIO_ResetOutputPin
                0x08002724       0x18 Drivers/BSP/Components/sx1276.o
 .text.HW_GPIO_Write
                0x0800273c       0x44 Drivers/BSP/Components/sx1276.o
 .text.SX1276BoardInit
                0x08002780       0x1c Drivers/BSP/Components/sx1276.o
                0x08002780                SX1276BoardInit
 .text.SX1276Init
                0x0800279c      0x100 Drivers/BSP/Components/sx1276.o
                0x0800279c                SX1276Init
 .text.SX1276GetStatus
                0x0800289c       0x14 Drivers/BSP/Components/sx1276.o
                0x0800289c                SX1276GetStatus
 .text.SX1276SetChannel
                0x080028b0       0x80 Drivers/BSP/Components/sx1276.o
                0x080028b0                SX1276SetChannel
 .text.SX1276IsChannelFree
                0x08002930       0xb0 Drivers/BSP/Components/sx1276.o
                0x08002930                SX1276IsChannelFree
 .text.SX1276Random
                0x080029e0       0x68 Drivers/BSP/Components/sx1276.o
                0x080029e0                SX1276Random
 .text.RxChainCalibration
                0x08002a48       0xe4 Drivers/BSP/Components/sx1276.o
 .text.GetFskBandwidthRegValue
                0x08002b2c       0x70 Drivers/BSP/Components/sx1276.o
 .text.SX1276SetRxConfig
                0x08002b9c      0x4b8 Drivers/BSP/Components/sx1276.o
                0x08002b9c                SX1276SetRxConfig
 .text.SX1276SetTxConfig
                0x08003054      0x3a8 Drivers/BSP/Components/sx1276.o
                0x08003054                SX1276SetTxConfig
 .text.SX1276GetTimeOnAir
                0x080033fc      0x324 Drivers/BSP/Components/sx1276.o
                0x080033fc                SX1276GetTimeOnAir
 .text.SX1276Send
                0x08003720      0x180 Drivers/BSP/Components/sx1276.o
                0x08003720                SX1276Send
 .text.SX1276SetSleep
                0x080038a0       0x34 Drivers/BSP/Components/sx1276.o
                0x080038a0                SX1276SetSleep
 .text.SX1276SetStby
                0x080038d4       0x34 Drivers/BSP/Components/sx1276.o
                0x080038d4                SX1276SetStby
 .text.SX1276SetRx
                0x08003908      0x320 Drivers/BSP/Components/sx1276.o
                0x08003908                SX1276SetRx
 .text.SX1276SetTx
                0x08003c28       0xf4 Drivers/BSP/Components/sx1276.o
                0x08003c28                SX1276SetTx
 .text.SX1276StartCad
                0x08003d1c       0x50 Drivers/BSP/Components/sx1276.o
                0x08003d1c                SX1276StartCad
 .text.SX1276SetTxContinuousWave
                0x08003d6c       0xbc Drivers/BSP/Components/sx1276.o
                0x08003d6c                SX1276SetTxContinuousWave
 .text.SX1276ReadRssi
                0x08003e28       0x98 Drivers/BSP/Components/sx1276.o
                0x08003e28                SX1276ReadRssi
 .text.SX1276Reset
                0x08003ec0       0x68 Drivers/BSP/Components/sx1276.o
                0x08003ec0                SX1276Reset
 .text.SX1276SetOpMode
                0x08003f28       0xa0 Drivers/BSP/Components/sx1276.o
                0x08003f28                SX1276SetOpMode
 .text.SX1276SetModem
                0x08003fc8       0xb0 Drivers/BSP/Components/sx1276.o
                0x08003fc8                SX1276SetModem
 .text.SX1276Write
                0x08004078       0x28 Drivers/BSP/Components/sx1276.o
                0x08004078                SX1276Write
 .text.SX1276Read
                0x080040a0       0x2c Drivers/BSP/Components/sx1276.o
                0x080040a0                SX1276Read
 .text.SX1276WriteBuffer
                0x080040cc       0x8c Drivers/BSP/Components/sx1276.o
                0x080040cc                SX1276WriteBuffer
 .text.SX1276ReadBuffer
                0x08004158       0x8c Drivers/BSP/Components/sx1276.o
                0x08004158                SX1276ReadBuffer
 .text.SX1276WriteFifo
                0x080041e4       0x24 Drivers/BSP/Components/sx1276.o
                0x080041e4                SX1276WriteFifo
 .text.SX1276ReadFifo
                0x08004208       0x24 Drivers/BSP/Components/sx1276.o
                0x08004208                SX1276ReadFifo
 .text.SX1276SetMaxPayloadLength
                0x0800422c       0x64 Drivers/BSP/Components/sx1276.o
                0x0800422c                SX1276SetMaxPayloadLength
 .text.SX1276SetPublicNetwork
                0x08004290       0x44 Drivers/BSP/Components/sx1276.o
                0x08004290                SX1276SetPublicNetwork
 .text.SX1276GetRadioWakeUpTime
                0x080042d4       0x1c Drivers/BSP/Components/sx1276.o
                0x080042d4                SX1276GetRadioWakeUpTime
 .text.SX1276OnTimeoutIrq
                0x080042f0      0x158 Drivers/BSP/Components/sx1276.o
                0x080042f0                SX1276OnTimeoutIrq
 .text.SX1276OnDio0Irq
                0x08004448      0x484 Drivers/BSP/Components/sx1276.o
                0x08004448                SX1276OnDio0Irq
 .text.SX1276OnDio1Irq
                0x080048cc      0x194 Drivers/BSP/Components/sx1276.o
                0x080048cc                SX1276OnDio1Irq
 .text.SX1276OnDio2Irq
                0x08004a60      0x174 Drivers/BSP/Components/sx1276.o
                0x08004a60                SX1276OnDio2Irq
 .text.SX1276OnDio3Irq
                0x08004bd4       0x84 Drivers/BSP/Components/sx1276.o
                0x08004bd4                SX1276OnDio3Irq
 .text.SX1276OnDio4Irq
                0x08004c58       0x38 Drivers/BSP/Components/sx1276.o
                0x08004c58                SX1276OnDio4Irq
 .text.LL_GPIO_SetOutputPin
                0x08004c90       0x18 Drivers/BSP/MLM32L0X01/mlm32l07x01.o
 .text.LL_GPIO_ResetOutputPin
                0x08004ca8       0x18 Drivers/BSP/MLM32L0X01/mlm32l07x01.o
 .text.HW_GPIO_Write
                0x08004cc0       0x44 Drivers/BSP/MLM32L0X01/mlm32l07x01.o
 .text.SX1276GetWakeTime
                0x08004d04        0xc Drivers/BSP/MLM32L0X01/mlm32l07x01.o
                0x08004d04                SX1276GetWakeTime
 .text.SX1276SetXO
                0x08004d10       0x44 Drivers/BSP/MLM32L0X01/mlm32l07x01.o
                0x08004d10                SX1276SetXO
 .text.SX1276IoInit
                0x08004d54       0x94 Drivers/BSP/MLM32L0X01/mlm32l07x01.o
                0x08004d54                SX1276IoInit
 .text.SX1276IoIrqInit
                0x08004de8       0x5c Drivers/BSP/MLM32L0X01/mlm32l07x01.o
                0x08004de8                SX1276IoIrqInit
 .text.SX1276IoDeInit
                0x08004e44       0x68 Drivers/BSP/MLM32L0X01/mlm32l07x01.o
                0x08004e44                SX1276IoDeInit
 .text.SX1276SetRfTxPower
                0x08004eac      0x1c0 Drivers/BSP/MLM32L0X01/mlm32l07x01.o
                0x08004eac                SX1276SetRfTxPower
 .text.SX1276GetPaSelect
                0x0800506c       0x24 Drivers/BSP/MLM32L0X01/mlm32l07x01.o
                0x0800506c                SX1276GetPaSelect
 .text.SX1276SetAntSwLowPower
                0x08005090       0x2c Drivers/BSP/MLM32L0X01/mlm32l07x01.o
                0x08005090                SX1276SetAntSwLowPower
 .text.SX1276AntSwInit
                0x080050bc       0x80 Drivers/BSP/MLM32L0X01/mlm32l07x01.o
 .text.SX1276AntSwDeInit
                0x0800513c       0x80 Drivers/BSP/MLM32L0X01/mlm32l07x01.o
 .text.SX1276SetAntSw
                0x080051bc       0x78 Drivers/BSP/MLM32L0X01/mlm32l07x01.o
                0x080051bc                SX1276SetAntSw
 .text.SX1276CheckRfFrequency
                0x08005234       0x14 Drivers/BSP/MLM32L0X01/mlm32l07x01.o
                0x08005234                SX1276CheckRfFrequency
 .text.SystemInit
                0x08005248       0x7c Drivers/CMSIS/system_stm32l0xx.o
                0x08005248                SystemInit
 .text.LL_RCC_HSI_IsReady
                0x080052c4       0x1c Drivers/STM32L0xx_HAL_Driver/stm32l0xx_ll_rcc.o
 .text.LL_RCC_LSE_IsReady
                0x080052e0       0x20 Drivers/STM32L0xx_HAL_Driver/stm32l0xx_ll_rcc.o
 .text.LL_RCC_MSI_GetRange
                0x08005300       0x18 Drivers/STM32L0xx_HAL_Driver/stm32l0xx_ll_rcc.o
 .text.LL_RCC_GetSysClkSource
                0x08005318       0x18 Drivers/STM32L0xx_HAL_Driver/stm32l0xx_ll_rcc.o
 .text.LL_RCC_GetAHBPrescaler
                0x08005330       0x18 Drivers/STM32L0xx_HAL_Driver/stm32l0xx_ll_rcc.o
 .text.LL_RCC_GetAPB1Prescaler
                0x08005348       0x18 Drivers/STM32L0xx_HAL_Driver/stm32l0xx_ll_rcc.o
 .text.LL_RCC_GetAPB2Prescaler
                0x08005360       0x18 Drivers/STM32L0xx_HAL_Driver/stm32l0xx_ll_rcc.o
 .text.LL_RCC_GetUSARTClockSource
                0x08005378       0x24 Drivers/STM32L0xx_HAL_Driver/stm32l0xx_ll_rcc.o
 .text.LL_RCC_PLL_GetMainSource
                0x0800539c       0x18 Drivers/STM32L0xx_HAL_Driver/stm32l0xx_ll_rcc.o
 .text.LL_RCC_PLL_GetMultiplicator
                0x080053b4       0x18 Drivers/STM32L0xx_HAL_Driver/stm32l0xx_ll_rcc.o
 .text.LL_RCC_PLL_GetDivider
                0x080053cc       0x18 Drivers/STM32L0xx_HAL_Driver/stm32l0xx_ll_rcc.o
 .text.LL_RCC_GetSystemClocksFreq
                0x080053e4       0x4c Drivers/STM32L0xx_HAL_Driver/stm32l0xx_ll_rcc.o
                0x080053e4                LL_RCC_GetSystemClocksFreq
 .text.LL_RCC_GetUSARTClockFreq
                0x08005430      0x108 Drivers/STM32L0xx_HAL_Driver/stm32l0xx_ll_rcc.o
                0x08005430                LL_RCC_GetUSARTClockFreq
 .text.RCC_GetSystemClockFreq
                0x08005538       0x7c Drivers/STM32L0xx_HAL_Driver/stm32l0xx_ll_rcc.o
                0x08005538                RCC_GetSystemClockFreq
 .text.RCC_GetHCLKClockFreq
                0x080055b4       0x2c Drivers/STM32L0xx_HAL_Driver/stm32l0xx_ll_rcc.o
                0x080055b4                RCC_GetHCLKClockFreq
 .text.RCC_GetPCLK1ClockFreq
                0x080055e0       0x28 Drivers/STM32L0xx_HAL_Driver/stm32l0xx_ll_rcc.o
                0x080055e0                RCC_GetPCLK1ClockFreq
 .text.RCC_GetPCLK2ClockFreq
                0x08005608       0x28 Drivers/STM32L0xx_HAL_Driver/stm32l0xx_ll_rcc.o
                0x08005608                RCC_GetPCLK2ClockFreq
 .text.RCC_PLL_GetFreqDomain_SYS
                0x08005630       0x74 Drivers/STM32L0xx_HAL_Driver/stm32l0xx_ll_rcc.o
                0x08005630                RCC_PLL_GetFreqDomain_SYS
 .text.LL_RTC_EnableInitMode
                0x080056a4       0x18 Drivers/STM32L0xx_HAL_Driver/stm32l0xx_ll_rtc.o
 .text.LL_RTC_IsActiveFlag_INIT
                0x080056bc       0x20 Drivers/STM32L0xx_HAL_Driver/stm32l0xx_ll_rtc.o
 .text.LL_RTC_IsActiveFlag_RS
                0x080056dc       0x20 Drivers/STM32L0xx_HAL_Driver/stm32l0xx_ll_rtc.o
 .text.LL_RTC_ClearFlag_RS
                0x080056fc       0x24 Drivers/STM32L0xx_HAL_Driver/stm32l0xx_ll_rtc.o
 .text.LL_SYSTICK_IsActiveCounterFlag
                0x08005720       0x20 Drivers/STM32L0xx_HAL_Driver/stm32l0xx_ll_rtc.o
 .text.LL_RTC_EnterInitMode
                0x08005740       0x8c Drivers/STM32L0xx_HAL_Driver/stm32l0xx_ll_rtc.o
                0x08005740                LL_RTC_EnterInitMode
 .text.LL_RTC_WaitForSynchro
                0x080057cc       0xe0 Drivers/STM32L0xx_HAL_Driver/stm32l0xx_ll_rtc.o
                0x080057cc                LL_RTC_WaitForSynchro
 .text.LL_SPI_IsEnabled
                0x080058ac       0x20 Drivers/STM32L0xx_HAL_Driver/stm32l0xx_ll_spi.o
 .text.LL_SPI_SetCRCPolynomial
                0x080058cc       0x1c Drivers/STM32L0xx_HAL_Driver/stm32l0xx_ll_spi.o
 .text.LL_SPI_Init
                0x080058e8       0xbc Drivers/STM32L0xx_HAL_Driver/stm32l0xx_ll_spi.o
                0x080058e8                LL_SPI_Init
 .text.LL_USART_IsEnabled
                0x080059a4       0x20 Drivers/STM32L0xx_HAL_Driver/stm32l0xx_ll_usart.o
 .text.LL_USART_SetStopBitsLength
                0x080059c4       0x28 Drivers/STM32L0xx_HAL_Driver/stm32l0xx_ll_usart.o
 .text.LL_USART_SetHWFlowCtrl
                0x080059ec       0x28 Drivers/STM32L0xx_HAL_Driver/stm32l0xx_ll_usart.o
 .text.LL_USART_SetBaudRate
                0x08005a14       0x74 Drivers/STM32L0xx_HAL_Driver/stm32l0xx_ll_usart.o
 .text.LL_USART_Init
                0x08005a88      0x108 Drivers/STM32L0xx_HAL_Driver/stm32l0xx_ll_usart.o
                0x08005a88                LL_USART_Init
 .text.copy_block
                0x08005b90       0xb0 Middlewares/Lora/Crypto/aes.o
 .text.copy_block_nn
                0x08005c40       0x38 Middlewares/Lora/Crypto/aes.o
 .text.xor_block
                0x08005c78      0x16c Middlewares/Lora/Crypto/aes.o
 .text.copy_and_key
                0x08005de4      0x170 Middlewares/Lora/Crypto/aes.o
 .text.add_round_key
                0x08005f54       0x20 Middlewares/Lora/Crypto/aes.o
 .text.shift_sub_rows
                0x08005f74      0x150 Middlewares/Lora/Crypto/aes.o
 .text.mix_sub_columns
                0x080060c4      0x454 Middlewares/Lora/Crypto/aes.o
 .text.aes_set_key
                0x08006518      0x298 Middlewares/Lora/Crypto/aes.o
                0x08006518                aes_set_key
 .text.aes_encrypt
                0x080067b0       0xa0 Middlewares/Lora/Crypto/aes.o
                0x080067b0                aes_encrypt
 .text.AES_CMAC_Init
                0x08006850       0x34 Middlewares/Lora/Crypto/cmac.o
                0x08006850                AES_CMAC_Init
 .text.AES_CMAC_SetKey
                0x08006884       0x20 Middlewares/Lora/Crypto/cmac.o
                0x08006884                AES_CMAC_SetKey
 .text.AES_CMAC_Update
                0x080068a4      0x17c Middlewares/Lora/Crypto/cmac.o
                0x080068a4                AES_CMAC_Update
 .text.AES_CMAC_Final
                0x08006a20      0x300 Middlewares/Lora/Crypto/cmac.o
                0x08006a20                AES_CMAC_Final
 .text.OnRadioTxDone
                0x08006d20      0x198 Middlewares/Lora/Mac/LoRaMac.o
 .text.PrepareRxDoneAbort
                0x08006eb8       0x58 Middlewares/Lora/Mac/LoRaMac.o
 .text.OnRadioRxDone
                0x08006f10      0xa38 Middlewares/Lora/Mac/LoRaMac.o
 .text.OnRadioTxTimeout
                0x08007948       0x48 Middlewares/Lora/Mac/LoRaMac.o
 .text.OnRadioRxError
                0x08007990       0x9c Middlewares/Lora/Mac/LoRaMac.o
 .text.OnRadioRxTimeout
                0x08007a2c       0xa4 Middlewares/Lora/Mac/LoRaMac.o
 .text.OnMacStateCheckTimerEvent
                0x08007ad0      0x4a8 Middlewares/Lora/Mac/LoRaMac.o
 .text.OnTxDelayedTimerEvent
                0x08007f78       0xd0 Middlewares/Lora/Mac/LoRaMac.o
 .text.OnRxWindow1TimerEvent
                0x08008048       0xa8 Middlewares/Lora/Mac/LoRaMac.o
 .text.OnRxWindow2TimerEvent
                0x080080f0       0xa0 Middlewares/Lora/Mac/LoRaMac.o
 .text.OnAckTimeoutTimerEvent
                0x08008190       0x58 Middlewares/Lora/Mac/LoRaMac.o
 .text.RxWindowSetup
                0x080081e8       0x3c Middlewares/Lora/Mac/LoRaMac.o
 .text.ValidatePayloadLength
                0x08008224       0xc0 Middlewares/Lora/Mac/LoRaMac.o
 .text.AddMacCommand
                0x080082e4      0x2e0 Middlewares/Lora/Mac/LoRaMac.o
 .text.ParseMacCommandsToRepeat
                0x080085c4      0x11c Middlewares/Lora/Mac/LoRaMac.o
 .text.ProcessMacCommands
                0x080086e0      0x634 Middlewares/Lora/Mac/LoRaMac.o
 .text.Send     0x08008d14       0xe8 Middlewares/Lora/Mac/LoRaMac.o
                0x08008d14                Send
 .text.ScheduleTx
                0x08008dfc      0x1e0 Middlewares/Lora/Mac/LoRaMac.o
 .text.CalculateBackOff
                0x08008fdc       0xa0 Middlewares/Lora/Mac/LoRaMac.o
 .text.ResetMacParameters
                0x0800907c      0x140 Middlewares/Lora/Mac/LoRaMac.o
 .text.PrepareFrame
                0x080091bc      0x624 Middlewares/Lora/Mac/LoRaMac.o
                0x080091bc                PrepareFrame
 .text.SendFrameOnChannel
                0x080097e0      0x120 Middlewares/Lora/Mac/LoRaMac.o
                0x080097e0                SendFrameOnChannel
 .text.SetTxContinuousWave
                0x08009900       0x9c Middlewares/Lora/Mac/LoRaMac.o
                0x08009900                SetTxContinuousWave
 .text.SetTxContinuousWave1
                0x0800999c       0x60 Middlewares/Lora/Mac/LoRaMac.o
                0x0800999c                SetTxContinuousWave1
 .text.LoRaMacInitialization
                0x080099fc      0x444 Middlewares/Lora/Mac/LoRaMac.o
                0x080099fc                LoRaMacInitialization
 .text.LoRaMacQueryTxPossible
                0x08009e40      0x17c Middlewares/Lora/Mac/LoRaMac.o
                0x08009e40                LoRaMacQueryTxPossible
 .text.LoRaMacMibGetRequestConfirm
                0x08009fbc      0x210 Middlewares/Lora/Mac/LoRaMac.o
                0x08009fbc                LoRaMacMibGetRequestConfirm
 .text.LoRaMacMibSetRequestConfirm
                0x0800a1cc      0x490 Middlewares/Lora/Mac/LoRaMac.o
                0x0800a1cc                LoRaMacMibSetRequestConfirm
 .text.LoRaMacMlmeRequest
                0x0800a65c      0x238 Middlewares/Lora/Mac/LoRaMac.o
                0x0800a65c                LoRaMacMlmeRequest
 .text.LoRaMacMcpsRequest
                0x0800a894      0x248 Middlewares/Lora/Mac/LoRaMac.o
                0x0800a894                LoRaMacMcpsRequest
 .text.LoRaMacTestSetDutyCycleOn
                0x0800aadc       0x44 Middlewares/Lora/Mac/LoRaMac.o
                0x0800aadc                LoRaMacTestSetDutyCycleOn
 .text.LoRaMacComputeMic
                0x0800ab20       0xec Middlewares/Lora/Mac/LoRaMacCrypto.o
                0x0800ab20                LoRaMacComputeMic
 .text.LoRaMacPayloadEncrypt
                0x0800ac0c      0x1d4 Middlewares/Lora/Mac/LoRaMacCrypto.o
                0x0800ac0c                LoRaMacPayloadEncrypt
 .text.LoRaMacPayloadDecrypt
                0x0800ade0       0x40 Middlewares/Lora/Mac/LoRaMacCrypto.o
                0x0800ade0                LoRaMacPayloadDecrypt
 .text.LoRaMacJoinComputeMic
                0x0800ae20       0x78 Middlewares/Lora/Mac/LoRaMacCrypto.o
                0x0800ae20                LoRaMacJoinComputeMic
 .text.LoRaMacJoinDecrypt
                0x0800ae98       0x60 Middlewares/Lora/Mac/LoRaMacCrypto.o
                0x0800ae98                LoRaMacJoinDecrypt
 .text.LoRaMacJoinComputeSKeys
                0x0800aef8       0xc0 Middlewares/Lora/Mac/LoRaMacCrypto.o
                0x0800aef8                LoRaMacJoinComputeSKeys
 .text.RegionIsActive
                0x0800afb8       0x24 Middlewares/Lora/Mac/Region.o
                0x0800afb8                RegionIsActive
 .text.RegionGetPhyParam
                0x0800afdc       0x30 Middlewares/Lora/Mac/Region.o
                0x0800afdc                RegionGetPhyParam
 .text.RegionSetBandTxDone
                0x0800b00c       0x28 Middlewares/Lora/Mac/Region.o
                0x0800b00c                RegionSetBandTxDone
 .text.RegionInitDefaults
                0x0800b034       0x30 Middlewares/Lora/Mac/Region.o
                0x0800b034                RegionInitDefaults
 .text.RegionVerify
                0x0800b064       0x3c Middlewares/Lora/Mac/Region.o
                0x0800b064                RegionVerify
 .text.RegionApplyCFList
                0x0800b0a0       0x2c Middlewares/Lora/Mac/Region.o
                0x0800b0a0                RegionApplyCFList
 .text.RegionChanMaskSet
                0x0800b0cc       0x2c Middlewares/Lora/Mac/Region.o
                0x0800b0cc                RegionChanMaskSet
 .text.RegionAdrNext
                0x0800b0f8       0x38 Middlewares/Lora/Mac/Region.o
                0x0800b0f8                RegionAdrNext
 .text.RegionComputeRxWindowParameters
                0x0800b130       0x48 Middlewares/Lora/Mac/Region.o
                0x0800b130                RegionComputeRxWindowParameters
 .text.RegionRxConfig
                0x0800b178       0x38 Middlewares/Lora/Mac/Region.o
                0x0800b178                RegionRxConfig
 .text.RegionTxConfig
                0x0800b1b0       0x38 Middlewares/Lora/Mac/Region.o
                0x0800b1b0                RegionTxConfig
 .text.RegionLinkAdrReq
                0x0800b1e8       0x40 Middlewares/Lora/Mac/Region.o
                0x0800b1e8                RegionLinkAdrReq
 .text.RegionRxParamSetupReq
                0x0800b228       0x2c Middlewares/Lora/Mac/Region.o
                0x0800b228                RegionRxParamSetupReq
 .text.RegionNewChannelReq
                0x0800b254       0x2c Middlewares/Lora/Mac/Region.o
                0x0800b254                RegionNewChannelReq
 .text.RegionTxParamSetupReq
                0x0800b280       0x2c Middlewares/Lora/Mac/Region.o
                0x0800b280                RegionTxParamSetupReq
 .text.RegionDlChannelReq
                0x0800b2ac       0x2c Middlewares/Lora/Mac/Region.o
                0x0800b2ac                RegionDlChannelReq
 .text.RegionAlternateDr
                0x0800b2d8       0x2c Middlewares/Lora/Mac/Region.o
                0x0800b2d8                RegionAlternateDr
 .text.RegionCalcBackOff
                0x0800b304       0x2c Middlewares/Lora/Mac/Region.o
                0x0800b304                RegionCalcBackOff
 .text.RegionNextChannel
                0x0800b330       0x38 Middlewares/Lora/Mac/Region.o
                0x0800b330                RegionNextChannel
 .text.RegionSetContinuousWave
                0x0800b368       0x2c Middlewares/Lora/Mac/Region.o
                0x0800b368                RegionSetContinuousWave
 .text.RegionApplyDrOffset
                0x0800b394       0x54 Middlewares/Lora/Mac/Region.o
                0x0800b394                RegionApplyDrOffset
 .text.CountChannels
                0x0800b3e8       0x80 Middlewares/Lora/Mac/RegionCommon.o
 .text.RegionCommonGetJoinDc
                0x0800b468       0x58 Middlewares/Lora/Mac/RegionCommon.o
                0x0800b468                RegionCommonGetJoinDc
 .text.RegionCommonChanVerifyDr
                0x0800b4c0      0x140 Middlewares/Lora/Mac/RegionCommon.o
                0x0800b4c0                RegionCommonChanVerifyDr
 .text.RegionCommonValueInRange
                0x0800b600       0x4c Middlewares/Lora/Mac/RegionCommon.o
                0x0800b600                RegionCommonValueInRange
 .text.RegionCommonChanDisable
                0x0800b64c       0x88 Middlewares/Lora/Mac/RegionCommon.o
                0x0800b64c                RegionCommonChanDisable
 .text.RegionCommonCountChannels
                0x0800b6d4       0x88 Middlewares/Lora/Mac/RegionCommon.o
                0x0800b6d4                RegionCommonCountChannels
 .text.RegionCommonChanMaskCopy
                0x0800b75c       0x64 Middlewares/Lora/Mac/RegionCommon.o
                0x0800b75c                RegionCommonChanMaskCopy
 .text.RegionCommonSetBandTxDone
                0x0800b7c0       0x38 Middlewares/Lora/Mac/RegionCommon.o
                0x0800b7c0                RegionCommonSetBandTxDone
 .text.RegionCommonUpdateBandTimeOff
                0x0800b7f8      0x1f4 Middlewares/Lora/Mac/RegionCommon.o
                0x0800b7f8                RegionCommonUpdateBandTimeOff
 .text.RegionCommonParseLinkAdrReq
                0x0800b9ec       0xac Middlewares/Lora/Mac/RegionCommon.o
                0x0800b9ec                RegionCommonParseLinkAdrReq
 .text.RegionCommonLinkAdrReqVerifyParams
                0x0800ba98      0x16c Middlewares/Lora/Mac/RegionCommon.o
                0x0800ba98                RegionCommonLinkAdrReqVerifyParams
 .text.RegionCommonComputeSymbolTimeLoRa
                0x0800bc04       0x58 Middlewares/Lora/Mac/RegionCommon.o
                0x0800bc04                RegionCommonComputeSymbolTimeLoRa
 .text.RegionCommonComputeSymbolTimeFsk
                0x0800bc5c       0x38 Middlewares/Lora/Mac/RegionCommon.o
                0x0800bc5c                RegionCommonComputeSymbolTimeFsk
 .text.RegionCommonComputeRxWindowParameters
                0x0800bc94      0x108 Middlewares/Lora/Mac/RegionCommon.o
                0x0800bc94                RegionCommonComputeRxWindowParameters
 .text.RegionCommonComputeTxPower
                0x0800bd9c       0x78 Middlewares/Lora/Mac/RegionCommon.o
                0x0800bd9c                RegionCommonComputeTxPower
 .text.RegionCommonCalcBackOff
                0x0800be14      0x124 Middlewares/Lora/Mac/RegionCommon.o
                0x0800be14                RegionCommonCalcBackOff
 .text.GetNextLowerTxDr
                0x0800bf38       0x54 Middlewares/Lora/Mac/RegionEU868.o
 .text.GetBandwidth
                0x0800bf8c       0x3c Middlewares/Lora/Mac/RegionEU868.o
 .text.LimitTxPower
                0x0800bfc8       0x54 Middlewares/Lora/Mac/RegionEU868.o
 .text.VerifyTxFreq
                0x0800c01c       0xf0 Middlewares/Lora/Mac/RegionEU868.o
 .text.CountNbOfEnabledChannels
                0x0800c10c      0x1dc Middlewares/Lora/Mac/RegionEU868.o
 .text.RegionEU868GetPhyParam
                0x0800c2e8      0x138 Middlewares/Lora/Mac/RegionEU868.o
                0x0800c2e8                RegionEU868GetPhyParam
 .text.RegionEU868SetBandTxDone
                0x0800c420       0x44 Middlewares/Lora/Mac/RegionEU868.o
                0x0800c420                RegionEU868SetBandTxDone
 .text.RegionEU868InitDefaults
                0x0800c464       0x7c Middlewares/Lora/Mac/RegionEU868.o
                0x0800c464                RegionEU868InitDefaults
 .text.RegionEU868Verify
                0x0800c4e0       0xb0 Middlewares/Lora/Mac/RegionEU868.o
                0x0800c4e0                RegionEU868Verify
 .text.RegionEU868ApplyCFList
                0x0800c590      0x130 Middlewares/Lora/Mac/RegionEU868.o
                0x0800c590                RegionEU868ApplyCFList
 .text.RegionEU868ChanMaskSet
                0x0800c6c0       0x4c Middlewares/Lora/Mac/RegionEU868.o
                0x0800c6c0                RegionEU868ChanMaskSet
 .text.RegionEU868AdrNext
                0x0800c70c      0x110 Middlewares/Lora/Mac/RegionEU868.o
                0x0800c70c                RegionEU868AdrNext
 .text.RegionEU868ComputeRxWindowParameters
                0x0800c81c       0xdc Middlewares/Lora/Mac/RegionEU868.o
                0x0800c81c                RegionEU868ComputeRxWindowParameters
 .text.RegionEU868RxConfig
                0x0800c8f8      0x1dc Middlewares/Lora/Mac/RegionEU868.o
                0x0800c8f8                RegionEU868RxConfig
 .text.RegionEU868TxConfig
                0x0800cad4      0x1b8 Middlewares/Lora/Mac/RegionEU868.o
                0x0800cad4                RegionEU868TxConfig
 .text.RegionEU868LinkAdrReq
                0x0800cc8c      0x2d0 Middlewares/Lora/Mac/RegionEU868.o
                0x0800cc8c                RegionEU868LinkAdrReq
 .text.RegionEU868RxParamSetupReq
                0x0800cf5c       0x94 Middlewares/Lora/Mac/RegionEU868.o
                0x0800cf5c                RegionEU868RxParamSetupReq
 .text.RegionEU868NewChannelReq
                0x0800cff0       0xe4 Middlewares/Lora/Mac/RegionEU868.o
                0x0800cff0                RegionEU868NewChannelReq
 .text.RegionEU868TxParamSetupReq
                0x0800d0d4       0x14 Middlewares/Lora/Mac/RegionEU868.o
                0x0800d0d4                RegionEU868TxParamSetupReq
 .text.RegionEU868DlChannelReq
                0x0800d0e8       0xa4 Middlewares/Lora/Mac/RegionEU868.o
                0x0800d0e8                RegionEU868DlChannelReq
 .text.RegionEU868AlternateDr
                0x0800d18c       0xac Middlewares/Lora/Mac/RegionEU868.o
                0x0800d18c                RegionEU868AlternateDr
 .text.RegionEU868CalcBackOff
                0x0800d238       0x70 Middlewares/Lora/Mac/RegionEU868.o
                0x0800d238                RegionEU868CalcBackOff
 .text.RegionEU868NextChannel
                0x0800d2a8      0x140 Middlewares/Lora/Mac/RegionEU868.o
                0x0800d2a8                RegionEU868NextChannel
 .text.RegionEU868ChannelAdd
                0x0800d3e8      0x1e8 Middlewares/Lora/Mac/RegionEU868.o
                0x0800d3e8                RegionEU868ChannelAdd
 .text.RegionEU868ChannelsRemove
                0x0800d5d0       0x60 Middlewares/Lora/Mac/RegionEU868.o
                0x0800d5d0                RegionEU868ChannelsRemove
 .text.RegionEU868SetContinuousWave
                0x0800d630       0xac Middlewares/Lora/Mac/RegionEU868.o
                0x0800d630                RegionEU868SetContinuousWave
 .text.RegionEU868ApplyDrOffset
                0x0800d6dc       0x50 Middlewares/Lora/Mac/RegionEU868.o
                0x0800d6dc                RegionEU868ApplyDrOffset
 .text.DelayMs  0x0800d72c       0x18 Middlewares/Lora/Utilities/delay.o
                0x0800d72c                DelayMs
 .text.LowPower_Disable
                0x0800d744       0x3c Middlewares/Lora/Utilities/low_power.o
                0x0800d744                LowPower_Disable
 .text.LowPower_Enable
                0x0800d780       0x40 Middlewares/Lora/Utilities/low_power.o
                0x0800d780                LowPower_Enable
 .text.LowPower_GetState
                0x0800d7c0       0x14 Middlewares/Lora/Utilities/low_power.o
                0x0800d7c0                LowPower_GetState
 .text.TimerInit
                0x0800d7d4       0x30 Middlewares/Lora/Utilities/timeServer.o
                0x0800d7d4                TimerInit
 .text.TimerStart
                0x0800d804       0xa4 Middlewares/Lora/Utilities/timeServer.o
                0x0800d804                TimerStart
 .text.TimerInsertTimer
                0x0800d8a8       0x5c Middlewares/Lora/Utilities/timeServer.o
 .text.TimerInsertNewHeadTimer
                0x0800d904       0x3c Middlewares/Lora/Utilities/timeServer.o
 .text.TimerIrqHandler
                0x0800d940       0xf0 Middlewares/Lora/Utilities/timeServer.o
                0x0800d940                TimerIrqHandler
 .text.TimerStop
                0x0800da30       0xf0 Middlewares/Lora/Utilities/timeServer.o
                0x0800da30                TimerStop
 .text.TimerExists
                0x0800db20       0x38 Middlewares/Lora/Utilities/timeServer.o
 .text.TimerSetValue
                0x0800db58       0x4c Middlewares/Lora/Utilities/timeServer.o
                0x0800db58                TimerSetValue
 .text.TimerGetCurrentTime
                0x0800dba4       0x20 Middlewares/Lora/Utilities/timeServer.o
                0x0800dba4                TimerGetCurrentTime
 .text.TimerGetElapsedTime
                0x0800dbc4       0x34 Middlewares/Lora/Utilities/timeServer.o
                0x0800dbc4                TimerGetElapsedTime
 .text.TimerSetTimeout
                0x0800dbf8       0x48 Middlewares/Lora/Utilities/timeServer.o
 .text.rand1    0x0800dc40       0x38 Middlewares/Lora/Utilities/utilities.o
                0x0800dc40                rand1
 .text.srand1   0x0800dc78       0x1c Middlewares/Lora/Utilities/utilities.o
                0x0800dc78                srand1
 .text.randr    0x0800dc94       0x2c Middlewares/Lora/Utilities/utilities.o
                0x0800dc94                randr
 .text.memcpy1  0x0800dcc0       0x38 Middlewares/Lora/Utilities/utilities.o
                0x0800dcc0                memcpy1
 .text.memcpyr  0x0800dcf8       0x44 Middlewares/Lora/Utilities/utilities.o
                0x0800dcf8                memcpyr
 .text.memset1  0x0800dd3c       0x3c Middlewares/Lora/Utilities/utilities.o
                0x0800dd3c                memset1
 .text.NVIC_SystemReset
                0x0800dd78       0x20 Projects/AT_Slave/at.o
 .text.set_at_receive
                0x0800dd98       0x58 Projects/AT_Slave/at.o
                0x0800dd98                set_at_receive
 .text.at_return_error
                0x0800ddf0       0x14 Projects/AT_Slave/at.o
                0x0800ddf0                at_return_error
 .text.at_reset
                0x0800de04       0x18 Projects/AT_Slave/at.o
                0x0800de04                at_reset
 .text.at_DevEUI_get
                0x0800de1c       0x20 Projects/AT_Slave/at.o
                0x0800de1c                at_DevEUI_get
 .text.at_AppEUI_get
                0x0800de3c       0x20 Projects/AT_Slave/at.o
                0x0800de3c                at_AppEUI_get
 .text.at_AppEUI_set
                0x0800de5c       0x70 Projects/AT_Slave/at.o
                0x0800de5c                at_AppEUI_set
 .text.at_DevAddr_set
                0x0800decc       0x6c Projects/AT_Slave/at.o
                0x0800decc                at_DevAddr_set
 .text.at_DevAddr_get
                0x0800df38       0x60 Projects/AT_Slave/at.o
                0x0800df38                at_DevAddr_get
 .text.at_AppKey_get
                0x0800df98       0x20 Projects/AT_Slave/at.o
                0x0800df98                at_AppKey_get
 .text.at_AppKey_set
                0x0800dfb8       0x34 Projects/AT_Slave/at.o
                0x0800dfb8                at_AppKey_set
 .text.at_NwkSKey_get
                0x0800dfec       0x60 Projects/AT_Slave/at.o
                0x0800dfec                at_NwkSKey_get
 .text.at_NwkSKey_set
                0x0800e04c       0x74 Projects/AT_Slave/at.o
                0x0800e04c                at_NwkSKey_set
 .text.at_AppSKey_get
                0x0800e0c0       0x60 Projects/AT_Slave/at.o
                0x0800e0c0                at_AppSKey_get
 .text.at_AppSKey_set
                0x0800e120       0x74 Projects/AT_Slave/at.o
                0x0800e120                at_AppSKey_set
 .text.at_Certif
                0x0800e194       0x18 Projects/AT_Slave/at.o
                0x0800e194                at_Certif
 .text.at_ADR_get
                0x0800e1ac       0x60 Projects/AT_Slave/at.o
                0x0800e1ac                at_ADR_get
 .text.at_ADR_set
                0x0800e20c       0x74 Projects/AT_Slave/at.o
                0x0800e20c                at_ADR_set
 .text.at_TransmitPower_get
                0x0800e280       0x60 Projects/AT_Slave/at.o
                0x0800e280                at_TransmitPower_get
 .text.at_TransmitPower_set
                0x0800e2e0       0x70 Projects/AT_Slave/at.o
                0x0800e2e0                at_TransmitPower_set
 .text.at_DataRate_get
                0x0800e350       0x60 Projects/AT_Slave/at.o
                0x0800e350                at_DataRate_get
 .text.at_DataRate_set
                0x0800e3b0       0x70 Projects/AT_Slave/at.o
                0x0800e3b0                at_DataRate_set
 .text.at_DutyCycle_set
                0x0800e420       0x34 Projects/AT_Slave/at.o
                0x0800e420                at_DutyCycle_set
 .text.at_DutyCycle_get
                0x0800e454       0x38 Projects/AT_Slave/at.o
                0x0800e454                at_DutyCycle_get
 .text.at_PublicNetwork_get
                0x0800e48c       0x60 Projects/AT_Slave/at.o
                0x0800e48c                at_PublicNetwork_get
 .text.at_PublicNetwork_set
                0x0800e4ec       0x74 Projects/AT_Slave/at.o
                0x0800e4ec                at_PublicNetwork_set
 .text.at_Rx2Frequency_get
                0x0800e560       0x60 Projects/AT_Slave/at.o
                0x0800e560                at_Rx2Frequency_get
 .text.at_Rx2Frequency_set
                0x0800e5c0       0xa8 Projects/AT_Slave/at.o
                0x0800e5c0                at_Rx2Frequency_set
 .text.at_Rx2DataRate_get
                0x0800e668       0x60 Projects/AT_Slave/at.o
                0x0800e668                at_Rx2DataRate_get
 .text.at_Rx2DataRate_set
                0x0800e6c8       0xac Projects/AT_Slave/at.o
                0x0800e6c8                at_Rx2DataRate_set
 .text.at_Rx1Delay_get
                0x0800e774       0x60 Projects/AT_Slave/at.o
                0x0800e774                at_Rx1Delay_get
 .text.at_Rx1Delay_set
                0x0800e7d4       0x70 Projects/AT_Slave/at.o
                0x0800e7d4                at_Rx1Delay_set
 .text.at_Rx2Delay_get
                0x0800e844       0x60 Projects/AT_Slave/at.o
                0x0800e844                at_Rx2Delay_get
 .text.at_Rx2Delay_set
                0x0800e8a4       0x70 Projects/AT_Slave/at.o
                0x0800e8a4                at_Rx2Delay_set
 .text.at_JoinAcceptDelay1_get
                0x0800e914       0x60 Projects/AT_Slave/at.o
                0x0800e914                at_JoinAcceptDelay1_get
 .text.at_JoinAcceptDelay1_set
                0x0800e974       0x70 Projects/AT_Slave/at.o
                0x0800e974                at_JoinAcceptDelay1_set
 .text.at_JoinAcceptDelay2_get
                0x0800e9e4       0x60 Projects/AT_Slave/at.o
                0x0800e9e4                at_JoinAcceptDelay2_get
 .text.at_JoinAcceptDelay2_set
                0x0800ea44       0x70 Projects/AT_Slave/at.o
                0x0800ea44                at_JoinAcceptDelay2_set
 .text.at_NetworkJoinMode_get
                0x0800eab4       0x28 Projects/AT_Slave/at.o
                0x0800eab4                at_NetworkJoinMode_get
 .text.at_NetworkJoinMode_set
                0x0800eadc       0x44 Projects/AT_Slave/at.o
                0x0800eadc                at_NetworkJoinMode_set
 .text.at_NetworkID_get
                0x0800eb20       0x60 Projects/AT_Slave/at.o
                0x0800eb20                at_NetworkID_get
 .text.at_NetworkID_set
                0x0800eb80       0x6c Projects/AT_Slave/at.o
                0x0800eb80                at_NetworkID_set
 .text.at_UplinkCounter_get
                0x0800ebec       0x60 Projects/AT_Slave/at.o
                0x0800ebec                at_UplinkCounter_get
 .text.at_UplinkCounter_set
                0x0800ec4c       0x70 Projects/AT_Slave/at.o
                0x0800ec4c                at_UplinkCounter_set
 .text.at_DownlinkCounter_get
                0x0800ecbc       0x60 Projects/AT_Slave/at.o
                0x0800ecbc                at_DownlinkCounter_get
 .text.at_DownlinkCounter_set
                0x0800ed1c       0x70 Projects/AT_Slave/at.o
                0x0800ed1c                at_DownlinkCounter_set
 .text.at_DeviceClass_get
                0x0800ed8c       0x6c Projects/AT_Slave/at.o
                0x0800ed8c                at_DeviceClass_get
 .text.at_DeviceClass_set
                0x0800edf8       0x70 Projects/AT_Slave/at.o
                0x0800edf8                at_DeviceClass_set
 .text.at_Join  0x0800ee68       0x44 Projects/AT_Slave/at.o
                0x0800ee68                at_Join
 .text.at_NetworkJoinStatus
                0x0800eeac       0x48 Projects/AT_Slave/at.o
                0x0800eeac                at_NetworkJoinStatus
 .text.at_SendBinary
                0x0800eef4       0x54 Projects/AT_Slave/at.o
                0x0800eef4                at_SendBinary
 .text.at_Send  0x0800ef48       0x54 Projects/AT_Slave/at.o
                0x0800ef48                at_Send
 .text.at_ReceiveBinary
                0x0800ef9c       0x74 Projects/AT_Slave/at.o
                0x0800ef9c                at_ReceiveBinary
 .text.at_Receive
                0x0800f010       0x5c Projects/AT_Slave/at.o
                0x0800f010                at_Receive
 .text.at_version_get
                0x0800f06c       0x20 Projects/AT_Slave/at.o
                0x0800f06c                at_version_get
 .text.at_ack_set
                0x0800f08c       0x34 Projects/AT_Slave/at.o
                0x0800f08c                at_ack_set
 .text.at_ack_get
                0x0800f0c0       0x28 Projects/AT_Slave/at.o
                0x0800f0c0                at_ack_get
 .text.at_isack_get
                0x0800f0e8       0x28 Projects/AT_Slave/at.o
                0x0800f0e8                at_isack_get
 .text.at_snr_get
                0x0800f110       0x20 Projects/AT_Slave/at.o
                0x0800f110                at_snr_get
 .text.at_rssi_get
                0x0800f130       0x20 Projects/AT_Slave/at.o
                0x0800f130                at_rssi_get
 .text.at_bat_get
                0x0800f150       0x20 Projects/AT_Slave/at.o
                0x0800f150                at_bat_get
 .text.at_test_txTone
                0x0800f170       0x28 Projects/AT_Slave/at.o
                0x0800f170                at_test_txTone
 .text.at_test_rxTone
                0x0800f198       0x28 Projects/AT_Slave/at.o
                0x0800f198                at_test_rxTone
 .text.at_test_txlora
                0x0800f1c0       0x28 Projects/AT_Slave/at.o
                0x0800f1c0                at_test_txlora
 .text.at_test_rxlora
                0x0800f1e8       0x18 Projects/AT_Slave/at.o
                0x0800f1e8                at_test_rxlora
 .text.at_test_get_lora_config
                0x0800f200       0x28 Projects/AT_Slave/at.o
                0x0800f200                at_test_get_lora_config
 .text.at_test_set_lora_config
                0x0800f228       0x28 Projects/AT_Slave/at.o
                0x0800f228                at_test_set_lora_config
 .text.at_test_stop
                0x0800f250       0x18 Projects/AT_Slave/at.o
                0x0800f250                at_test_stop
 .text.translate_status
                0x0800f268       0x48 Projects/AT_Slave/at.o
 .text.sscanf_16_hhx
                0x0800f2b0       0xcc Projects/AT_Slave/at.o
 .text.print_16_02x
                0x0800f37c       0xd8 Projects/AT_Slave/at.o
 .text.sscanf_uint32_as_hhx
                0x0800f454       0x38 Projects/AT_Slave/at.o
 .text.print_uint32_as_02x
                0x0800f48c       0x3c Projects/AT_Slave/at.o
 .text.print_8_02x
                0x0800f4c8       0x68 Projects/AT_Slave/at.o
 .text.print_d  0x0800f530       0x20 Projects/AT_Slave/at.o
 .text.print_u  0x0800f550       0x20 Projects/AT_Slave/at.o
 .text.CMD_Init
                0x0800f570       0x14 Projects/AT_Slave/command.o
                0x0800f570                CMD_Init
 .text.CMD_Process
                0x0800f584       0xa4 Projects/AT_Slave/command.o
                0x0800f584                CMD_Process
 .text.com_error
                0x0800f628       0x38 Projects/AT_Slave/command.o
 .text.parse_cmd
                0x0800f660      0x17c Projects/AT_Slave/command.o
 .text.LL_APB2_GRP1_EnableClock
                0x0800f7dc       0x2c Projects/AT_Slave/debug.o
 .text.LL_GPIO_SetOutputPin
                0x0800f808       0x18 Projects/AT_Slave/debug.o
 .text.LL_GPIO_ResetOutputPin
                0x0800f820       0x18 Projects/AT_Slave/debug.o
 .text.LL_DBGMCU_EnableDBGSleepMode
                0x0800f838       0x1c Projects/AT_Slave/debug.o
 .text.LL_DBGMCU_EnableDBGStopMode
                0x0800f854       0x1c Projects/AT_Slave/debug.o
 .text.LL_DBGMCU_EnableDBGStandbyMode
                0x0800f870       0x1c Projects/AT_Slave/debug.o
 .text.HW_GPIO_Write
                0x0800f88c       0x44 Projects/AT_Slave/debug.o
 .text.DBG_Init
                0x0800f8d0       0x80 Projects/AT_Slave/debug.o
                0x0800f8d0                DBG_Init
 .text.Error_Handler
                0x0800f950        0x8 Projects/AT_Slave/debug.o
                0x0800f950                Error_Handler
 .text.NVIC_EnableIRQ
                0x0800f958       0x2c Projects/AT_Slave/hw_gpio.o
 .text.NVIC_SetPriority
                0x0800f984       0xdc Projects/AT_Slave/hw_gpio.o
 .text.LL_APB2_GRP1_EnableClock
                0x0800fa60       0x2c Projects/AT_Slave/hw_gpio.o
 .text.LL_IOP_GRP1_EnableClock
                0x0800fa8c       0x2c Projects/AT_Slave/hw_gpio.o
 .text.LL_EXTI_EnableIT_0_31
                0x0800fab8       0x20 Projects/AT_Slave/hw_gpio.o
 .text.LL_EXTI_DisableEvent_0_31
                0x0800fad8       0x24 Projects/AT_Slave/hw_gpio.o
 .text.LL_EXTI_EnableRisingTrig_0_31
                0x0800fafc       0x20 Projects/AT_Slave/hw_gpio.o
 .text.LL_EXTI_DisableFallingTrig_0_31
                0x0800fb1c       0x24 Projects/AT_Slave/hw_gpio.o
 .text.LL_EXTI_ReadFlag_0_31
                0x0800fb40       0x1c Projects/AT_Slave/hw_gpio.o
 .text.LL_EXTI_ClearFlag_0_31
                0x0800fb5c       0x1c Projects/AT_Slave/hw_gpio.o
 .text.LL_GPIO_SetPinMode
                0x0800fb78       0x3c Projects/AT_Slave/hw_gpio.o
 .text.LL_GPIO_SetPinOutputType
                0x0800fbb4       0x2c Projects/AT_Slave/hw_gpio.o
 .text.LL_GPIO_SetPinSpeed
                0x0800fbe0       0x3c Projects/AT_Slave/hw_gpio.o
 .text.LL_GPIO_SetPinPull
                0x0800fc1c       0x3c Projects/AT_Slave/hw_gpio.o
 .text.LL_SYSCFG_SetEXTISource
                0x0800fc58       0x4c Projects/AT_Slave/hw_gpio.o
 .text.HW_GPIO_Init
                0x0800fca4       0x84 Projects/AT_Slave/hw_gpio.o
                0x0800fca4                HW_GPIO_Init
 .text.HW_GPIO_SetIrq
                0x0800fd28       0x74 Projects/AT_Slave/hw_gpio.o
                0x0800fd28                HW_GPIO_SetIrq
 .text.HW_GPIO_IrqHandler
                0x0800fd9c       0x3c Projects/AT_Slave/hw_gpio.o
                0x0800fd9c                HW_GPIO_IrqHandler
 .text.HW_GPIO_EXTI_IRQHandler
                0x0800fdd8       0x38 Projects/AT_Slave/hw_gpio.o
                0x0800fdd8                HW_GPIO_EXTI_IRQHandler
 .text.HW_GPIO_GetBitPos
                0x0800fe10       0x98 Projects/AT_Slave/hw_gpio.o
 .text.HW_GPIO_Init_singlepin
                0x0800fea8      0x180 Projects/AT_Slave/hw_gpio.o
 .text.HW_GPIO_Init_HAL
                0x08010028       0x58 Projects/AT_Slave/hw_gpio.o
 .text.GetIRQn  0x08010080       0x38 Projects/AT_Slave/hw_gpio.o
 .text.NVIC_EnableIRQ
                0x080100b8       0x2c Projects/AT_Slave/hw_rtc.o
 .text.NVIC_SetPriority
                0x080100e4       0xdc Projects/AT_Slave/hw_rtc.o
 .text.LL_APB1_GRP1_EnableClock
                0x080101c0       0x2c Projects/AT_Slave/hw_rtc.o
 .text.LL_APB1_GRP1_IsEnabledClock
                0x080101ec       0x28 Projects/AT_Slave/hw_rtc.o
 .text.LL_APB1_GRP1_DisableClock
                0x08010214       0x24 Projects/AT_Slave/hw_rtc.o
 .text.LL_EXTI_EnableIT_0_31
                0x08010238       0x20 Projects/AT_Slave/hw_rtc.o
 .text.LL_EXTI_EnableRisingTrig_0_31
                0x08010258       0x20 Projects/AT_Slave/hw_rtc.o
 .text.LL_EXTI_ClearFlag_0_31
                0x08010278       0x1c Projects/AT_Slave/hw_rtc.o
 .text.LL_PWR_EnableBkUpAccess
                0x08010294       0x1c Projects/AT_Slave/hw_rtc.o
 .text.LL_PWR_DisableBkUpAccess
                0x080102b0       0x20 Projects/AT_Slave/hw_rtc.o
 .text.LL_PWR_IsEnabledBkUpAccess
                0x080102d0       0x20 Projects/AT_Slave/hw_rtc.o
 .text.LL_RCC_LSE_Enable
                0x080102f0       0x1c Projects/AT_Slave/hw_rtc.o
 .text.LL_RCC_SetRTCClockSource
                0x0801030c       0x28 Projects/AT_Slave/hw_rtc.o
 .text.LL_RCC_GetRTCClockSource
                0x08010334       0x18 Projects/AT_Slave/hw_rtc.o
 .text.LL_RCC_EnableRTC
                0x0801034c       0x1c Projects/AT_Slave/hw_rtc.o
 .text.LL_RCC_ForceBackupDomainReset
                0x08010368       0x1c Projects/AT_Slave/hw_rtc.o
 .text.LL_RCC_ReleaseBackupDomainReset
                0x08010384       0x20 Projects/AT_Slave/hw_rtc.o
 .text.LL_RTC_SetHourFormat
                0x080103a4       0x24 Projects/AT_Slave/hw_rtc.o
 .text.LL_RTC_SetAlarmOutEvent
                0x080103c8       0x28 Projects/AT_Slave/hw_rtc.o
 .text.LL_RTC_SetAlarmOutputType
                0x080103f0       0x24 Projects/AT_Slave/hw_rtc.o
 .text.LL_RTC_DisableInitMode
                0x08010414       0x18 Projects/AT_Slave/hw_rtc.o
 .text.LL_RTC_SetOutputPolarity
                0x0801042c       0x28 Projects/AT_Slave/hw_rtc.o
 .text.LL_RTC_EnableShadowRegBypass
                0x08010454       0x1c Projects/AT_Slave/hw_rtc.o
 .text.LL_RTC_IsShadowRegBypassEnabled
                0x08010470       0x20 Projects/AT_Slave/hw_rtc.o
 .text.LL_RTC_SetAsynchPrescaler
                0x08010490       0x28 Projects/AT_Slave/hw_rtc.o
 .text.LL_RTC_SetSynchPrescaler
                0x080104b8       0x24 Projects/AT_Slave/hw_rtc.o
 .text.LL_RTC_EnableWriteProtection
                0x080104dc       0x18 Projects/AT_Slave/hw_rtc.o
 .text.LL_RTC_DisableWriteProtection
                0x080104f4       0x1c Projects/AT_Slave/hw_rtc.o
 .text.LL_RTC_DisableOutRemap
                0x08010510       0x20 Projects/AT_Slave/hw_rtc.o
 .text.LL_RTC_TIME_Config
                0x08010530       0x50 Projects/AT_Slave/hw_rtc.o
 .text.LL_RTC_TIME_DisableDayLightStore
                0x08010580       0x20 Projects/AT_Slave/hw_rtc.o
 .text.LL_RTC_DATE_Config
                0x080105a0       0x50 Projects/AT_Slave/hw_rtc.o
 .text.LL_RTC_ALMA_Enable
                0x080105f0       0x20 Projects/AT_Slave/hw_rtc.o
 .text.LL_RTC_ALMA_Disable
                0x08010610       0x20 Projects/AT_Slave/hw_rtc.o
 .text.LL_RTC_ALMA_SetMask
                0x08010630       0x28 Projects/AT_Slave/hw_rtc.o
 .text.LL_RTC_ALMA_DisableWeekday
                0x08010658       0x20 Projects/AT_Slave/hw_rtc.o
 .text.LL_RTC_ALMA_SetDay
                0x08010678       0x28 Projects/AT_Slave/hw_rtc.o
 .text.LL_RTC_ALMA_ConfigTime
                0x080106a0       0x50 Projects/AT_Slave/hw_rtc.o
 .text.LL_RTC_ALMA_SetSubSecondMask
                0x080106f0       0x28 Projects/AT_Slave/hw_rtc.o
 .text.LL_RTC_ALMA_SetSubSecond
                0x08010718       0x24 Projects/AT_Slave/hw_rtc.o
 .text.LL_RTC_IsActiveFlag_ALRA
                0x0801073c       0x20 Projects/AT_Slave/hw_rtc.o
 .text.LL_RTC_ClearFlag_ALRA
                0x0801075c       0x24 Projects/AT_Slave/hw_rtc.o
 .text.LL_RTC_IsActiveFlag_ALRAW
                0x08010780       0x20 Projects/AT_Slave/hw_rtc.o
 .text.LL_RTC_EnableIT_ALRA
                0x080107a0       0x20 Projects/AT_Slave/hw_rtc.o
 .text.LL_RTC_DisableIT_ALRA
                0x080107c0       0x20 Projects/AT_Slave/hw_rtc.o
 .text.HW_RTC_Init
                0x080107e0       0x28 Projects/AT_Slave/hw_rtc.o
                0x080107e0                HW_RTC_Init
 .text.HW_RTC_GetMinimumTimeout
                0x08010808        0xc Projects/AT_Slave/hw_rtc.o
                0x08010808                HW_RTC_GetMinimumTimeout
 .text.HW_RTC_ms2Tick
                0x08010814       0x30 Projects/AT_Slave/hw_rtc.o
                0x08010814                HW_RTC_ms2Tick
 .text.HW_RTC_Tick2ms
                0x08010844       0x64 Projects/AT_Slave/hw_rtc.o
                0x08010844                HW_RTC_Tick2ms
 .text.HW_RTC_SetAlarm
                0x080108a8       0x60 Projects/AT_Slave/hw_rtc.o
                0x080108a8                HW_RTC_SetAlarm
 .text.HW_RTC_GetTimerElapsedTime
                0x08010908       0x2c Projects/AT_Slave/hw_rtc.o
                0x08010908                HW_RTC_GetTimerElapsedTime
 .text.HW_RTC_GetTimerValue
                0x08010934       0x24 Projects/AT_Slave/hw_rtc.o
                0x08010934                HW_RTC_GetTimerValue
 .text.HW_RTC_StopAlarm
                0x08010958       0x1c Projects/AT_Slave/hw_rtc.o
                0x08010958                HW_RTC_StopAlarm
 .text.HW_RTC_IrqHandler
                0x08010974       0x10 Projects/AT_Slave/hw_rtc.o
                0x08010974                HW_RTC_IrqHandler
 .text.HW_RTC_DelayMs
                0x08010984       0x40 Projects/AT_Slave/hw_rtc.o
                0x08010984                HW_RTC_DelayMs
 .text.HW_RTC_SetTimerContext
                0x080109c4       0x2c Projects/AT_Slave/hw_rtc.o
                0x080109c4                HW_RTC_SetTimerContext
 .text.HW_RTC_GetTimerContext
                0x080109f0       0x14 Projects/AT_Slave/hw_rtc.o
                0x080109f0                HW_RTC_GetTimerContext
 .text.HW_RTC_SetConfig
                0x08010a04       0xe0 Projects/AT_Slave/hw_rtc.o
 .text.HW_RTC_SetAlarmConfig
                0x08010ae4       0x10 Projects/AT_Slave/hw_rtc.o
 .text.HW_RTC_StartWakeUpAlarm
                0x08010af4      0x34c Projects/AT_Slave/hw_rtc.o
 .text.HW_RTC_GetCalendarValue
                0x08010e40      0x1b0 Projects/AT_Slave/hw_rtc.o
 .text.HW_RTC_ByteToBcd2
                0x08010ff0       0x3c Projects/AT_Slave/hw_rtc.o
 .text.HW_RTC_Bcd2ToByte
                0x0801102c       0x34 Projects/AT_Slave/hw_rtc.o
 .text.HW_RTC_DeactivateAlarm
                0x08011060       0x3c Projects/AT_Slave/hw_rtc.o
 .text.HW_RTC_AlarmIRQHandler
                0x0801109c       0x38 Projects/AT_Slave/hw_rtc.o
 .text.HW_RCC_OscConfig
                0x080110d4       0x88 Projects/AT_Slave/hw_rtc.o
 .text.HW_RCCEx_PeriphCLKConfig
                0x0801115c       0x8c Projects/AT_Slave/hw_rtc.o
 .text.LL_APB2_GRP1_EnableClock
                0x080111e8       0x2c Projects/AT_Slave/hw_spi.o
 .text.LL_GPIO_SetOutputPin
                0x08011214       0x18 Projects/AT_Slave/hw_spi.o
 .text.LL_GPIO_ResetOutputPin
                0x0801122c       0x18 Projects/AT_Slave/hw_spi.o
 .text.LL_SPI_Enable
                0x08011244       0x1c Projects/AT_Slave/hw_spi.o
 .text.LL_SPI_IsEnabled
                0x08011260       0x20 Projects/AT_Slave/hw_spi.o
 .text.LL_SPI_IsActiveFlag_RXNE
                0x08011280       0x20 Projects/AT_Slave/hw_spi.o
 .text.LL_SPI_IsActiveFlag_BSY
                0x080112a0       0x20 Projects/AT_Slave/hw_spi.o
 .text.LL_SPI_ReceiveData8
                0x080112c0       0x18 Projects/AT_Slave/hw_spi.o
 .text.LL_SPI_TransmitData8
                0x080112d8       0x20 Projects/AT_Slave/hw_spi.o
 .text.HW_GPIO_Write
                0x080112f8       0x44 Projects/AT_Slave/hw_spi.o
 .text.HW_SPI_Init
                0x0801133c       0x7c Projects/AT_Slave/hw_spi.o
                0x0801133c                HW_SPI_Init
 .text.HW_SPI_IoInit
                0x080113b8       0x80 Projects/AT_Slave/hw_spi.o
                0x080113b8                HW_SPI_IoInit
 .text.HW_SPI_InOut
                0x08011438       0x70 Projects/AT_Slave/hw_spi.o
                0x08011438                HW_SPI_InOut
 .text.SpiFrequency
                0x080114a8       0x48 Projects/AT_Slave/hw_spi.o
 .text.PrepareTxFrame
                0x080114f0       0xac Projects/AT_Slave/lora.o
 .text.SendFrame
                0x0801159c       0xe8 Projects/AT_Slave/lora.o
 .text.OnSendEvent
                0x08011684       0x54 Projects/AT_Slave/lora.o
                0x08011684                OnSendEvent
 .text.OnTxNextPacketTimerEvent
                0x080116d8       0x1c Projects/AT_Slave/lora.o
 .text.McpsConfirm
                0x080116f4       0x48 Projects/AT_Slave/lora.o
 .text.set_comm_param
                0x0801173c       0x2c Projects/AT_Slave/lora.o
 .text.McpsIndication
                0x08011768      0x310 Projects/AT_Slave/lora.o
 .text.MlmeConfirm
                0x08011a78       0x70 Projects/AT_Slave/lora.o
 .text.OnCertifTimer
                0x08011ae8       0x68 Projects/AT_Slave/lora.o
                0x08011ae8                OnCertifTimer
 .text.lora_wan_certif
                0x08011b50       0x3c Projects/AT_Slave/lora.o
                0x08011b50                lora_wan_certif
 .text.lora_join
                0x08011b8c       0x80 Projects/AT_Slave/lora.o
                0x08011b8c                lora_join
 .text.lora_send
                0x08011c0c      0x170 Projects/AT_Slave/lora.o
                0x08011c0c                lora_send
 .text.lora_Init
                0x08011d7c       0xd8 Projects/AT_Slave/lora.o
                0x08011d7c                lora_Init
 .text.lora_fsm
                0x08011e54      0x210 Projects/AT_Slave/lora.o
                0x08011e54                lora_fsm
 .text.lora_getDeviceState
                0x08012064       0x14 Projects/AT_Slave/lora.o
                0x08012064                lora_getDeviceState
 .text.lora_config_otaa_set
                0x08012078       0x20 Projects/AT_Slave/lora.o
                0x08012078                lora_config_otaa_set
 .text.lora_config_otaa_get
                0x08012098       0x14 Projects/AT_Slave/lora.o
                0x08012098                lora_config_otaa_get
 .text.lora_config_duty_cycle_set
                0x080120ac       0x34 Projects/AT_Slave/lora.o
                0x080120ac                lora_config_duty_cycle_set
 .text.lora_config_duty_cycle_get
                0x080120e0       0x14 Projects/AT_Slave/lora.o
                0x080120e0                lora_config_duty_cycle_get
 .text.lora_config_deveui_get
                0x080120f4       0x10 Projects/AT_Slave/lora.o
                0x080120f4                lora_config_deveui_get
 .text.lora_config_appeui_get
                0x08012104       0x10 Projects/AT_Slave/lora.o
                0x08012104                lora_config_appeui_get
 .text.lora_config_appeui_set
                0x08012114       0x20 Projects/AT_Slave/lora.o
                0x08012114                lora_config_appeui_set
 .text.lora_config_appkey_get
                0x08012134       0x10 Projects/AT_Slave/lora.o
                0x08012134                lora_config_appkey_get
 .text.lora_config_appkey_set
                0x08012144       0x20 Projects/AT_Slave/lora.o
                0x08012144                lora_config_appkey_set
 .text.lora_config_reqack_set
                0x08012164       0x24 Projects/AT_Slave/lora.o
                0x08012164                lora_config_reqack_set
 .text.lora_config_reqack_get
                0x08012188       0x14 Projects/AT_Slave/lora.o
                0x08012188                lora_config_reqack_get
 .text.lora_config_snr_get
                0x0801219c       0x18 Projects/AT_Slave/lora.o
                0x0801219c                lora_config_snr_get
 .text.lora_config_rssi_get
                0x080121b4       0x14 Projects/AT_Slave/lora.o
                0x080121b4                lora_config_rssi_get
 .text.lora_config_isack_get
                0x080121c8       0x20 Projects/AT_Slave/lora.o
                0x080121c8                lora_config_isack_get
 .text.lora_config_application_port_set
                0x080121e8       0x24 Projects/AT_Slave/lora.o
                0x080121e8                lora_config_application_port_set
 .text.lora_config_application_port_get
                0x0801220c       0x14 Projects/AT_Slave/lora.o
                0x0801220c                lora_config_application_port_get
 .text.LL_APB1_GRP1_EnableClock
                0x08012220       0x2c Projects/AT_Slave/main.o
 .text.LL_PWR_DisablePVD
                0x0801224c       0x1c Projects/AT_Slave/main.o
 .text.LL_PWR_EnableUltraLowPower
                0x08012268       0x1c Projects/AT_Slave/main.o
 .text.LL_PWR_EnableFastWakeUp
                0x08012284       0x1c Projects/AT_Slave/main.o
 .text.LL_FLASH_EnablePrefetch
                0x080122a0       0x1c Projects/AT_Slave/main.o
 .text.LL_FLASH_EnableSleepPowerDown
                0x080122bc       0x1c Projects/AT_Slave/main.o
 .text.LL_FLASH_DisableSleepPowerDown
                0x080122d8       0x1c Projects/AT_Slave/main.o
 .text.HW_Main_Init
                0x080122f4       0x30 Projects/AT_Slave/main.o
                0x080122f4                HW_Main_Init
 .text.main     0x08012324       0x48 Projects/AT_Slave/main.o
                0x08012324                main
 .text.LoraTxData
                0x0801236c       0x2c Projects/AT_Slave/main.o
 .text.LoraRxData
                0x08012398       0x24 Projects/AT_Slave/main.o
 .text.LL_ADC_SetCommonFrequencyMode
                0x080123bc       0x28 Projects/AT_Slave/mlm32l0xx_hw.o
 .text.LL_ADC_SetCommonPathInternalCh
                0x080123e4       0x28 Projects/AT_Slave/mlm32l0xx_hw.o
 .text.LL_ADC_SetClock
                0x0801240c       0x24 Projects/AT_Slave/mlm32l0xx_hw.o
 .text.LL_ADC_SetResolution
                0x08012430       0x24 Projects/AT_Slave/mlm32l0xx_hw.o
 .text.LL_ADC_SetSamplingTimeCommonChannels
                0x08012454       0x24 Projects/AT_Slave/mlm32l0xx_hw.o
 .text.LL_ADC_REG_SetTriggerSource
                0x08012478       0x28 Projects/AT_Slave/mlm32l0xx_hw.o
 .text.LL_ADC_REG_IsTriggerSourceSWStart
                0x080124a0       0x20 Projects/AT_Slave/mlm32l0xx_hw.o
 .text.LL_ADC_REG_SetTriggerEdge
                0x080124c0       0x28 Projects/AT_Slave/mlm32l0xx_hw.o
 .text.LL_ADC_REG_SetSequencerChAdd
                0x080124e8       0x24 Projects/AT_Slave/mlm32l0xx_hw.o
 .text.LL_ADC_REG_SetSequencerChRem
                0x0801250c       0x24 Projects/AT_Slave/mlm32l0xx_hw.o
 .text.LL_ADC_SetOverSamplingScope
                0x08012530       0x24 Projects/AT_Slave/mlm32l0xx_hw.o
 .text.LL_ADC_GetOverSamplingScope
                0x08012554       0x18 Projects/AT_Slave/mlm32l0xx_hw.o
 .text.LL_ADC_EnableInternalRegulator
                0x0801256c       0x28 Projects/AT_Slave/mlm32l0xx_hw.o
 .text.LL_ADC_IsInternalRegulatorEnabled
                0x08012594       0x20 Projects/AT_Slave/mlm32l0xx_hw.o
 .text.LL_ADC_Enable
                0x080125b4       0x24 Projects/AT_Slave/mlm32l0xx_hw.o
 .text.LL_ADC_Disable
                0x080125d8       0x24 Projects/AT_Slave/mlm32l0xx_hw.o
 .text.LL_ADC_IsEnabled
                0x080125fc       0x20 Projects/AT_Slave/mlm32l0xx_hw.o
 .text.LL_ADC_IsDisableOngoing
                0x0801261c       0x20 Projects/AT_Slave/mlm32l0xx_hw.o
 .text.LL_ADC_StartCalibration
                0x0801263c       0x28 Projects/AT_Slave/mlm32l0xx_hw.o
 .text.LL_ADC_IsCalibrationOnGoing
                0x08012664       0x18 Projects/AT_Slave/mlm32l0xx_hw.o
 .text.LL_ADC_REG_StartConversion
                0x0801267c       0x24 Projects/AT_Slave/mlm32l0xx_hw.o
 .text.LL_ADC_REG_IsConversionOngoing
                0x080126a0       0x20 Projects/AT_Slave/mlm32l0xx_hw.o
 .text.LL_ADC_REG_ReadConversionData12
                0x080126c0       0x18 Projects/AT_Slave/mlm32l0xx_hw.o
 .text.LL_ADC_IsActiveFlag_ADRDY
                0x080126d8       0x20 Projects/AT_Slave/mlm32l0xx_hw.o
 .text.LL_ADC_IsActiveFlag_EOC
                0x080126f8       0x20 Projects/AT_Slave/mlm32l0xx_hw.o
 .text.LL_ADC_IsActiveFlag_EOS
                0x08012718       0x20 Projects/AT_Slave/mlm32l0xx_hw.o
 .text.LL_ADC_ClearFlag_ADRDY
                0x08012738       0x18 Projects/AT_Slave/mlm32l0xx_hw.o
 .text.LL_ADC_ClearFlag_EOC
                0x08012750       0x18 Projects/AT_Slave/mlm32l0xx_hw.o
 .text.LL_ADC_ClearFlag_EOSMP
                0x08012768       0x18 Projects/AT_Slave/mlm32l0xx_hw.o
 .text.LL_ADC_DisableIT_EOC
                0x08012780       0x20 Projects/AT_Slave/mlm32l0xx_hw.o
 .text.LL_ADC_DisableIT_EOS
                0x080127a0       0x20 Projects/AT_Slave/mlm32l0xx_hw.o
 .text.LL_APB1_GRP1_EnableClock
                0x080127c0       0x2c Projects/AT_Slave/mlm32l0xx_hw.o
 .text.LL_APB2_GRP1_EnableClock
                0x080127ec       0x2c Projects/AT_Slave/mlm32l0xx_hw.o
 .text.LL_APB2_GRP1_DisableClock
                0x08012818       0x24 Projects/AT_Slave/mlm32l0xx_hw.o
 .text.LL_IOP_GRP1_DisableClock
                0x0801283c       0x24 Projects/AT_Slave/mlm32l0xx_hw.o
 .text.LL_PWR_SetRegulVoltageScaling
                0x08012860       0x28 Projects/AT_Slave/mlm32l0xx_hw.o
 .text.LL_PWR_IsActiveFlag_VREFINTRDY
                0x08012888       0x1c Projects/AT_Slave/mlm32l0xx_hw.o
 .text.LL_PWR_IsActiveFlag_VOSF
                0x080128a4       0x1c Projects/AT_Slave/mlm32l0xx_hw.o
 .text.LL_RCC_HSI_Enable
                0x080128c0       0x1c Projects/AT_Slave/mlm32l0xx_hw.o
 .text.LL_RCC_HSI_IsReady
                0x080128dc       0x1c Projects/AT_Slave/mlm32l0xx_hw.o
 .text.LL_RCC_HSI_SetCalibTrimming
                0x080128f8       0x2c Projects/AT_Slave/mlm32l0xx_hw.o
 .text.LL_RCC_SetSysClkSource
                0x08012924       0x28 Projects/AT_Slave/mlm32l0xx_hw.o
 .text.LL_RCC_GetSysClkSource
                0x0801294c       0x18 Projects/AT_Slave/mlm32l0xx_hw.o
 .text.LL_RCC_SetAHBPrescaler
                0x08012964       0x28 Projects/AT_Slave/mlm32l0xx_hw.o
 .text.LL_RCC_SetAPB1Prescaler
                0x0801298c       0x28 Projects/AT_Slave/mlm32l0xx_hw.o
 .text.LL_RCC_SetAPB2Prescaler
                0x080129b4       0x28 Projects/AT_Slave/mlm32l0xx_hw.o
 .text.LL_RCC_GetAHBPrescaler
                0x080129dc       0x18 Projects/AT_Slave/mlm32l0xx_hw.o
 .text.LL_RCC_PLL_Enable
                0x080129f4       0x1c Projects/AT_Slave/mlm32l0xx_hw.o
 .text.LL_RCC_PLL_Disable
                0x08012a10       0x20 Projects/AT_Slave/mlm32l0xx_hw.o
 .text.LL_RCC_PLL_IsReady
                0x08012a30       0x20 Projects/AT_Slave/mlm32l0xx_hw.o
 .text.LL_RCC_PLL_ConfigDomain_SYS
                0x08012a50       0x34 Projects/AT_Slave/mlm32l0xx_hw.o
 .text.LL_RCC_PLL_GetMainSource
                0x08012a84       0x18 Projects/AT_Slave/mlm32l0xx_hw.o
 .text.LL_FLASH_SetLatency
                0x08012a9c       0x28 Projects/AT_Slave/mlm32l0xx_hw.o
 .text.LL_FLASH_GetLatency
                0x08012ac4       0x18 Projects/AT_Slave/mlm32l0xx_hw.o
 .text.HW_Init  0x08012adc       0x34 Projects/AT_Slave/mlm32l0xx_hw.o
                0x08012adc                HW_Init
 .text.HW_GpioInit
                0x08012b10       0x88 Projects/AT_Slave/mlm32l0xx_hw.o
                0x08012b10                HW_GpioInit
 .text.SystemClock_Config
                0x08012b98       0x30 Projects/AT_Slave/mlm32l0xx_hw.o
                0x08012b98                SystemClock_Config
 .text.HW_GetRandomSeed
                0x08012bc8       0x28 Projects/AT_Slave/mlm32l0xx_hw.o
                0x08012bc8                HW_GetRandomSeed
 .text.HW_GetUniqueId
                0x08012bf0       0x90 Projects/AT_Slave/mlm32l0xx_hw.o
                0x08012bf0                HW_GetUniqueId
 .text.HW_GetBatteryLevel
                0x08012c80       0xb4 Projects/AT_Slave/mlm32l0xx_hw.o
                0x08012c80                HW_GetBatteryLevel
 .text.HW_RCC_OscConfig
                0x08012d34       0x7c Projects/AT_Slave/mlm32l0xx_hw.o
 .text.HW_RCC_ClockConfig
                0x08012db0       0x94 Projects/AT_Slave/mlm32l0xx_hw.o
 .text.HW_ADC_IS_ENABLE
                0x08012e44       0x40 Projects/AT_Slave/mlm32l0xx_hw.o
 .text.HW_ADC_Init
                0x08012e84      0x13c Projects/AT_Slave/mlm32l0xx_hw.o
 .text.HW_ADC_DelayMicroSecond
                0x08012fc0       0x3c Projects/AT_Slave/mlm32l0xx_hw.o
 .text.HW_ADC_DeselectChannel
                0x08012ffc       0x4c Projects/AT_Slave/mlm32l0xx_hw.o
 .text.HW_ADC_SelectChannel
                0x08013048       0xb0 Projects/AT_Slave/mlm32l0xx_hw.o
 .text.HW_ADC_Enable
                0x080130f8       0x5c Projects/AT_Slave/mlm32l0xx_hw.o
 .text.HW_ADC_Start
                0x08013154       0x70 Projects/AT_Slave/mlm32l0xx_hw.o
 .text.HW_ADC_PollForConversion
                0x080131c4       0xe4 Projects/AT_Slave/mlm32l0xx_hw.o
 .text.HW_AdcInit
                0x080132a8       0x54 Projects/AT_Slave/mlm32l0xx_hw.o
 .text.HW_AdcReadChannel
                0x080132fc       0xd8 Projects/AT_Slave/mlm32l0xx_hw.o
 .text.RTC_IRQHandler
                0x080133d4       0x10 Projects/AT_Slave/mlm32l0xx_it.o
                0x080133d4                RTC_IRQHandler
 .text.EXTI0_1_IRQHandler
                0x080133e4       0x18 Projects/AT_Slave/mlm32l0xx_it.o
                0x080133e4                EXTI0_1_IRQHandler
 .text.EXTI2_3_IRQHandler
                0x080133fc       0x18 Projects/AT_Slave/mlm32l0xx_it.o
                0x080133fc                EXTI2_3_IRQHandler
 .text.EXTI4_15_IRQHandler
                0x08013414       0x74 Projects/AT_Slave/mlm32l0xx_it.o
                0x08013414                EXTI4_15_IRQHandler
 .text.USART1_IRQHandler
                0x08013488       0x10 Projects/AT_Slave/mlm32l0xx_it.o
                0x08013488                USART1_IRQHandler
 .text.TST_TxTone
                0x08013498      0x1e4 Projects/AT_Slave/test_rf.o
                0x08013498                TST_TxTone
 .text.TST_RxTone
                0x0801367c       0xd8 Projects/AT_Slave/test_rf.o
                0x0801367c                TST_RxTone
 .text.TST_SET_lora_config
                0x08013754      0x164 Projects/AT_Slave/test_rf.o
                0x08013754                TST_SET_lora_config
 .text.TST_get_lora_config
                0x080138b8       0xb0 Projects/AT_Slave/test_rf.o
                0x080138b8                TST_get_lora_config
 .text.TST_stop
                0x08013968       0x64 Projects/AT_Slave/test_rf.o
                0x08013968                TST_stop
 .text.TST_TX_LoraStart
                0x080139cc       0xc4 Projects/AT_Slave/test_rf.o
                0x080139cc                TST_TX_LoraStart
 .text.TST_RX_LoraStart
                0x08013a90       0xb4 Projects/AT_Slave/test_rf.o
                0x08013a90                TST_RX_LoraStart
 .text.is_in_list
                0x08013b44       0x50 Projects/AT_Slave/test_rf.o
 .text.tiny_vfscanf
                0x08013b94      0xa70 Projects/AT_Slave/tiny_sscanf.o
 .text.tiny_sscanf
                0x08014604       0x30 Projects/AT_Slave/tiny_sscanf.o
                0x08014604                tiny_sscanf
 .text.ee_skip_atoi
                0x08014634       0x4c Projects/AT_Slave/tiny_vsnprintf.o
 .text.ee_number
                0x08014680      0x1e4 Projects/AT_Slave/tiny_vsnprintf.o
 .text.tiny_vsnprintf_like
                0x08014864      0x234 Projects/AT_Slave/tiny_vsnprintf.o
                0x08014864                tiny_vsnprintf_like
 .text.NVIC_EnableIRQ
                0x08014a98       0x2c Projects/AT_Slave/vcom.o
 .text.NVIC_SetPriority
                0x08014ac4       0xdc Projects/AT_Slave/vcom.o
 .text.LL_APB2_GRP1_EnableClock
                0x08014ba0       0x2c Projects/AT_Slave/vcom.o
 .text.LL_RCC_SetUSARTClockSource
                0x08014bcc       0x2c Projects/AT_Slave/vcom.o
 .text.LL_USART_Enable
                0x08014bf8       0x1c Projects/AT_Slave/vcom.o
 .text.LL_USART_EnableInStopMode
                0x08014c14       0x1c Projects/AT_Slave/vcom.o
 .text.LL_USART_SetWKUPType
                0x08014c30       0x28 Projects/AT_Slave/vcom.o
 .text.LL_USART_IsActiveFlag_PE
                0x08014c58       0x20 Projects/AT_Slave/vcom.o
 .text.LL_USART_IsActiveFlag_FE
                0x08014c78       0x20 Projects/AT_Slave/vcom.o
 .text.LL_USART_IsActiveFlag_NE
                0x08014c98       0x20 Projects/AT_Slave/vcom.o
 .text.LL_USART_IsActiveFlag_ORE
                0x08014cb8       0x20 Projects/AT_Slave/vcom.o
 .text.LL_USART_IsActiveFlag_RXNE
                0x08014cd8       0x20 Projects/AT_Slave/vcom.o
 .text.LL_USART_IsActiveFlag_TC
                0x08014cf8       0x20 Projects/AT_Slave/vcom.o
 .text.LL_USART_IsActiveFlag_WKUP
                0x08014d18       0x20 Projects/AT_Slave/vcom.o
 .text.LL_USART_IsActiveFlag_TEACK
                0x08014d38       0x20 Projects/AT_Slave/vcom.o
 .text.LL_USART_IsActiveFlag_REACK
                0x08014d58       0x20 Projects/AT_Slave/vcom.o
 .text.LL_USART_ClearFlag_PE
                0x08014d78       0x18 Projects/AT_Slave/vcom.o
 .text.LL_USART_ClearFlag_FE
                0x08014d90       0x18 Projects/AT_Slave/vcom.o
 .text.LL_USART_ClearFlag_NE
                0x08014da8       0x18 Projects/AT_Slave/vcom.o
 .text.LL_USART_ClearFlag_ORE
                0x08014dc0       0x18 Projects/AT_Slave/vcom.o
 .text.LL_USART_ClearFlag_TC
                0x08014dd8       0x18 Projects/AT_Slave/vcom.o
 .text.LL_USART_ClearFlag_WKUP
                0x08014df0       0x18 Projects/AT_Slave/vcom.o
 .text.LL_USART_EnableIT_RXNE
                0x08014e08       0x1c Projects/AT_Slave/vcom.o
 .text.LL_USART_EnableIT_PE
                0x08014e24       0x20 Projects/AT_Slave/vcom.o
 .text.LL_USART_EnableIT_ERROR
                0x08014e44       0x1c Projects/AT_Slave/vcom.o
 .text.LL_USART_EnableIT_WKUP
                0x08014e60       0x20 Projects/AT_Slave/vcom.o
 .text.LL_USART_IsEnabledIT_RXNE
                0x08014e80       0x20 Projects/AT_Slave/vcom.o
 .text.LL_USART_IsEnabledIT_WKUP
                0x08014ea0       0x20 Projects/AT_Slave/vcom.o
 .text.LL_USART_ReceiveData8
                0x08014ec0       0x18 Projects/AT_Slave/vcom.o
 .text.LL_USART_TransmitData8
                0x08014ed8       0x20 Projects/AT_Slave/vcom.o
 .text.vcom_Init
                0x08014ef8       0xc8 Projects/AT_Slave/vcom.o
                0x08014ef8                vcom_Init
 .text.vcom_Send
                0x08014fc0      0x124 Projects/AT_Slave/vcom.o
                0x08014fc0                vcom_Send
 .text.vcom_ReceiveInit
                0x080150e4       0x60 Projects/AT_Slave/vcom.o
                0x080150e4                vcom_ReceiveInit
 .text.vcom_IoInit
                0x08015144       0x68 Projects/AT_Slave/vcom.o
                0x08015144                vcom_IoInit
 .text.IsNewCharReceived
                0x080151ac       0x48 Projects/AT_Slave/vcom.o
                0x080151ac                IsNewCharReceived
 .text.GetNewChar
                0x080151f4       0x5c Projects/AT_Slave/vcom.o
                0x080151f4                GetNewChar
 .text.vcom_IRQHandler
                0x08015250       0xe0 Projects/AT_Slave/vcom.o
                0x08015250                vcom_IRQHandler
 .text.buffer_transmit
                0x08015330       0x64 Projects/AT_Slave/vcom.o
 .text.receive  0x08015394       0x70 Projects/AT_Slave/vcom.o
 .text.Reset_Handler
                0x08015404       0x50 Projects/SW4STM32/startup_stm32l072xx.o
                0x08015404                Reset_Handler
 .text.Default_Handler
                0x08015454        0x2 Projects/SW4STM32/startup_stm32l072xx.o
                0x08015454                TSC_IRQHandler
                0x08015454                HardFault_Handler
                0x08015454                ADC1_COMP_IRQHandler
                0x08015454                SysTick_Handler
                0x08015454                PVD_IRQHandler
                0x08015454                PendSV_Handler
                0x08015454                NMI_Handler
                0x08015454                I2C1_IRQHandler
                0x08015454                RCC_CRS_IRQHandler
                0x08015454                SPI1_IRQHandler
                0x08015454                TIM6_DAC_IRQHandler
                0x08015454                I2C2_IRQHandler
                0x08015454                DMA1_Channel4_5_6_7_IRQHandler
                0x08015454                TIM3_IRQHandler
                0x08015454                DMA1_Channel1_IRQHandler
                0x08015454                USART4_5_IRQHandler
                0x08015454                Default_Handler
                0x08015454                TIM22_IRQHandler
                0x08015454                TIM7_IRQHandler
                0x08015454                USB_IRQHandler
                0x08015454                I2C3_IRQHandler
                0x08015454                SPI2_IRQHandler
                0x08015454                SVC_Handler
                0x08015454                TIM21_IRQHandler
                0x08015454                WWDG_IRQHandler
                0x08015454                TIM2_IRQHandler
                0x08015454                DMA1_Channel2_3_IRQHandler
                0x08015454                USART2_IRQHandler
                0x08015454                FLASH_IRQHandler
                0x08015454                RNG_LPUART1_IRQHandler
                0x08015454                LPTIM1_IRQHandler
 *fill*         0x08015456        0x2 
 .text.__libc_init_array
                0x08015458       0x4c c:/ac6/systemworkbench/plugins/fr.ac6.mcu.externaltools.arm-none.win32_1.13.1.201701261202/tools/compiler/bin/../lib/gcc/arm-none-eabi/5.4.1/../../../../arm-none-eabi/lib/armv6-m\libc_nano.a(lib_a-init.o)
                0x08015458                __libc_init_array
 .text.memcpy   0x080154a4       0x12 c:/ac6/systemworkbench/plugins/fr.ac6.mcu.externaltools.arm-none.win32_1.13.1.201701261202/tools/compiler/bin/../lib/gcc/arm-none-eabi/5.4.1/../../../../arm-none-eabi/lib/armv6-m\libc_nano.a(lib_a-memcpy-stub.o)
                0x080154a4                memcpy
 .text.memset   0x080154b6       0x10 c:/ac6/systemworkbench/plugins/fr.ac6.mcu.externaltools.arm-none.win32_1.13.1.201701261202/tools/compiler/bin/../lib/gcc/arm-none-eabi/5.4.1/../../../../arm-none-eabi/lib/armv6-m\libc_nano.a(lib_a-memset.o)
                0x080154b6                memset
 .text.strncmp  0x080154c6       0x24 c:/ac6/systemworkbench/plugins/fr.ac6.mcu.externaltools.arm-none.win32_1.13.1.201701261202/tools/compiler/bin/../lib/gcc/arm-none-eabi/5.4.1/../../../../arm-none-eabi/lib/armv6-m\libc_nano.a(lib_a-strncmp.o)
                0x080154c6                strncmp
 *fill*         0x080154ea        0x2 
 .text.ceil     0x080154ec      0x12c c:/ac6/systemworkbench/plugins/fr.ac6.mcu.externaltools.arm-none.win32_1.13.1.201701261202/tools/compiler/bin/../lib/gcc/arm-none-eabi/5.4.1/../../../../arm-none-eabi/lib/armv6-m\libm.a(lib_a-s_ceil.o)
                0x080154ec                ceil
 .text.floor    0x08015618      0x130 c:/ac6/systemworkbench/plugins/fr.ac6.mcu.externaltools.arm-none.win32_1.13.1.201701261202/tools/compiler/bin/../lib/gcc/arm-none-eabi/5.4.1/../../../../arm-none-eabi/lib/armv6-m\libm.a(lib_a-s_floor.o)
                0x08015618                floor
 .text.round    0x08015748       0xa8 c:/ac6/systemworkbench/plugins/fr.ac6.mcu.externaltools.arm-none.win32_1.13.1.201701261202/tools/compiler/bin/../lib/gcc/arm-none-eabi/5.4.1/../../../../arm-none-eabi/lib/armv6-m\libm.a(lib_a-s_round.o)
                0x08015748                round
 *(.glue_7)
 .glue_7        0x080157f0        0x0 linker stubs
 *(.glue_7t)
 .glue_7t       0x080157f0        0x0 linker stubs
 *(.eh_frame)
 .eh_frame      0x080157f0        0x0 c:/ac6/systemworkbench/plugins/fr.ac6.mcu.externaltools.arm-none.win32_1.13.1.201701261202/tools/compiler/bin/../lib/gcc/arm-none-eabi/5.4.1/armv6-m/crtbegin.o
 *(.init)
 .init          0x080157f0        0x4 c:/ac6/systemworkbench/plugins/fr.ac6.mcu.externaltools.arm-none.win32_1.13.1.201701261202/tools/compiler/bin/../lib/gcc/arm-none-eabi/5.4.1/armv6-m/crti.o
                0x080157f0                _init
 .init          0x080157f4        0x8 c:/ac6/systemworkbench/plugins/fr.ac6.mcu.externaltools.arm-none.win32_1.13.1.201701261202/tools/compiler/bin/../lib/gcc/arm-none-eabi/5.4.1/armv6-m/crtn.o
 *(.fini)
 .fini          0x080157fc        0x4 c:/ac6/systemworkbench/plugins/fr.ac6.mcu.externaltools.arm-none.win32_1.13.1.201701261202/tools/compiler/bin/../lib/gcc/arm-none-eabi/5.4.1/armv6-m/crti.o
                0x080157fc                _fini
 .fini          0x08015800        0x8 c:/ac6/systemworkbench/plugins/fr.ac6.mcu.externaltools.arm-none.win32_1.13.1.201701261202/tools/compiler/bin/../lib/gcc/arm-none-eabi/5.4.1/armv6-m/crtn.o
                0x08015808                . = ALIGN (0x4)
                0x08015808                _etext = .

.vfp11_veneer   0x08015808        0x0
 .vfp11_veneer  0x08015808        0x0 linker stubs

.v4_bx          0x08015808        0x0
 .v4_bx         0x08015808        0x0 linker stubs

.iplt           0x08015808        0x0
 .iplt          0x08015808        0x0 c:/ac6/systemworkbench/plugins/fr.ac6.mcu.externaltools.arm-none.win32_1.13.1.201701261202/tools/compiler/bin/../lib/gcc/arm-none-eabi/5.4.1/armv6-m/crtbegin.o

.rodata         0x08015808     0x1c2c
                0x08015808                . = ALIGN (0x4)
 *(.rodata)
 .rodata        0x08015808      0x104 Drivers/BSP/Components/sx1276.o
                0x08015808                RadioRegsInit
                0x08015838                FskBandwidths
 .rodata        0x0801590c       0x68 Drivers/BSP/MLM32L0X01/mlm32l07x01.o
                0x0801590c                Radio
 .rodata        0x08015974       0x21 Drivers/CMSIS/system_stm32l0xx.o
                0x08015974                AHBPrescTable
                0x08015984                APBPrescTable
                0x0801598c                PLLMulTable
 *fill*         0x08015995        0x3 
 .rodata        0x08015998      0x300 Middlewares/Lora/Crypto/aes.o
 .rodata        0x08015c98      0x184 Middlewares/Lora/Mac/LoRaMac.o
 .rodata        0x08015e1c      0x15c Middlewares/Lora/Mac/RegionEU868.o
 .rodata        0x08015f78      0x179 Projects/AT_Slave/at.o
 *fill*         0x080160f1        0x3 
 .rodata        0x080160f4      0xf65 Projects/AT_Slave/command.o
 *fill*         0x08017059        0x3 
 .rodata        0x0801705c       0x18 Projects/AT_Slave/hw_rtc.o
 .rodata        0x08017074       0x54 Projects/AT_Slave/lora.o
 .rodata        0x080170c8      0x120 Projects/AT_Slave/test_rf.o
 .rodata        0x080171e8       0xf0 Projects/AT_Slave/tiny_sscanf.o
 .rodata        0x080172d8       0xdc Projects/AT_Slave/tiny_vsnprintf.o
 .rodata        0x080173b4       0x40 c:/ac6/systemworkbench/plugins/fr.ac6.mcu.externaltools.arm-none.win32_1.13.1.201701261202/tools/compiler/bin/../lib/gcc/arm-none-eabi/5.4.1/armv6-m\libgcc.a(divdf3.o)
 .rodata        0x080173f4       0x40 c:/ac6/systemworkbench/plugins/fr.ac6.mcu.externaltools.arm-none.win32_1.13.1.201701261202/tools/compiler/bin/../lib/gcc/arm-none-eabi/5.4.1/armv6-m\libgcc.a(muldf3.o)
 *(.rodata*)
                0x08017434                . = ALIGN (0x4)

.ARM.extab
 *(.ARM.extab* .gnu.linkonce.armextab.*)

.ARM            0x08017434        0x8
                0x08017434                __exidx_start = .
 *(.ARM.exidx*)
 .ARM.exidx     0x08017434        0x8 c:/ac6/systemworkbench/plugins/fr.ac6.mcu.externaltools.arm-none.win32_1.13.1.201701261202/tools/compiler/bin/../lib/gcc/arm-none-eabi/5.4.1/armv6-m\libgcc.a(_udivmoddi4.o)
                0x0801743c                __exidx_end = .

.rel.dyn        0x0801743c        0x0