Component: ARM Compiler 5.06 update 4 (build 422) Tool: armlink [4d35d2]

==============================================================================

Section Cross References

    sx1276.o(i.GetFskBandwidthRegValue) refers to sx1276.o(.constdata) for .constdata
    sx1276.o(i.RxChainCalibration) refers to sx1276.o(i.SX1276Read) for SX1276Read
    sx1276.o(i.RxChainCalibration) refers to sx1276.o(i.SX1276Write) for SX1276Write
    sx1276.o(i.RxChainCalibration) refers to sx1276.o(i.SX1276SetChannel) for SX1276SetChannel
    sx1276.o(i.SX1276BoardInit) refers to sx1276.o(.data) for .data
    sx1276.o(i.SX1276GetRadioWakeUpTime) refers to sx1276.o(.data) for .data
    sx1276.o(i.SX1276GetStatus) refers to sx1276.o(.bss) for .bss
    sx1276.o(i.SX1276GetTimeOnAir) refers to dfltui.o(.text) for __aeabi_ui2d
    sx1276.o(i.SX1276GetTimeOnAir) refers to sx1276.o(i.SX1276Read) for SX1276Read
    sx1276.o(i.SX1276GetTimeOnAir) refers to dadd.o(.text) for __aeabi_dadd
    sx1276.o(i.SX1276GetTimeOnAir) refers to dscalb.o(.text) for __ARM_scalbn
    sx1276.o(i.SX1276GetTimeOnAir) refers to ddiv.o(.text) for __aeabi_ddiv
    sx1276.o(i.SX1276GetTimeOnAir) refers to dmul.o(.text) for __aeabi_dmul
    sx1276.o(i.SX1276GetTimeOnAir) refers to round.o(i.round) for round
    sx1276.o(i.SX1276GetTimeOnAir) refers to dflti.o(.text) for __aeabi_i2d
    sx1276.o(i.SX1276GetTimeOnAir) refers to ceil.o(i.ceil) for ceil
    sx1276.o(i.SX1276GetTimeOnAir) refers to cdrcmple.o(.text) for __aeabi_cdrcmple
    sx1276.o(i.SX1276GetTimeOnAir) refers to floor.o(i.floor) for floor
    sx1276.o(i.SX1276GetTimeOnAir) refers to dfixui.o(.text) for __aeabi_d2uiz
    sx1276.o(i.SX1276GetTimeOnAir) refers to sx1276.o(.bss) for .bss
    sx1276.o(i.SX1276Init) refers to timeserver.o(i.TimerInit) for TimerInit
    sx1276.o(i.SX1276Init) refers to sx1276.o(i.SX1276Reset) for SX1276Reset
    sx1276.o(i.SX1276Init) refers to sx1276.o(i.RxChainCalibration) for RxChainCalibration
    sx1276.o(i.SX1276Init) refers to sx1276.o(i.SX1276SetOpMode) for SX1276SetOpMode
    sx1276.o(i.SX1276Init) refers to sx1276.o(i.SX1276SetModem) for SX1276SetModem
    sx1276.o(i.SX1276Init) refers to sx1276.o(i.SX1276Write) for SX1276Write
    sx1276.o(i.SX1276Init) refers to sx1276.o(.data) for .data
    sx1276.o(i.SX1276Init) refers to sx1276.o(i.SX1276OnTimeoutIrq) for SX1276OnTimeoutIrq
    sx1276.o(i.SX1276Init) refers to sx1276.o(.bss) for .bss
    sx1276.o(i.SX1276Init) refers to sx1276.o(.constdata) for .constdata
    sx1276.o(i.SX1276IsChannelFree) refers to sx1276.o(i.SX1276SetModem) for SX1276SetModem
    sx1276.o(i.SX1276IsChannelFree) refers to sx1276.o(i.SX1276SetChannel) for SX1276SetChannel
    sx1276.o(i.SX1276IsChannelFree) refers to sx1276.o(i.SX1276SetOpMode) for SX1276SetOpMode
    sx1276.o(i.SX1276IsChannelFree) refers to delay.o(i.DelayMs) for DelayMs
    sx1276.o(i.SX1276IsChannelFree) refers to timeserver.o(i.TimerGetCurrentTime) for TimerGetCurrentTime
    sx1276.o(i.SX1276IsChannelFree) refers to sx1276.o(i.SX1276ReadRssi) for SX1276ReadRssi
    sx1276.o(i.SX1276IsChannelFree) refers to timeserver.o(i.TimerGetElapsedTime) for TimerGetElapsedTime
    sx1276.o(i.SX1276IsChannelFree) refers to sx1276.o(i.SX1276SetSleep) for SX1276SetSleep
    sx1276.o(i.SX1276OnDio0Irq) refers to timeserver.o(i.TimerStop) for TimerStop
    sx1276.o(i.SX1276OnDio0Irq) refers to sx1276.o(i.SX1276Write) for SX1276Write
    sx1276.o(i.SX1276OnDio0Irq) refers to sx1276.o(i.SX1276Read) for SX1276Read
    sx1276.o(i.SX1276OnDio0Irq) refers to timeserver.o(i.TimerStart) for TimerStart
    sx1276.o(i.SX1276OnDio0Irq) refers to sx1276.o(i.SX1276ReadFifo) for SX1276ReadFifo
    sx1276.o(i.SX1276OnDio0Irq) refers to vcom.o(i.vcom_Send) for vcom_Send
    sx1276.o(i.SX1276OnDio0Irq) refers to sx1276.o(.bss) for .bss
    sx1276.o(i.SX1276OnDio0Irq) refers to sx1276.o(.data) for .data
    sx1276.o(i.SX1276OnDio1Irq) refers to sx1276.o(i.SX1276WriteFifo) for SX1276WriteFifo
    sx1276.o(i.SX1276OnDio1Irq) refers to timeserver.o(i.TimerStop) for TimerStop
    sx1276.o(i.SX1276OnDio1Irq) refers to sx1276.o(i.SX1276Write) for SX1276Write
    sx1276.o(i.SX1276OnDio1Irq) refers to vcom.o(i.vcom_Send) for vcom_Send
    sx1276.o(i.SX1276OnDio1Irq) refers to sx1276.o(i.SX1276Read) for SX1276Read
    sx1276.o(i.SX1276OnDio1Irq) refers to sx1276.o(i.SX1276ReadFifo) for SX1276ReadFifo
    sx1276.o(i.SX1276OnDio1Irq) refers to sx1276.o(.bss) for .bss
    sx1276.o(i.SX1276OnDio1Irq) refers to sx1276.o(.data) for .data
    sx1276.o(i.SX1276OnDio2Irq) refers to sx1276.o(i.SX1276Write) for SX1276Write
    sx1276.o(i.SX1276OnDio2Irq) refers to sx1276.o(i.SX1276Read) for SX1276Read
    sx1276.o(i.SX1276OnDio2Irq) refers to timeserver.o(i.TimerStop) for TimerStop
    sx1276.o(i.SX1276OnDio2Irq) refers to sx1276.o(.bss) for .bss
    sx1276.o(i.SX1276OnDio2Irq) refers to sx1276.o(.data) for .data
    sx1276.o(i.SX1276OnDio3Irq) refers to sx1276.o(i.SX1276Read) for SX1276Read
[...]
    .text                                    0x08000508   Section        0  dscalb.o(.text)
    .text                                    0x08000534   Section        0  dflti.o(.text)
    .text                                    0x0800055c   Section        0  dfltui.o(.text)
    .text                                    0x08000578   Section        0  dfixui.o(.text)
    .text                                    0x080005b4   Section       40  cdrcmple.o(.text)
    .text                                    0x080005dc   Section        0  llshl.o(.text)
    .text                                    0x080005fc   Section        0  llushr.o(.text)
    .text                                    0x0800061e   Section        0  llsshr.o(.text)
    .text                                    0x08000644   Section        0  depilogue.o(.text)
    .text                                    0x08000644   Section        0  iusefp.o(.text)
    .text                                    0x08000704   Section        0  drnd.o(.text)
    .text                                    0x08000780   Section        0  dfixul.o(.text)
    .text                                    0x080007c0   Section       40  cdcmple.o(.text)
    .text                                    0x080007e8   Section       36  init.o(.text)
    i.BSP_LED_Init                           0x0800080c   Section        0  b-l072z-lrwan1.o(i.BSP_LED_Init)
    i.BSP_LED_Off                            0x08000870   Section        0  b-l072z-lrwan1.o(i.BSP_LED_Off)
    i.BSP_LED_Toggle                         0x08000890   Section        0  b-l072z-lrwan1.o(i.BSP_LED_Toggle)
    i.DBG_Init                               0x080008ac   Section        0  debug.o(i.DBG_Init)
    i.DelayMs                                0x080008f0   Section        0  delay.o(i.DelayMs)
    i.EXTI0_1_IRQHandler                     0x080008f8   Section        0  mlm32l0xx_it.o(i.EXTI0_1_IRQHandler)
    i.EXTI2_3_IRQHandler                     0x08000908   Section        0  mlm32l0xx_it.o(i.EXTI2_3_IRQHandler)
    i.EXTI4_15_IRQHandler                    0x08000918   Section        0  mlm32l0xx_it.o(i.EXTI4_15_IRQHandler)
    i.Error_Handler                          0x08000974   Section        0  debug.o(i.Error_Handler)
    i.GetFskBandwidthRegValue                0x08000978   Section        0  sx1276.o(i.GetFskBandwidthRegValue)
    GetFskBandwidthRegValue                  0x08000979   Thumb Code    40  sx1276.o(i.GetFskBandwidthRegValue)
    i.HAL_ADC_Init                           0x080009a4   Section        0  stm32l0xx_hal_adc.o(i.HAL_ADC_Init)
    i.HAL_ADC_MspInit                        0x08000b68   Section        0  stm32l0xx_hal_adc.o(i.HAL_ADC_MspInit)
    i.HAL_DBGMCU_DisableDBGSleepMode         0x08000b6c   Section        0  stm32l0xx_hal.o(i.HAL_DBGMCU_DisableDBGSleepMode)
    i.HAL_DBGMCU_DisableDBGStandbyMode       0x08000b7c   Section        0  stm32l0xx_hal.o(i.HAL_DBGMCU_DisableDBGStandbyMode)
    i.HAL_DBGMCU_DisableDBGStopMode          0x08000b8c   Section        0  stm32l0xx_hal.o(i.HAL_DBGMCU_DisableDBGStopMode)
    i.HAL_GPIO_EXTI_Callback                 0x08000b9c   Section        0  mlm32l0xx_hal_msp.o(i.HAL_GPIO_EXTI_Callback)
    i.HAL_GPIO_EXTI_IRQHandler               0x08000ba4   Section        0  stm32l0xx_hal_gpio.o(i.HAL_GPIO_EXTI_IRQHandler)
    i.HAL_GPIO_Init                          0x08000bbc   Section        0  stm32l0xx_hal_gpio.o(i.HAL_GPIO_Init)
    i.HAL_GPIO_TogglePin                     0x08000d40   Section        0  stm32l0xx_hal_gpio.o(i.HAL_GPIO_TogglePin)
    i.HAL_GPIO_WritePin                      0x08000d48   Section        0  stm32l0xx_hal_gpio.o(i.HAL_GPIO_WritePin)
    i.HAL_GetTick                            0x08000d54   Section        0  stm32l0xx_hal.o(i.HAL_GetTick)
    i.HAL_IncTick                            0x08000d60   Section        0  stm32l0xx_hal.o(i.HAL_IncTick)
    i.HAL_Init                               0x08000d70   Section        0  stm32l0xx_hal.o(i.HAL_Init)
    i.HAL_InitTick                           0x08000d90   Section        0  mlm32l0xx_hal_msp.o(i.HAL_InitTick)
    i.HAL_MspInit                            0x08000d94   Section        0  mlm32l0xx_hal_msp.o(i.HAL_MspInit)
    i.HAL_NVIC_ClearPendingIRQ               0x08000db4   Section        0  stm32l0xx_hal_cortex.o(i.HAL_NVIC_ClearPendingIRQ)
    i.HAL_NVIC_EnableIRQ                     0x08000dc8   Section        0  stm32l0xx_hal_cortex.o(i.HAL_NVIC_EnableIRQ)
    i.HAL_NVIC_GetPendingIRQ                 0x08000ddc   Section        0  stm32l0xx_hal_cortex.o(i.HAL_NVIC_GetPendingIRQ)
    i.HAL_NVIC_SetPendingIRQ                 0x08000df8   Section        0  stm32l0xx_hal_cortex.o(i.HAL_NVIC_SetPendingIRQ)
    i.HAL_NVIC_SetPriority                   0x08000e0c   Section        0  stm32l0xx_hal_cortex.o(i.HAL_NVIC_SetPriority)
    i.HAL_PWREx_EnableFastWakeUp             0x08000e14   Section        0  stm32l0xx_hal_pwr_ex.o(i.HAL_PWREx_EnableFastWakeUp)
    i.HAL_PWREx_EnableUltraLowPower          0x08000e24   Section        0  stm32l0xx_hal_pwr_ex.o(i.HAL_PWREx_EnableUltraLowPower)
    i.HAL_PWR_DisablePVD                     0x08000e34   Section        0  stm32l0xx_hal_pwr.o(i.HAL_PWR_DisablePVD)
    i.HAL_PWR_EnterSLEEPMode                 0x08000e44   Section        0  stm32l0xx_hal_pwr.o(i.HAL_PWR_EnterSLEEPMode)
    i.HAL_PWR_EnterSTOPMode                  0x08000e74   Section        0  stm32l0xx_hal_pwr.o(i.HAL_PWR_EnterSTOPMode)
    i.HAL_RCCEx_GetPeriphCLKFreq             0x08000ea8   Section        0  stm32l0xx_hal_rcc_ex.o(i.HAL_RCCEx_GetPeriphCLKFreq)
    i.HAL_RCCEx_PeriphCLKConfig              0x08001068   Section        0  stm32l0xx_hal_rcc_ex.o(i.HAL_RCCEx_PeriphCLKConfig)
    i.HAL_RCC_ClockConfig                    0x080011f4   Section        0  stm32l0xx_hal_rcc.o(i.HAL_RCC_ClockConfig)
    i.HAL_RCC_GetPCLK1Freq                   0x0800135c   Section        0  stm32l0xx_hal_rcc.o(i.HAL_RCC_GetPCLK1Freq)
    i.HAL_RCC_GetPCLK2Freq                   0x0800137c   Section        0  stm32l0xx_hal_rcc.o(i.HAL_RCC_GetPCLK2Freq)
    i.HAL_RCC_GetSysClockFreq                0x0800139c   Section        0  stm32l0xx_hal_rcc.o(i.HAL_RCC_GetSysClockFreq)
    i.HAL_RCC_OscConfig                      0x08001414   Section        0  stm32l0xx_hal_rcc.o(i.HAL_RCC_OscConfig)
    i.HAL_RTCEx_EnableBypassShadow           0x08001870   Section        0  stm32l0xx_hal_rtc_ex.o(i.HAL_RTCEx_EnableBypassShadow)
    i.HAL_RTC_AlarmAEventCallback            0x080018ac   Section        0  mlm32l0xx_hal_msp.o(i.HAL_RTC_AlarmAEventCallback)
    i.HAL_RTC_DeactivateAlarm                0x080018b4   Section        0  stm32l0xx_hal_rtc.o(i.HAL_RTC_DeactivateAlarm)
    i.HAL_RTC_GetAlarm                       0x0800196c   Section        0  stm32l0xx_hal_rtc.o(i.HAL_RTC_GetAlarm)
    i.HAL_RTC_GetDate                        0x080019f8   Section        0  stm32l0xx_hal_rtc.o(i.HAL_RTC_GetDate)
    i.HAL_RTC_GetTime                        0x08001a3c   Section        0  stm32l0xx_hal_rtc.o(i.HAL_RTC_GetTime)
    i.HAL_RTC_Init                           0x08001a98   Section        0  stm32l0xx_hal_rtc.o(i.HAL_RTC_Init)
    i.HAL_RTC_MspInit                        0x08001b3c   Section        0  mlm32l0xx_hal_msp.o(i.HAL_RTC_MspInit)
    i.HAL_RTC_SetAlarm_IT                    0x08001b98   Section        0  stm32l0xx_hal_rtc.o(i.HAL_RTC_SetAlarm_IT)
    i.HAL_RTC_SetDate                        0x08001d38   Section        0  stm32l0xx_hal_rtc.o(i.HAL_RTC_SetDate)
    i.HAL_RTC_SetTime                        0x08001e04   Section        0  stm32l0xx_hal_rtc.o(i.HAL_RTC_SetTime)
    i.HAL_RTC_WaitForSynchro                 0x08001ef4   Section        0  stm32l0xx_hal_rtc.o(i.HAL_RTC_WaitForSynchro)
    i.HAL_SPI_DeInit                         0x08001f28   Section        0  stm32l0xx_hal_spi.o(i.HAL_SPI_DeInit)
    i.HAL_SPI_Init                           0x08001f58   Section        0  stm32l0xx_hal_spi.o(i.HAL_SPI_Init)
    i.HAL_SPI_MspDeInit                      0x08001fdc   Section        0  stm32l0xx_hal_spi.o(i.HAL_SPI_MspDeInit)
    i.HAL_SPI_MspInit                        0x08001fde   Section        0  stm32l0xx_hal_spi.o(i.HAL_SPI_MspInit)
    i.HAL_SPI_TransmitReceive                0x08001fe0   Section        0  stm32l0xx_hal_spi.o(i.HAL_SPI_TransmitReceive)
    i.HAL_UART_DeInit                        0x08002298   Section        0  stm32l0xx_hal_uart.o(i.HAL_UART_DeInit)
    i.HAL_UART_Init                          0x080022d6   Section        0  stm32l0xx_hal_uart.o(i.HAL_UART_Init)
    i.HAL_UART_MspDeInit                     0x08002342   Section        0  vcom.o(i.HAL_UART_MspDeInit)
    i.HAL_UART_MspInit                       0x0800234c   Section        0  vcom.o(i.HAL_UART_MspInit)
    i.HAL_UART_Transmit                      0x08002364   Section        0  stm32l0xx_hal_uart.o(i.HAL_UART_Transmit)
    i.HW_AdcInit                             0x0800242c   Section        0  mlm32l0xx_hw.o(i.HW_AdcInit)
    i.HW_DeInit                              0x080024a0   Section        0  mlm32l0xx_hw.o(i.HW_DeInit)
    i.HW_EnterSleepMode                      0x080024c0   Section        0  mlm32l0xx_hw.o(i.HW_EnterSleepMode)
    i.HW_EnterStopMode                       0x080024cc   Section        0  mlm32l0xx_hw.o(i.HW_EnterStopMode)
    i.HW_ExitStopMode                        0x080024f4   Section        0  mlm32l0xx_hw.o(i.HW_ExitStopMode)
    i.HW_GPIO_GetBitPos                      0x0800253c   Section        0  hw_gpio.o(i.HW_GPIO_GetBitPos)
    HW_GPIO_GetBitPos                        0x0800253d   Thumb Code    42  hw_gpio.o(i.HW_GPIO_GetBitPos)
    i.HW_GPIO_Init                           0x08002574   Section        0  hw_gpio.o(i.HW_GPIO_Init)
    i.HW_GPIO_IrqHandler                     0x080025c8   Section        0  hw_gpio.o(i.HW_GPIO_IrqHandler)
    i.HW_GPIO_SetIrq                         0x080025e0   Section        0  hw_gpio.o(i.HW_GPIO_SetIrq)
    i.HW_GPIO_Write                          0x08002614   Section        0  hw_gpio.o(i.HW_GPIO_Write)
    i.HW_Init                                0x08002620   Section        0  mlm32l0xx_hw.o(i.HW_Init)
    i.HW_RTC_DelayMs                         0x08002668   Section        0  hw_rtc.o(i.HW_RTC_DelayMs)
    i.HW_RTC_GetCalendarValue                0x08002690   Section        0  hw_rtc.o(i.HW_RTC_GetCalendarValue)
    HW_RTC_GetCalendarValue                  0x08002691   Thumb Code   140  hw_rtc.o(i.HW_RTC_GetCalendarValue)
    i.HW_RTC_GetMinimumTimeout               0x08002734   Section        0  hw_rtc.o(i.HW_RTC_GetMinimumTimeout)
    i.HW_RTC_GetTimerContext                 0x08002738   Section        0  hw_rtc.o(i.HW_RTC_GetTimerContext)
    i.HW_RTC_GetTimerElapsedTime             0x08002744   Section        0  hw_rtc.o(i.HW_RTC_GetTimerElapsedTime)
    i.HW_RTC_GetTimerValue                   0x08002760   Section        0  hw_rtc.o(i.HW_RTC_GetTimerValue)
    i.HW_RTC_Init                            0x08002770   Section        0  hw_rtc.o(i.HW_RTC_Init)
    i.HW_RTC_IrqHandler                      0x0800279c   Section        0  hw_rtc.o(i.HW_RTC_IrqHandler)
    i.HW_RTC_SetAlarm                        0x080027d8   Section        0  hw_rtc.o(i.HW_RTC_SetAlarm)
    i.HW_RTC_SetConfig                       0x0800281c   Section        0  hw_rtc.o(i.HW_RTC_SetConfig)
    HW_RTC_SetConfig                         0x0800281d   Thumb Code    82  hw_rtc.o(i.HW_RTC_SetConfig)
    i.HW_RTC_SetTimerContext                 0x0800287c   Section        0  hw_rtc.o(i.HW_RTC_SetTimerContext)
    i.HW_RTC_StartWakeUpAlarm                0x08002894   Section        0  hw_rtc.o(i.HW_RTC_StartWakeUpAlarm)
    HW_RTC_StartWakeUpAlarm                  0x08002895   Thumb Code   264  hw_rtc.o(i.HW_RTC_StartWakeUpAlarm)
    i.HW_RTC_StopAlarm                       0x080029ac   Section        0  hw_rtc.o(i.HW_RTC_StopAlarm)
    i.HW_RTC_Tick2ms                         0x080029cc   Section        0  hw_rtc.o(i.HW_RTC_Tick2ms)
    i.HW_RTC_ms2Tick                         0x080029dc   Section        0  hw_rtc.o(i.HW_RTC_ms2Tick)
    i.HW_RTC_setMcuWakeUpTime                0x080029ec   Section        0  hw_rtc.o(i.HW_RTC_setMcuWakeUpTime)
    i.HW_SPI_DeInit                          0x08002a60   Section        0  hw_spi.o(i.HW_SPI_DeInit)
    i.HW_SPI_InOut                           0x08002afc   Section        0  hw_spi.o(i.HW_SPI_InOut)
    i.HW_SPI_Init                            0x08002b1c   Section        0  hw_spi.o(i.HW_SPI_Init)
    i.HardFault_Handler                      0x08002bf8   Section        0  mlm32l0xx_it.o(i.HardFault_Handler)
    i.LowPower_Disable                       0x08002bfc   Section        0  low_power.o(i.LowPower_Disable)
    i.LowPower_Enable                        0x08002c14   Section        0  low_power.o(i.LowPower_Enable)
    i.LowPower_GetState                      0x08002c2c   Section        0  low_power.o(i.LowPower_GetState)
    i.LowPower_Handler                       0x08002c38   Section        0  low_power.o(i.LowPower_Handler)
    i.MSP_GetIRQn                            0x08002c5c   Section        0  mlm32l0xx_hal_msp.o(i.MSP_GetIRQn)
    i.NMI_Handler                            0x08002c8c   Section        0  mlm32l0xx_it.o(i.NMI_Handler)
    i.NVIC_SetPriority                       0x08002c90   Section        0  stm32l0xx_hal_cortex.o(i.NVIC_SetPriority)
    NVIC_SetPriority                         0x08002c91   Thumb Code    60  stm32l0xx_hal_cortex.o(i.NVIC_SetPriority)
    i.OnRxDone                               0x08002cd4   Section        0  main.o(i.OnRxDone)
    i.OnRxError                              0x08002d44   Section        0  main.o(i.OnRxError)
    i.OnRxTimeout                            0x08002d70   Section        0  main.o(i.OnRxTimeout)
    i.OnTxDone                               0x08002da0   Section        0  main.o(i.OnTxDone)
    i.OnTxTimeout                            0x08002dcc   Section        0  main.o(i.OnTxTimeout)
    i.OnledEvent                             0x08002dfc   Section        0  main.o(i.OnledEvent)
    OnledEvent                               0x08002dfd   Thumb Code    34  main.o(i.OnledEvent)
    i.PendSV_Handler                         0x08002e24   Section        0  mlm32l0xx_it.o(i.PendSV_Handler)
    i.RCC_SetFlashLatencyFromMSIRange        0x08002e28   Section        0  stm32l0xx_hal_rcc.o(i.RCC_SetFlashLatencyFromMSIRange)
    RCC_SetFlashLatencyFromMSIRange          0x08002e29   Thumb Code    94  stm32l0xx_hal_rcc.o(i.RCC_SetFlashLatencyFromMSIRange)
    i.RTC_Bcd2ToByte                         0x08002e98   Section        0  stm32l0xx_hal_rtc.o(i.RTC_Bcd2ToByte)
    i.RTC_ByteToBcd2                         0x08002ea8   Section        0  stm32l0xx_hal_rtc.o(i.RTC_ByteToBcd2)
    i.RTC_EnterInitMode                      0x08002ebe   Section        0  stm32l0xx_hal_rtc.o(i.RTC_EnterInitMode)
    i.RTC_IRQHandler                         0x08002ef6   Section        0  mlm32l0xx_it.o(i.RTC_IRQHandler)
    i.RxChainCalibration                     0x08002f00   Section        0  sx1276.o(i.RxChainCalibration)
    RxChainCalibration                       0x08002f01   Thumb Code   138  sx1276.o(i.RxChainCalibration)
    i.SPI_WaitOnFlagUntilTimeout             0x08002f94   Section        0  stm32l0xx_hal_spi.o(i.SPI_WaitOnFlagUntilTimeout)
    SPI_WaitOnFlagUntilTimeout               0x08002f95   Thumb Code   178  stm32l0xx_hal_spi.o(i.SPI_WaitOnFlagUntilTimeout)
    i.SVC_Handler                            0x08003046   Section        0  mlm32l0xx_it.o(i.SVC_Handler)
    i.SX1276BoardInit                        0x08003048   Section        0  sx1276.o(i.SX1276BoardInit)
    i.SX1276CheckRfFrequency                 0x08003054   Section        0  mlm32l07x01.o(i.SX1276CheckRfFrequency)
    i.SX1276GetPaSelect                      0x08003058   Section        0  mlm32l07x01.o(i.SX1276GetPaSelect)
    i.SX1276GetRadioWakeUpTime               0x08003064   Section        0  sx1276.o(i.SX1276GetRadioWakeUpTime)
    i.SX1276GetStatus                        0x08003078   Section        0  sx1276.o(i.SX1276GetStatus)
    i.SX1276GetTimeOnAir                     0x08003084   Section        0  sx1276.o(i.SX1276GetTimeOnAir)
    i.SX1276GetWakeTime                      0x08003268   Section        0  mlm32l07x01.o(i.SX1276GetWakeTime)
    i.SX1276Init                             0x0800326c   Section        0  sx1276.o(i.SX1276Init)
    i.SX1276IoDeInit                         0x080032f8   Section        0  mlm32l07x01.o(i.SX1276IoDeInit)
    i.SX1276IoInit                           0x08003348   Section        0  mlm32l07x01.o(i.SX1276IoInit)
    i.SX1276IoIrqInit                        0x080033b8   Section        0  mlm32l07x01.o(i.SX1276IoIrqInit)
    i.SX1276IsChannelFree                    0x080033fc   Section        0  sx1276.o(i.SX1276IsChannelFree)
    i.SX1276OnDio0Irq                        0x0800344c   Section        0  sx1276.o(i.SX1276OnDio0Irq)
    i.SX1276OnDio1Irq                        0x080036c8   Section        0  sx1276.o(i.SX1276OnDio1Irq)
    i.SX1276OnDio2Irq                        0x080037a0   Section        0  sx1276.o(i.SX1276OnDio2Irq)
    i.SX1276OnDio3Irq                        0x08003854   Section        0  sx1276.o(i.SX1276OnDio3Irq)
    i.SX1276OnDio4Irq                        0x080038a8   Section        0  sx1276.o(i.SX1276OnDio4Irq)
    i.SX1276OnTimeoutIrq                     0x080038c4   Section        0  sx1276.o(i.SX1276OnTimeoutIrq)
    i.SX1276Random                           0x0800398c   Section        0  sx1276.o(i.SX1276Random)
    i.SX1276Read                             0x080039ca   Section        0  sx1276.o(i.SX1276Read)
    i.SX1276ReadBuffer                       0x080039da   Section        0  sx1276.o(i.SX1276ReadBuffer)
    i.SX1276ReadFifo                         0x08003a1c   Section        0  sx1276.o(i.SX1276ReadFifo)
    i.SX1276ReadRssi                         0x08003a2c   Section        0  sx1276.o(i.SX1276ReadRssi)
    i.SX1276Reset                            0x08003a70   Section        0  sx1276.o(i.SX1276Reset)
    i.SX1276Send                             0x08003ac0   Section        0  sx1276.o(i.SX1276Send)
    i.SX1276SetAntSw                         0x08003bb0   Section        0  mlm32l07x01.o(i.SX1276SetAntSw)
    i.SX1276SetAntSwLowPower                 0x08003bf4   Section        0  mlm32l07x01.o(i.SX1276SetAntSwLowPower)
    i.SX1276SetChannel                       0x08003c68   Section        0  sx1276.o(i.SX1276SetChannel)
    i.SX1276SetMaxPayloadLength              0x08003cb8   Section        0  sx1276.o(i.SX1276SetMaxPayloadLength)
    i.SX1276SetModem                         0x08003ce8   Section        0  sx1276.o(i.SX1276SetModem)
    i.SX1276SetOpMode                        0x08003d58   Section        0  sx1276.o(i.SX1276SetOpMode)
    i.SX1276SetPublicNetwork                 0x08003db4   Section        0  sx1276.o(i.SX1276SetPublicNetwork)
    i.SX1276SetRfTxPower                     0x08003dd8   Section        0  mlm32l07x01.o(i.SX1276SetRfTxPower)
    i.SX1276SetRx                            0x08003e70   Section        0  sx1276.o(i.SX1276SetRx)
    i.SX1276SetRxConfig                      0x0800406c   Section        0  sx1276.o(i.SX1276SetRxConfig)
    i.SX1276SetSleep                         0x080042f4   Section        0  sx1276.o(i.SX1276SetSleep)
    i.SX1276SetStby                          0x08004318   Section        0  sx1276.o(i.SX1276SetStby)
    i.SX1276SetTx                            0x0800433c   Section        0  sx1276.o(i.SX1276SetTx)
    i.SX1276SetTxConfig                      0x080043e0   Section        0  sx1276.o(i.SX1276SetTxConfig)
    i.SX1276SetTxContinuousWave              0x080045dc   Section        0  sx1276.o(i.SX1276SetTxContinuousWave)
    i.SX1276SetXO                            0x08004658   Section        0  mlm32l07x01.o(i.SX1276SetXO)
    i.SX1276StartCad                         0x08004680   Section        0  sx1276.o(i.SX1276StartCad)
    i.SX1276Write                            0x080046b8   Section        0  sx1276.o(i.SX1276Write)
    i.SX1276WriteBuffer                      0x080046c4   Section        0  sx1276.o(i.SX1276WriteBuffer)
    i.SX1276WriteFifo                        0x08004706   Section        0  sx1276.o(i.SX1276WriteFifo)
    i.SysTick_Handler                        0x08004714   Section        0  mlm32l0xx_it.o(i.SysTick_Handler)
    i.SystemClock_Config                     0x0800471c   Section        0  mlm32l0xx_hw.o(i.SystemClock_Config)
    i.SystemInit                             0x080047a8   Section        0  system_stm32l0xx.o(i.SystemInit)
    i.TimerGetCurrentTime                    0x080047fc   Section        0  timeserver.o(i.TimerGetCurrentTime)
    i.TimerGetElapsedTime                    0x08004808   Section        0  timeserver.o(i.TimerGetElapsedTime)
    i.TimerInit                              0x08004820   Section        0  timeserver.o(i.TimerInit)
    i.TimerInsertNewHeadTimer                0x08004830   Section        0  timeserver.o(i.TimerInsertNewHeadTimer)
    TimerInsertNewHeadTimer                  0x08004831   Thumb Code    24  timeserver.o(i.TimerInsertNewHeadTimer)
    i.TimerIrqHandler                        0x0800484c   Section        0  timeserver.o(i.TimerIrqHandler)
    i.TimerSetTimeout                        0x080048c4   Section        0  timeserver.o(i.TimerSetTimeout)
    TimerSetTimeout                          0x080048c5   Thumb Code    44  timeserver.o(i.TimerSetTimeout)
    i.TimerSetValue                          0x080048f0   Section        0  timeserver.o(i.TimerSetValue)
    i.TimerStart                             0x08004914   Section        0  timeserver.o(i.TimerStart)
    i.TimerStop                              0x08004984   Section        0  timeserver.o(i.TimerStop)
    i.UART_AdvFeatureConfig                  0x080049e4   Section        0  stm32l0xx_hal_uart.o(i.UART_AdvFeatureConfig)
    i.UART_CheckIdleState                    0x08004ab0   Section        0  stm32l0xx_hal_uart.o(i.UART_CheckIdleState)
    i.UART_SetConfig                         0x08004b10   Section        0  stm32l0xx_hal_uart.o(i.UART_SetConfig)
    i.UART_WaitOnFlagUntilTimeout            0x08004d40   Section        0  stm32l0xx_hal_uart.o(i.UART_WaitOnFlagUntilTimeout)
    i.USART2_IRQHandler                      0x08004da2   Section        0  mlm32l0xx_it.o(i.USART2_IRQHandler)
    i.__0vsprintf                            0x08004dac   Section        0  printfa.o(i.__0vsprintf)
    i.__ARM_clz                              0x08004dd0   Section        0  depilogue.o(i.__ARM_clz)
    i.__ARM_common_ll_muluu                  0x08004dfe   Section        0  hw_rtc.o(i.__ARM_common_ll_muluu)
    i.__ARM_common_switch8                   0x08004e2e   Section        0  sx1276.o(i.__ARM_common_switch8)
    i.__scatterload_copy                     0x08004e48   Section       14  handlers.o(i.__scatterload_copy)
    i.__scatterload_null                     0x08004e56   Section        2  handlers.o(i.__scatterload_null)
    i.__scatterload_zeroinit                 0x08004e58   Section       14  handlers.o(i.__scatterload_zeroinit)
    i._fp_digits                             0x08004e68   Section        0  printfa.o(i._fp_digits)
    _fp_digits                               0x08004e69   Thumb Code   344  printfa.o(i._fp_digits)
    i._printf_core                           0x08004fdc   Section        0  printfa.o(i._printf_core)
    _printf_core                             0x08004fdd   Thumb Code  1754  printfa.o(i._printf_core)
    i._printf_post_padding                   0x080056c8   Section        0  printfa.o(i._printf_post_padding)
    _printf_post_padding                     0x080056c9   Thumb Code    32  printfa.o(i._printf_post_padding)
    i._printf_pre_padding                    0x080056e8   Section        0  printfa.o(i._printf_pre_padding)
    _printf_pre_padding                      0x080056e9   Thumb Code    44  printfa.o(i._printf_pre_padding)
    i._sputc                                 0x08005714   Section        0  printfa.o(i._sputc)
    _sputc                                   0x08005715   Thumb Code    10  printfa.o(i._sputc)
    i.ceil                                   0x08005720   Section        0  ceil.o(i.ceil)
    i.floor                                  0x080057e8   Section        0  floor.o(i.floor)
    i.main                                   0x080058b0   Section        0  main.o(i.main)
    i.memcpy1                                0x08005af0   Section        0  utilities.o(i.memcpy1)
    i.round                                  0x08005b08   Section        0  round.o(i.round)
    i.vcom_DeInit                            0x08005ba4   Section        0  vcom.o(i.vcom_DeInit)
    i.vcom_Init                              0x08005bb4   Section        0  vcom.o(i.vcom_Init)
    i.vcom_IoDeInit                          0x08005bf8   Section        0  vcom.o(i.vcom_IoDeInit)
    i.vcom_IoInit                            0x08005c4c   Section        0  vcom.o(i.vcom_IoInit)
    i.vcom_Print                             0x08005ca8   Section        0  vcom.o(i.vcom_Print)
    i.vcom_Send                              0x08005cfc   Section        0  vcom.o(i.vcom_Send)
    .constdata                               0x08005d78   Section      224  sx1276.o(.constdata)
    .constdata                               0x08005e58   Section      104  mlm32l07x01.o(.constdata)
    .constdata                               0x08005ec0   Section       12  b-l072z-lrwan1.o(.constdata)
    .constdata                               0x08005ecc   Section       25  system_stm32l0xx.o(.constdata)
    .constdata                               0x08005ee5   Section        8  system_stm32l0xx.o(.constdata)
    .constdata                               0x08005eed   Section       24  hw_rtc.o(.constdata)
    DaysInMonth                              0x08005eed   Data          12  hw_rtc.o(.constdata)
    DaysInMonthLeapYear                      0x08005ef9   Data          12  hw_rtc.o(.constdata)
    .constdata                               0x08005f05   Section       10  main.o(.constdata)
    .data                                    0x20000000   Section       32  sx1276.o(.data)
    RadioEvents                              0x20000000   Data           4  sx1276.o(.data)
    LoRaBoardCallbacks                       0x20000004   Data           4  sx1276.o(.data)
    .data                                    0x20000020   Section       24  mlm32l07x01.o(.data)
    BoardCallbacks                           0x20000020   Data          24  mlm32l07x01.o(.data)
    .data                                    0x20000038   Section       20  b-l072z-lrwan1.o(.data)
    .data                                    0x2000004c   Section        4  system_stm32l0xx.o(.data)
    .data                                    0x20000050   Section        4  stm32l0xx_hal.o(.data)
    .data                                    0x20000054   Section        4  hw_rtc.o(.data)
    HW_RTC_Initalized                        0x20000054   Data           1  hw_rtc.o(.data)
    McuWakeUpTimeInitialized                 0x20000055   Data           1  hw_rtc.o(.data)
    McuWakeUpTimeCal                         0x20000056   Data           2  hw_rtc.o(.data)
    .data                                    0x20000058   Section        6  main.o(.data)
    .data                                    0x2000005e   Section        4  vcom.o(.data)
    ir                                       0x20000060   Data           2  vcom.o(.data)
    .data                                    0x20000062   Section        2  mlm32l0xx_hw.o(.data)
    AdcInitialized                           0x20000062   Data           1  mlm32l0xx_hw.o(.data)
    McuInitialized                           0x20000063   Data           1  mlm32l0xx_hw.o(.data)
    .data                                    0x20000064   Section        4  low_power.o(.data)
    LowPower_State                           0x20000064   Data           4  low_power.o(.data)
    .data                                    0x20000068   Section        4  timeserver.o(.data)
    TimerListHead                            0x20000068   Data           4  timeserver.o(.data)
    .bss                                     0x2000006c   Section      420  sx1276.o(.bss)
    RxTxBuffer                               0x2000006c   Data         256  sx1276.o(.bss)
    .bss                                     0x20000210   Section       64  hw_gpio.o(.bss)
    GpioIrq                                  0x20000210   Data          64  hw_gpio.o(.bss)
    .bss                                     0x20000250   Section      104  hw_rtc.o(.bss)
    RtcHandle                                0x20000250   Data          36  hw_rtc.o(.bss)
    RTC_AlarmStructure                       0x20000274   Data          40  hw_rtc.o(.bss)
    RtcTimerContext                          0x2000029c   Data          28  hw_rtc.o(.bss)
    .bss                                     0x200002b8   Section       88  hw_spi.o(.bss)
    hspi                                     0x200002b8   Data          88  hw_spi.o(.bss)
    .bss                                     0x20000310   Section      112  main.o(.bss)
    timerLed                                 0x20000350   Data          20  main.o(.bss)
    RadioEvents                              0x20000364   Data          28  main.o(.bss)
    .bss                                     0x20000380   Section      368  vcom.o(.bss)
    buff                                     0x20000380   Data         256  vcom.o(.bss)
    UartHandle                               0x20000480   Data         112  vcom.o(.bss)
    .bss                                     0x200004f0   Section       96  mlm32l0xx_hw.o(.bss)
    hadc                                     0x200004f0   Data          96  mlm32l0xx_hw.o(.bss)
    STACK                                    0x20000550   Section     1024  startup_stm32l072xx.o(STACK)

    Global Symbols

    Symbol Name                              Value     Ov Type        Size  Object(Section)

    BuildAttributes$$THM_ISAv3M$S$PE$A:L22$X:L11$S22$IEEE1$IW$USESV6$~STKCKD$USESV7$~SHL$OTIME$ROPI$IEEEJ$EBA8$MICROLIB$REQ8$PRES8$EABIv2 0x00000000   Number         0  anon$$obj.o ABSOLUTE
    __ARM_use_no_argv                        0x00000000   Number         0  main.o ABSOLUTE
    __cpp_initialize__aeabi_                  - Undefined Weak Reference
    __cxa_finalize                            - Undefined Weak Reference
    __decompress                              - Undefined Weak Reference
    _clock_init                               - Undefined Weak Reference
    _microlib_exit                            - Undefined Weak Reference
    __Vectors_Size                           0x000000c0   Number         0  startup_stm32l072xx.o ABSOLUTE
    __Vectors                                0x08000000   Data           4  startup_stm32l072xx.o(RESET)
    __Vectors_End                            0x080000c0   Data           0  startup_stm32l072xx.o(RESET)
    __main                                   0x080000c1   Thumb Code     0  entry.o(.ARM.Collect$$$$00000000)
    _main_stk                                0x080000c1   Thumb Code     0  entry2.o(.ARM.Collect$$$$00000001)
    _main_scatterload                        0x080000c5   Thumb Code     0  entry5.o(.ARM.Collect$$$$00000004)
    __main_after_scatterload                 0x080000c9   Thumb Code     0  entry5.o(.ARM.Collect$$$$00000004)
    _main_clock                              0x080000c9   Thumb Code     0  entry7b.o(.ARM.Collect$$$$00000008)
    _main_cpp_init                           0x080000c9   Thumb Code     0  entry8b.o(.ARM.Collect$$$$0000000A)
    _main_init                               0x080000c9   Thumb Code     0  entry9a.o(.ARM.Collect$$$$0000000B)
    __rt_final_cpp                           0x080000d1   Thumb Code     0  entry10a.o(.ARM.Collect$$$$0000000D)
    __rt_final_exit                          0x080000d1   Thumb Code     0  entry11a.o(.ARM.Collect$$$$0000000F)
    Reset_Handler                            0x080000d5   Thumb Code     8  startup_stm32l072xx.o(.text)
    ADC1_COMP_IRQHandler                     0x080000e7   Thumb Code     0  startup_stm32l072xx.o(.text)
    DMA1_Channel1_IRQHandler                 0x080000e7   Thumb Code     0  startup_stm32l072xx.o(.text)
    DMA1_Channel2_3_IRQHandler               0x080000e7   Thumb Code     0  startup_stm32l072xx.o(.text)
    DMA1_Channel4_5_6_7_IRQHandler           0x080000e7   Thumb Code     0  startup_stm32l072xx.o(.text)
    FLASH_IRQHandler                         0x080000e7   Thumb Code     0  startup_stm32l072xx.o(.text)
    I2C1_IRQHandler                          0x080000e7   Thumb Code     0  startup_stm32l072xx.o(.text)
    I2C2_IRQHandler                          0x080000e7   Thumb Code     0  startup_stm32l072xx.o(.text)
    I2C3_IRQHandler                          0x080000e7   Thumb Code     0  startup_stm32l072xx.o(.text)
    LPTIM1_IRQHandler                        0x080000e7   Thumb Code     0  startup_stm32l072xx.o(.text)
    PVD_IRQHandler                           0x080000e7   Thumb Code     0  startup_stm32l072xx.o(.text)
    RCC_CRS_IRQHandler                       0x080000e7   Thumb Code     0  startup_stm32l072xx.o(.text)
    RNG_LPUART1_IRQHandler                   0x080000e7   Thumb Code     0  startup_stm32l072xx.o(.text)
    SPI1_IRQHandler                          0x080000e7   Thumb Code     0  startup_stm32l072xx.o(.text)
    SPI2_IRQHandler                          0x080000e7   Thumb Code     0  startup_stm32l072xx.o(.text)
    TIM21_IRQHandler                         0x080000e7   Thumb Code     0  startup_stm32l072xx.o(.text)
    TIM22_IRQHandler                         0x080000e7   Thumb Code     0  startup_stm32l072xx.o(.text)
    TIM2_IRQHandler                          0x080000e7   Thumb Code     0  startup_stm32l072xx.o(.text)
    TIM3_IRQHandler                          0x080000e7   Thumb Code     0  startup_stm32l072xx.o(.text)
    TIM6_DAC_IRQHandler                      0x080000e7   Thumb Code     0  startup_stm32l072xx.o(.text)
    TIM7_IRQHandler                          0x080000e7   Thumb Code     0  startup_stm32l072xx.o(.text)
    TSC_IRQHandler                           0x080000e7   Thumb Code     0  startup_stm32l072xx.o(.text)
    USART1_IRQHandler                        0x080000e7   Thumb Code     0  startup_stm32l072xx.o(.text)
    USART4_5_IRQHandler                      0x080000e7   Thumb Code     0  startup_stm32l072xx.o(.text)
    USB_IRQHandler                           0x080000e7   Thumb Code     0  startup_stm32l072xx.o(.text)
    WWDG_IRQHandler                          0x080000e7   Thumb Code     0  startup_stm32l072xx.o(.text)
    __aeabi_uidiv                            0x080000f1   Thumb Code     0  uidiv.o(.text)
    __aeabi_uidivmod                         0x080000f1   Thumb Code    44  uidiv.o(.text)
    __aeabi_uldivmod                         0x0800011d   Thumb Code    96  uldiv.o(.text)
    __aeabi_memcpy                           0x0800017d   Thumb Code    36  memcpya.o(.text)
    __aeabi_memcpy4                          0x0800017d   Thumb Code     0  memcpya.o(.text)
    __aeabi_memcpy8                          0x0800017d   Thumb Code     0  memcpya.o(.text)
    __aeabi_memset                           0x080001a1   Thumb Code    14  memseta.o(.text)
    __aeabi_memset4                          0x080001a1   Thumb Code     0  memseta.o(.text)
    __aeabi_memset8                          0x080001a1   Thumb Code     0  memseta.o(.text)
    __aeabi_memclr                           0x080001af   Thumb Code     4  memseta.o(.text)
    __aeabi_memclr4                          0x080001af   Thumb Code     0  memseta.o(.text)
    __aeabi_memclr8                          0x080001af   Thumb Code     0  memseta.o(.text)
    _memset$wrapper                          0x080001b3   Thumb Code    18  memseta.o(.text)
    strncmp                                  0x080001c5   Thumb Code    30  strncmp.o(.text)
    __aeabi_dadd                             0x080001e5   Thumb Code   328  dadd.o(.text)
    __aeabi_dsub                             0x0800032d   Thumb Code    12  dadd.o(.text)
    __aeabi_drsub                            0x08000339   Thumb Code    12  dadd.o(.text)
    __aeabi_dmul                             0x08000349   Thumb Code   202  dmul.o(.text)
    __aeabi_ddiv                             0x08000419   Thumb Code   234  ddiv.o(.text)
    __ARM_scalbn                             0x08000509   Thumb Code    44  dscalb.o(.text)
    scalbn                                   0x08000509   Thumb Code     0  dscalb.o(.text)
    __aeabi_i2d                              0x08000535   Thumb Code    34  dflti.o(.text)
    __aeabi_ui2d                             0x0800055d   Thumb Code    24  dfltui.o(.text)
    __aeabi_d2uiz                            0x08000579   Thumb Code    50  dfixui.o(.text)
    __aeabi_cdrcmple                         0x080005b5   Thumb Code    38  cdrcmple.o(.text)
    __aeabi_llsl                             0x080005dd   Thumb Code    32  llshl.o(.text)
    _ll_shift_l                              0x080005dd   Thumb Code     0  llshl.o(.text)
    __aeabi_llsr                             0x080005fd   Thumb Code    34  llushr.o(.text)
    _ll_ushift_r                             0x080005fd   Thumb Code     0  llushr.o(.text)
    __aeabi_lasr                             0x0800061f   Thumb Code    38  llsshr.o(.text)
    _ll_sshift_r                             0x0800061f   Thumb Code     0  llsshr.o(.text)
    __I$use$fp                               0x08000645   Thumb Code     0  iusefp.o(.text)
    _double_round                            0x08000645   Thumb Code    26  depilogue.o(.text)
    _double_epilogue                         0x0800065f   Thumb Code   164  depilogue.o(.text)
    _drnd                                    0x08000705   Thumb Code   114  drnd.o(.text)
    __aeabi_d2ulz                            0x08000781   Thumb Code    54  dfixul.o(.text)
    __aeabi_cdcmpeq                          0x080007c1   Thumb Code     0  cdcmple.o(.text)
    __aeabi_cdcmple                          0x080007c1   Thumb Code    38  cdcmple.o(.text)
    __scatterload                            0x080007e9   Thumb Code    28  init.o(.text)
    __scatterload_rt2                        0x080007e9   Thumb Code     0  init.o(.text)
    BSP_LED_Init                             0x0800080d   Thumb Code    88  b-l072z-lrwan1.o(i.BSP_LED_Init)
    BSP_LED_Off                              0x08000871   Thumb Code    22  b-l072z-lrwan1.o(i.BSP_LED_Off)
    BSP_LED_Toggle                           0x08000891   Thumb Code    20  b-l072z-lrwan1.o(i.BSP_LED_Toggle)
    DBG_Init                                 0x080008ad   Thumb Code    62  debug.o(i.DBG_Init)
    DelayMs                                  0x080008f1   Thumb Code     8  delay.o(i.DelayMs)
    EXTI0_1_IRQHandler                       0x080008f9   Thumb Code    16  mlm32l0xx_it.o(i.EXTI0_1_IRQHandler)
    EXTI2_3_IRQHandler                       0x08000909   Thumb Code    16  mlm32l0xx_it.o(i.EXTI2_3_IRQHandler)
    EXTI4_15_IRQHandler                      0x08000919   Thumb Code    92  mlm32l0xx_it.o(i.EXTI4_15_IRQHandler)
    Error_Handler                            0x08000975   Thumb Code     2  debug.o(i.Error_Handler)
    HAL_ADC_Init                             0x080009a5   Thumb Code   442  stm32l0xx_hal_adc.o(i.HAL_ADC_Init)
    HAL_ADC_MspInit                          0x08000b69   Thumb Code     2  stm32l0xx_hal_adc.o(i.HAL_ADC_MspInit)
    HAL_DBGMCU_DisableDBGSleepMode           0x08000b6d   Thumb Code    12  stm32l0xx_hal.o(i.HAL_DBGMCU_DisableDBGSleepMode)
    HAL_DBGMCU_DisableDBGStandbyMode         0x08000b7d   Thumb Code    12  stm32l0xx_hal.o(i.HAL_DBGMCU_DisableDBGStandbyMode)
    HAL_DBGMCU_DisableDBGStopMode            0x08000b8d   Thumb Code    12  stm32l0xx_hal.o(i.HAL_DBGMCU_DisableDBGStopMode)
    HAL_GPIO_EXTI_Callback                   0x08000b9d   Thumb Code     8  mlm32l0xx_hal_msp.o(i.HAL_GPIO_EXTI_Callback)
    HAL_GPIO_EXTI_IRQHandler                 0x08000ba5   Thumb Code    18  stm32l0xx_hal_gpio.o(i.HAL_GPIO_EXTI_IRQHandler)
    HAL_GPIO_Init                            0x08000bbd   Thumb Code   356  stm32l0xx_hal_gpio.o(i.HAL_GPIO_Init)
    HAL_GPIO_TogglePin                       0x08000d41   Thumb Code     8  stm32l0xx_hal_gpio.o(i.HAL_GPIO_TogglePin)
    HAL_GPIO_WritePin                        0x08000d49   Thumb Code    12  stm32l0xx_hal_gpio.o(i.HAL_GPIO_WritePin)
    HAL_GetTick                              0x08000d55   Thumb Code     6  stm32l0xx_hal.o(i.HAL_GetTick)
    HAL_IncTick                              0x08000d61   Thumb Code    10  stm32l0xx_hal.o(i.HAL_IncTick)
    HAL_Init                                 0x08000d71   Thumb Code    26  stm32l0xx_hal.o(i.HAL_Init)
    HAL_InitTick                             0x08000d91   Thumb Code     4  mlm32l0xx_hal_msp.o(i.HAL_InitTick)
    HAL_MspInit                              0x08000d95   Thumb Code    26  mlm32l0xx_hal_msp.o(i.HAL_MspInit)
    HAL_NVIC_ClearPendingIRQ                 0x08000db5   Thumb Code    14  stm32l0xx_hal_cortex.o(i.HAL_NVIC_ClearPendingIRQ)
    HAL_NVIC_EnableIRQ                       0x08000dc9   Thumb Code    14  stm32l0xx_hal_cortex.o(i.HAL_NVIC_EnableIRQ)
    HAL_NVIC_GetPendingIRQ                   0x08000ddd   Thumb Code    24  stm32l0xx_hal_cortex.o(i.HAL_NVIC_GetPendingIRQ)
    HAL_NVIC_SetPendingIRQ                   0x08000df9   Thumb Code    14  stm32l0xx_hal_cortex.o(i.HAL_NVIC_SetPendingIRQ)
    HAL_NVIC_SetPriority                     0x08000e0d   Thumb Code     8  stm32l0xx_hal_cortex.o(i.HAL_NVIC_SetPriority)
    HAL_PWREx_EnableFastWakeUp               0x08000e15   Thumb Code    12  stm32l0xx_hal_pwr_ex.o(i.HAL_PWREx_EnableFastWakeUp)
    HAL_PWREx_EnableUltraLowPower            0x08000e25   Thumb Code    12  stm32l0xx_hal_pwr_ex.o(i.HAL_PWREx_EnableUltraLowPower)
    HAL_PWR_DisablePVD                       0x08000e35   Thumb Code    12  stm32l0xx_hal_pwr.o(i.HAL_PWR_DisablePVD)
    HAL_PWR_EnterSLEEPMode                   0x08000e45   Thumb Code    38  stm32l0xx_hal_pwr.o(i.HAL_PWR_EnterSLEEPMode)
    HAL_PWR_EnterSTOPMode                    0x08000e75   Thumb Code    44  stm32l0xx_hal_pwr.o(i.HAL_PWR_EnterSTOPMode)
    HAL_RCCEx_GetPeriphCLKFreq               0x08000ea9   Thumb Code   406  stm32l0xx_hal_rcc_ex.o(i.HAL_RCCEx_GetPeriphCLKFreq)
    HAL_RCCEx_PeriphCLKConfig                0x08001069   Thumb Code   382  stm32l0xx_hal_rcc_ex.o(i.HAL_RCCEx_PeriphCLKConfig)
    HAL_RCC_ClockConfig                      0x080011f5   Thumb Code   340  stm32l0xx_hal_rcc.o(i.HAL_RCC_ClockConfig)
    HAL_RCC_GetPCLK1Freq                     0x0800135d   Thumb Code    20  stm32l0xx_hal_rcc.o(i.HAL_RCC_GetPCLK1Freq)
    HAL_RCC_GetPCLK2Freq                     0x0800137d   Thumb Code    20  stm32l0xx_hal_rcc.o(i.HAL_RCC_GetPCLK2Freq)
    HAL_RCC_GetSysClockFreq                  0x0800139d   Thumb Code   100  stm32l0xx_hal_rcc.o(i.HAL_RCC_GetSysClockFreq)
    HAL_RCC_OscConfig                        0x08001415   Thumb Code  1116  stm32l0xx_hal_rcc.o(i.HAL_RCC_OscConfig)
    HAL_RTCEx_EnableBypassShadow             0x08001871   Thumb Code    60  stm32l0xx_hal_rtc_ex.o(i.HAL_RTCEx_EnableBypassShadow)
    HAL_RTC_AlarmAEventCallback              0x080018ad   Thumb Code     8  mlm32l0xx_hal_msp.o(i.HAL_RTC_AlarmAEventCallback)
    HAL_RTC_DeactivateAlarm                  0x080018b5   Thumb Code   184  stm32l0xx_hal_rtc.o(i.HAL_RTC_DeactivateAlarm)
    HAL_RTC_GetAlarm                         0x0800196d   Thumb Code   134  stm32l0xx_hal_rtc.o(i.HAL_RTC_GetAlarm)
    HAL_RTC_GetDate                          0x080019f9   Thumb Code    68  stm32l0xx_hal_rtc.o(i.HAL_RTC_GetDate)
    HAL_RTC_GetTime                          0x08001a3d   Thumb Code    88  stm32l0xx_hal_rtc.o(i.HAL_RTC_GetTime)
    HAL_RTC_Init                             0x08001a99   Thumb Code   160  stm32l0xx_hal_rtc.o(i.HAL_RTC_Init)
    HAL_RTC_MspInit                          0x08001b3d   Thumb Code    86  mlm32l0xx_hal_msp.o(i.HAL_RTC_MspInit)
    HAL_RTC_SetAlarm_IT                      0x08001b99   Thumb Code   408  stm32l0xx_hal_rtc.o(i.HAL_RTC_SetAlarm_IT)
    HAL_RTC_SetDate                          0x08001d39   Thumb Code   200  stm32l0xx_hal_rtc.o(i.HAL_RTC_SetDate)
    HAL_RTC_SetTime                          0x08001e05   Thumb Code   234  stm32l0xx_hal_rtc.o(i.HAL_RTC_SetTime)
    HAL_RTC_WaitForSynchro                   0x08001ef5   Thumb Code    52  stm32l0xx_hal_rtc.o(i.HAL_RTC_WaitForSynchro)
    HAL_SPI_DeInit                           0x08001f29   Thumb Code    48  stm32l0xx_hal_spi.o(i.HAL_SPI_DeInit)
    HAL_SPI_Init                             0x08001f59   Thumb Code   132  stm32l0xx_hal_spi.o(i.HAL_SPI_Init)
    HAL_SPI_MspDeInit                        0x08001fdd   Thumb Code     2  stm32l0xx_hal_spi.o(i.HAL_SPI_MspDeInit)
    HAL_SPI_MspInit                          0x08001fdf   Thumb Code     2  stm32l0xx_hal_spi.o(i.HAL_SPI_MspInit)
    HAL_SPI_TransmitReceive                  0x08001fe1   Thumb Code   696  stm32l0xx_hal_spi.o(i.HAL_SPI_TransmitReceive)
    HAL_UART_DeInit                          0x08002299   Thumb Code    62  stm32l0xx_hal_uart.o(i.HAL_UART_DeInit)
    HAL_UART_Init                            0x080022d7   Thumb Code   108  stm32l0xx_hal_uart.o(i.HAL_UART_Init)
    HAL_UART_MspDeInit                       0x08002343   Thumb Code     8  vcom.o(i.HAL_UART_MspDeInit)
    HAL_UART_MspInit                         0x0800234d   Thumb Code    20  vcom.o(i.HAL_UART_MspInit)
    HAL_UART_Transmit                        0x08002365   Thumb Code   200  stm32l0xx_hal_uart.o(i.HAL_UART_Transmit)
    HW_AdcInit                               0x0800242d   Thumb Code   100  mlm32l0xx_hw.o(i.HW_AdcInit)
    HW_DeInit                                0x080024a1   Thumb Code    24  mlm32l0xx_hw.o(i.HW_DeInit)
    HW_EnterSleepMode                        0x080024c1   Thumb Code    12  mlm32l0xx_hw.o(i.HW_EnterSleepMode)
    HW_EnterStopMode                         0x080024cd   Thumb Code    36  mlm32l0xx_hw.o(i.HW_EnterStopMode)
    HW_ExitStopMode                          0x080024f5   Thumb Code    68  mlm32l0xx_hw.o(i.HW_ExitStopMode)
    HW_GPIO_Init                             0x08002575   Thumb Code    80  hw_gpio.o(i.HW_GPIO_Init)
    HW_GPIO_IrqHandler                       0x080025c9   Thumb Code    20  hw_gpio.o(i.HW_GPIO_IrqHandler)
    HW_GPIO_SetIrq                           0x080025e1   Thumb Code    48  hw_gpio.o(i.HW_GPIO_SetIrq)
    HW_GPIO_Write                            0x08002615   Thumb Code    10  hw_gpio.o(i.HW_GPIO_Write)
    HW_Init                                  0x08002621   Thumb Code    62  mlm32l0xx_hw.o(i.HW_Init)
    HW_RTC_DelayMs                           0x08002669   Thumb Code    38  hw_rtc.o(i.HW_RTC_DelayMs)
    HW_RTC_GetMinimumTimeout                 0x08002735   Thumb Code     4  hw_rtc.o(i.HW_RTC_GetMinimumTimeout)
    HW_RTC_GetTimerContext                   0x08002739   Thumb Code     6  hw_rtc.o(i.HW_RTC_GetTimerContext)
    HW_RTC_GetTimerElapsedTime               0x08002745   Thumb Code    22  hw_rtc.o(i.HW_RTC_GetTimerElapsedTime)
    HW_RTC_GetTimerValue                     0x08002761   Thumb Code    16  hw_rtc.o(i.HW_RTC_GetTimerValue)
    HW_RTC_Init                              0x08002771   Thumb Code    34  hw_rtc.o(i.HW_RTC_Init)
    HW_RTC_IrqHandler                        0x0800279d   Thumb Code    50  hw_rtc.o(i.HW_RTC_IrqHandler)
    HW_RTC_SetAlarm                          0x080027d9   Thumb Code    64  hw_rtc.o(i.HW_RTC_SetAlarm)
    HW_RTC_SetTimerContext                   0x0800287d   Thumb Code    18  hw_rtc.o(i.HW_RTC_SetTimerContext)
    HW_RTC_StopAlarm                         0x080029ad   Thumb Code    28  hw_rtc.o(i.HW_RTC_StopAlarm)
    HW_RTC_Tick2ms                           0x080029cd   Thumb Code    16  hw_rtc.o(i.HW_RTC_Tick2ms)
    HW_RTC_ms2Tick                           0x080029dd   Thumb Code    16  hw_rtc.o(i.HW_RTC_ms2Tick)
    HW_RTC_setMcuWakeUpTime                  0x080029ed   Thumb Code   104  hw_rtc.o(i.HW_RTC_setMcuWakeUpTime)
    HW_SPI_DeInit                            0x08002a61   Thumb Code   142  hw_spi.o(i.HW_SPI_DeInit)
    HW_SPI_InOut                             0x08002afd   Thumb Code    28  hw_spi.o(i.HW_SPI_InOut)
    HW_SPI_Init                              0x08002b1d   Thumb Code   194  hw_spi.o(i.HW_SPI_Init)
    HardFault_Handler                        0x08002bf9   Thumb Code     4  mlm32l0xx_it.o(i.HardFault_Handler)
    LowPower_Disable                         0x08002bfd   Thumb Code    20  low_power.o(i.LowPower_Disable)
    LowPower_Enable                          0x08002c15   Thumb Code    20  low_power.o(i.LowPower_Enable)
    LowPower_GetState                        0x08002c2d   Thumb Code     6  low_power.o(i.LowPower_GetState)
    LowPower_Handler                         0x08002c39   Thumb Code    30  low_power.o(i.LowPower_Handler)
    MSP_GetIRQn                              0x08002c5d   Thumb Code    48  mlm32l0xx_hal_msp.o(i.MSP_GetIRQn)
    NMI_Handler                              0x08002c8d   Thumb Code     2  mlm32l0xx_it.o(i.NMI_Handler)
    OnRxDone                                 0x08002cd5   Thumb Code    56  main.o(i.OnRxDone)
    OnRxError                                0x08002d45   Thumb Code    22  main.o(i.OnRxError)
    OnRxTimeout                              0x08002d71   Thumb Code    22  main.o(i.OnRxTimeout)
    OnTxDone                                 0x08002da1   Thumb Code    22  main.o(i.OnTxDone)
    OnTxTimeout                              0x08002dcd   Thumb Code    22  main.o(i.OnTxTimeout)
    PendSV_Handler                           0x08002e25   Thumb Code     2  mlm32l0xx_it.o(i.PendSV_Handler)
    RTC_Bcd2ToByte                           0x08002e99   Thumb Code    16  stm32l0xx_hal_rtc.o(i.RTC_Bcd2ToByte)
    RTC_ByteToBcd2                           0x08002ea9   Thumb Code    22  stm32l0xx_hal_rtc.o(i.RTC_ByteToBcd2)
    RTC_EnterInitMode                        0x08002ebf   Thumb Code    56  stm32l0xx_hal_rtc.o(i.RTC_EnterInitMode)
    RTC_IRQHandler                           0x08002ef7   Thumb Code     8  mlm32l0xx_it.o(i.RTC_IRQHandler)
    SVC_Handler                              0x08003047   Thumb Code     2  mlm32l0xx_it.o(i.SVC_Handler)
    SX1276BoardInit                          0x08003049   Thumb Code     6  sx1276.o(i.SX1276BoardInit)
    SX1276CheckRfFrequency                   0x08003055   Thumb Code     4  mlm32l07x01.o(i.SX1276CheckRfFrequency)
    SX1276GetPaSelect                        0x08003059   Thumb Code    12  mlm32l07x01.o(i.SX1276GetPaSelect)
    SX1276GetRadioWakeUpTime                 0x08003065   Thumb Code    14  sx1276.o(i.SX1276GetRadioWakeUpTime)
    SX1276GetStatus                          0x08003079   Thumb Code     6  sx1276.o(i.SX1276GetStatus)
    SX1276GetTimeOnAir                       0x08003085   Thumb Code   444  sx1276.o(i.SX1276GetTimeOnAir)
    SX1276GetWakeTime                        0x08003269   Thumb Code     4  mlm32l07x01.o(i.SX1276GetWakeTime)
    SX1276Init                               0x0800326d   Thumb Code   122  sx1276.o(i.SX1276Init)
    SX1276IoDeInit                           0x080032f9   Thumb Code    68  mlm32l07x01.o(i.SX1276IoDeInit)
    SX1276IoInit                             0x08003349   Thumb Code    94  mlm32l07x01.o(i.SX1276IoInit)
    SX1276IoIrqInit                          0x080033b9   Thumb Code    58  mlm32l07x01.o(i.SX1276IoIrqInit)
    SX1276IsChannelFree                      0x080033fd   Thumb Code    78  sx1276.o(i.SX1276IsChannelFree)
    SX1276OnDio0Irq                          0x0800344d   Thumb Code   594  sx1276.o(i.SX1276OnDio0Irq)
    SX1276OnDio1Irq                          0x080036c9   Thumb Code   194  sx1276.o(i.SX1276OnDio1Irq)
    SX1276OnDio2Irq                          0x080037a1   Thumb Code   166  sx1276.o(i.SX1276OnDio2Irq)
    SX1276OnDio3Irq                          0x08003855   Thumb Code    76  sx1276.o(i.SX1276OnDio3Irq)
    SX1276OnDio4Irq                          0x080038a9   Thumb Code    24  sx1276.o(i.SX1276OnDio4Irq)
    SX1276OnTimeoutIrq                       0x080038c5   Thumb Code   188  sx1276.o(i.SX1276OnTimeoutIrq)
    SX1276Random                             0x0800398d   Thumb Code    62  sx1276.o(i.SX1276Random)
    SX1276Read                               0x080039cb   Thumb Code    16  sx1276.o(i.SX1276Read)
    SX1276ReadBuffer                         0x080039db   Thumb Code    66  sx1276.o(i.SX1276ReadBuffer)
    SX1276ReadFifo                           0x08003a1d   Thumb Code    14  sx1276.o(i.SX1276ReadFifo)
    SX1276ReadRssi                           0x08003a2d   Thumb Code    58  sx1276.o(i.SX1276ReadRssi)
    SX1276Reset                              0x08003a71   Thumb Code    74  sx1276.o(i.SX1276Reset)
    SX1276Send                               0x08003ac1   Thumb Code   230  sx1276.o(i.SX1276Send)
    SX1276SetAntSw                           0x08003bb1   Thumb Code    60  mlm32l07x01.o(i.SX1276SetAntSw)
    SX1276SetAntSwLowPower                   0x08003bf5   Thumb Code   110  mlm32l07x01.o(i.SX1276SetAntSwLowPower)
    SX1276SetChannel                         0x08003c69   Thumb Code    72  sx1276.o(i.SX1276SetChannel)
    SX1276SetMaxPayloadLength                0x08003cb9   Thumb Code    42  sx1276.o(i.SX1276SetMaxPayloadLength)
    SX1276SetModem                           0x08003ce9   Thumb Code   106  sx1276.o(i.SX1276SetModem)
    SX1276SetOpMode                          0x08003d59   Thumb Code    86  sx1276.o(i.SX1276SetOpMode)
    SX1276SetPublicNetwork                   0x08003db5   Thumb Code    32  sx1276.o(i.SX1276SetPublicNetwork)
    SX1276SetRfTxPower                       0x08003dd9   Thumb Code   152  mlm32l07x01.o(i.SX1276SetRfTxPower)
    SX1276SetRx                              0x08003e71   Thumb Code   474  sx1276.o(i.SX1276SetRx)
    SX1276SetRxConfig                        0x0800406d   Thumb Code   628  sx1276.o(i.SX1276SetRxConfig)
    SX1276SetSleep                           0x080042f5   Thumb Code    32  sx1276.o(i.SX1276SetSleep)
    SX1276SetStby                            0x08004319   Thumb Code    32  sx1276.o(i.SX1276SetStby)
    SX1276SetTx                              0x0800433d   Thumb Code   158  sx1276.o(i.SX1276SetTx)
    SX1276SetTxConfig                        0x080043e1   Thumb Code   490  sx1276.o(i.SX1276SetTxConfig)
    SX1276SetTxContinuousWave                0x080045dd   Thumb Code   120  sx1276.o(i.SX1276SetTxContinuousWave)
    SX1276SetXO                              0x08004659   Thumb Code    40  mlm32l07x01.o(i.SX1276SetXO)
    SX1276StartCad                           0x08004681   Thumb Code    50  sx1276.o(i.SX1276StartCad)
    SX1276Write                              0x080046b9   Thumb Code    12  sx1276.o(i.SX1276Write)
    SX1276WriteBuffer                        0x080046c5   Thumb Code    66  sx1276.o(i.SX1276WriteBuffer)
    SX1276WriteFifo                          0x08004707   Thumb Code    14  sx1276.o(i.SX1276WriteFifo)
    SysTick_Handler                          0x08004715   Thumb Code     8  mlm32l0xx_it.o(i.SysTick_Handler)
    SystemClock_Config                       0x0800471d   Thumb Code   130  mlm32l0xx_hw.o(i.SystemClock_Config)
    SystemInit                               0x080047a9   Thumb Code    66  system_stm32l0xx.o(i.SystemInit)
    TimerGetCurrentTime                      0x080047fd   Thumb Code    12  timeserver.o(i.TimerGetCurrentTime)
    TimerGetElapsedTime                      0x08004809   Thumb Code    24  timeserver.o(i.TimerGetElapsedTime)
    TimerInit                                0x08004821   Thumb Code    14  timeserver.o(i.TimerInit)
    TimerIrqHandler                          0x0800484d   Thumb Code   116  timeserver.o(i.TimerIrqHandler)
    TimerSetValue                            0x080048f1   Thumb Code    34  timeserver.o(i.TimerSetValue)
    TimerStart                               0x08004915   Thumb Code   108  timeserver.o(i.TimerStart)
    TimerStop                                0x08004985   Thumb Code    90  timeserver.o(i.TimerStop)
    UART_AdvFeatureConfig                    0x080049e5   Thumb Code   202  stm32l0xx_hal_uart.o(i.UART_AdvFeatureConfig)
    UART_CheckIdleState                      0x08004ab1   Thumb Code    90  stm32l0xx_hal_uart.o(i.UART_CheckIdleState)
    UART_SetConfig                           0x08004b11   Thumb Code   510  stm32l0xx_hal_uart.o(i.UART_SetConfig)
    UART_WaitOnFlagUntilTimeout              0x08004d41   Thumb Code    98  stm32l0xx_hal_uart.o(i.UART_WaitOnFlagUntilTimeout)
    USART2_IRQHandler                        0x08004da3   Thumb Code     8  mlm32l0xx_it.o(i.USART2_IRQHandler)
    __0vsprintf                              0x08004dad   Thumb Code    30  printfa.o(i.__0vsprintf)
    __1vsprintf                              0x08004dad   Thumb Code     0  printfa.o(i.__0vsprintf)
    __2vsprintf                              0x08004dad   Thumb Code     0  printfa.o(i.__0vsprintf)
    __c89vsprintf                            0x08004dad   Thumb Code     0  printfa.o(i.__0vsprintf)
    vsprintf                                 0x08004dad   Thumb Code     0  printfa.o(i.__0vsprintf)
    __ARM_clz                                0x08004dd1   Thumb Code    46  depilogue.o(i.__ARM_clz)
    __ARM_common_ll_muluu                    0x08004dff   Thumb Code    48  hw_rtc.o(i.__ARM_common_ll_muluu)
    __ARM_common_switch8                     0x08004e2f   Thumb Code    26  sx1276.o(i.__ARM_common_switch8)
    __scatterload_copy                       0x08004e49   Thumb Code    14  handlers.o(i.__scatterload_copy)
    __scatterload_null                       0x08004e57   Thumb Code     2  handlers.o(i.__scatterload_null)
    __scatterload_zeroinit                   0x08004e59   Thumb Code    14  handlers.o(i.__scatterload_zeroinit)
    ceil                                     0x08005721   Thumb Code   180  ceil.o(i.ceil)
    floor                                    0x080057e9   Thumb Code   180  floor.o(i.floor)
    main                                     0x080058b1   Thumb Code   504  main.o(i.main)
    memcpy1                                  0x08005af1   Thumb Code    22  utilities.o(i.memcpy1)
    round                                    0x08005b09   Thumb Code   142  round.o(i.round)
    vcom_DeInit                              0x08005ba5   Thumb Code    10  vcom.o(i.vcom_DeInit)
    vcom_Init                                0x08005bb5   Thumb Code    58  vcom.o(i.vcom_Init)
    vcom_IoDeInit                            0x08005bf9   Thumb Code    80  vcom.o(i.vcom_IoDeInit)
    vcom_IoInit                              0x08005c4d   Thumb Code    86  vcom.o(i.vcom_IoInit)
    vcom_Print                               0x08005ca9   Thumb Code    72  vcom.o(i.vcom_Print)
    vcom_Send                                0x08005cfd   Thumb Code   114  vcom.o(i.vcom_Send)
    RadioRegsInit                            0x08005d78   Data          48  sx1276.o(.constdata)
    FskBandwidths                            0x08005da8   Data         176  sx1276.o(.constdata)
    Radio                                    0x08005e58   Data         104  mlm32l07x01.o(.constdata)
    BUTTON_IRQn                              0x08005ec0   Data           1  b-l072z-lrwan1.o(.constdata)
    BUTTON_PIN                               0x08005ec2   Data           2  b-l072z-lrwan1.o(.constdata)
    LED_PIN                                  0x08005ec4   Data           8  b-l072z-lrwan1.o(.constdata)
    AHBPrescTable                            0x08005ecc   Data          16  system_stm32l0xx.o(.constdata)
    PLLMulTable                              0x08005edc   Data           9  system_stm32l0xx.o(.constdata)
    APBPrescTable                            0x08005ee5   Data           8  system_stm32l0xx.o(.constdata)
    PingMsg                                  0x08005f05   Data           5  main.o(.constdata)
    PongMsg                                  0x08005f0a   Data           5  main.o(.constdata)
    Region$$Table$$Base                      0x08005f10   Number         0  anon$$obj.o(Region$$Table)
    Region$$Table$$Limit                     0x08005f30   Number         0  anon$$obj.o(Region$$Table)
    DioIrq                                   0x20000008   Data          24  sx1276.o(.data)
    BUTTON_PORT                              0x20000038   Data           4  b-l072z-lrwan1.o(.data)
    LED_PORT                                 0x2000003c   Data          16  b-l072z-lrwan1.o(.data)
    SystemCoreClock                          0x2000004c   Data           4  system_stm32l0xx.o(.data)
    uwTick                                   0x20000050   Data           4  stm32l0xx_hal.o(.data)
    State                                    0x20000058   Data           1  main.o(.data)
    RssiValue                                0x20000059   Data           1  main.o(.data)
    SnrValue                                 0x2000005a   Data           1  main.o(.data)
    BufferSize                               0x2000005c   Data           2  main.o(.data)
    iw                                       0x2000005e   Data           2  vcom.o(.data)
    SX1276                                   0x2000016c   Data         104  sx1276.o(.bss)
    TxTimeoutTimer                           0x200001d4   Data          20  sx1276.o(.bss)
    RxTimeoutTimer                           0x200001e8   Data          20  sx1276.o(.bss)
    RxTimeoutSyncWord                        0x200001fc   Data          20  sx1276.o(.bss)
    Buffer                                   0x20000310   Data          64  main.o(.bss)
    __initial_sp                             0x20000950   Data           0  startup_stm32l072xx.o(STACK)



==============================================================================

Memory Map of the image

  Image Entry point : 0x080000c1

  Load Region LR_IROM1 (Base: 0x08000000, Size: 0x00005f9c, Max: 0x00030000, ABSOLUTE)

    Execution Region ER_IROM1 (Base: 0x08000000, Size: 0x00005f30, Max: 0x00030000, ABSOLUTE)

    Base Addr    Size         Type   Attr      Idx    E Section Name        Object

    0x08000000   0x000000c0   Data   RO         3718    RESET               startup_stm32l072xx.o
    0x080000c0   0x00000000   Code   RO         4585  * .ARM.Collect$$$$00000000  mc_p.l(entry.o)
    0x080000c0   0x00000004   Code   RO         4650    .ARM.Collect$$$$00000001  mc_p.l(entry2.o)
    0x080000c4   0x00000004   Code   RO         4653    .ARM.Collect$$$$00000004  mc_p.l(entry5.o)
    0x080000c8   0x00000000   Code   RO         4655    .ARM.Collect$$$$00000008  mc_p.l(entry7b.o)
    0x080000c8   0x00000000   Code   RO         4657    .ARM.Collect$$$$0000000A  mc_p.l(entry8b.o)
    0x080000c8   0x00000008   Code   RO         4658    .ARM.Collect$$$$0000000B  mc_p.l(entry9a.o)
    0x080000d0   0x00000000   Code   RO         4660    .ARM.Collect$$$$0000000D  mc_p.l(entry10a.o)
    0x080000d0   0x00000000   Code   RO         4662    .ARM.Collect$$$$0000000F  mc_p.l(entry11a.o)
    0x080000d0   0x00000004   Code   RO         4651    .ARM.Collect$$$$00002712  mc_p.l(entry2.o)
    0x080000d4   0x0000001c   Code   RO         3719    .text               startup_stm32l072xx.o
    0x080000f0   0x0000002c   Code   RO         4588    .text               mc_p.l(uidiv.o)
    0x0800011c   0x00000060   Code   RO         4592    .text               mc_p.l(uldiv.o)
    0x0800017c   0x00000024   Code   RO         4594    .text               mc_p.l(memcpya.o)
    0x080001a0   0x00000024   Code   RO         4596    .text               mc_p.l(memseta.o)
    0x080001c4   0x0000001e   Code   RO         4598    .text               mc_p.l(strncmp.o)
    0x080001e2   0x00000002   PAD
    0x080001e4   0x00000164   Code   RO         4632    .text               mf_p.l(dadd.o)
    0x08000348   0x000000d0   Code   RO         4634    .text               mf_p.l(dmul.o)
    0x08000418   0x000000f0   Code   RO         4636    .text               mf_p.l(ddiv.o)
    0x08000508   0x0000002c   Code   RO         4638    .text               mf_p.l(dscalb.o)
    0x08000534   0x00000028   Code   RO         4640    .text               mf_p.l(dflti.o)
    0x0800055c   0x0000001c   Code   RO         4642    .text               mf_p.l(dfltui.o)
    0x08000578   0x0000003c   Code   RO         4646    .text               mf_p.l(dfixui.o)
    0x080005b4   0x00000028   Code   RO         4648    .text               mf_p.l(cdrcmple.o)
    0x080005dc   0x00000020   Code   RO         4667    .text               mc_p.l(llshl.o)
    0x080005fc   0x00000022   Code   RO         4669    .text               mc_p.l(llushr.o)
    0x0800061e   0x00000026   Code   RO         4671    .text               mc_p.l(llsshr.o)
    0x08000644   0x00000000   Code   RO         4673    .text               mc_p.l(iusefp.o)
    0x08000644   0x000000be   Code   RO         4674    .text               mf_p.l(depilogue.o)
    0x08000702   0x00000002   PAD
    0x08000704   0x0000007c   Code   RO         4678    .text               mf_p.l(drnd.o)
    0x08000780   0x00000040   Code   RO         4680    .text               mf_p.l(dfixul.o)
    0x080007c0   0x00000028   Code   RO         4682    .text               mf_p.l(cdcmple.o)
    0x080007e8   0x00000024   Code   RO         4684    .text               mc_p.l(init.o)
    0x0800080c   0x00000064   Code   RO          511    i.BSP_LED_Init      b-l072z-lrwan1.o
    0x08000870   0x00000020   Code   RO          512    i.BSP_LED_Off       b-l072z-lrwan1.o
    0x08000890   0x0000001c   Code   RO          514    i.BSP_LED_Toggle    b-l072z-lrwan1.o
    0x080008ac   0x00000044   Code   RO         3725    i.DBG_Init          debug.o
    0x080008f0   0x00000008   Code   RO         4360    i.DelayMs           delay.o
    0x080008f8   0x00000010   Code   RO         4171    i.EXTI0_1_IRQHandler  mlm32l0xx_it.o
    0x08000908   0x00000010   Code   RO         4172    i.EXTI2_3_IRQHandler  mlm32l0xx_it.o
    0x08000918   0x0000005c   Code   RO         4173    i.EXTI4_15_IRQHandler  mlm32l0xx_it.o
    0x08000974   0x00000002   Code   RO         3726    i.Error_Handler     debug.o
    0x08000976   0x00000002   PAD
    0x08000978   0x0000002c   Code   RO            3    i.GetFskBandwidthRegValue  sx1276.o
    0x080009a4   0x000001c4   Code   RO         1201    i.HAL_ADC_Init      stm32l0xx_hal_adc.o
    0x08000b68   0x00000002   Code   RO         1204    i.HAL_ADC_MspInit   stm32l0xx_hal_adc.o
    0x08000b6a   0x00000002   PAD
    0x08000b6c   0x00000010   Code   RO         1592    i.HAL_DBGMCU_DisableDBGSleepMode  stm32l0xx_hal.o
    0x08000b7c   0x00000010   Code   RO         1593    i.HAL_DBGMCU_DisableDBGStandbyMode  stm32l0xx_hal.o
    0x08000b8c   0x00000010   Code   RO         1594    i.HAL_DBGMCU_DisableDBGStopMode  stm32l0xx_hal.o
    0x08000b9c   0x00000008   Code   RO         4108    i.HAL_GPIO_EXTI_Callback  mlm32l0xx_hal_msp.o
    0x08000ba4   0x00000018   Code   RO         1859    i.HAL_GPIO_EXTI_IRQHandler  stm32l0xx_hal_gpio.o
    0x08000bbc   0x00000184   Code   RO         1860    i.HAL_GPIO_Init     stm32l0xx_hal_gpio.o
    0x08000d40   0x00000008   Code   RO         1863    i.HAL_GPIO_TogglePin  stm32l0xx_hal_gpio.o
    0x08000d48   0x0000000c   Code   RO         1864    i.HAL_GPIO_WritePin  stm32l0xx_hal_gpio.o
    0x08000d54   0x0000000c   Code   RO         1603    i.HAL_GetTick       stm32l0xx_hal.o
    0x08000d60   0x00000010   Code   RO         1604    i.HAL_IncTick       stm32l0xx_hal.o
    0x08000d70   0x00000020   Code   RO         1605    i.HAL_Init          stm32l0xx_hal.o
    0x08000d90   0x00000004   Code   RO         4109    i.HAL_InitTick      mlm32l0xx_hal_msp.o
    0x08000d94   0x00000020   Code   RO         4110    i.HAL_MspInit       mlm32l0xx_hal_msp.o
    0x08000db4   0x00000014   Code   RO         1758    i.HAL_NVIC_ClearPendingIRQ  stm32l0xx_hal_cortex.o
    0x08000dc8   0x00000014   Code   RO         1760    i.HAL_NVIC_EnableIRQ  stm32l0xx_hal_cortex.o
    0x08000ddc   0x0000001c   Code   RO         1761    i.HAL_NVIC_GetPendingIRQ  stm32l0xx_hal_cortex.o
    0x08000df8   0x00000014   Code   RO         1763    i.HAL_NVIC_SetPendingIRQ  stm32l0xx_hal_cortex.o
    0x08000e0c   0x00000008   Code   RO         1764    i.HAL_NVIC_SetPriority  stm32l0xx_hal_cortex.o
    0x08000e14   0x00000010   Code   RO         2117    i.HAL_PWREx_EnableFastWakeUp  stm32l0xx_hal_pwr_ex.o
    0x08000e24   0x00000010   Code   RO         2119    i.HAL_PWREx_EnableUltraLowPower  stm32l0xx_hal_pwr_ex.o
    0x08000e34   0x00000010   Code   RO         2001    i.HAL_PWR_DisablePVD  stm32l0xx_hal_pwr.o
    0x08000e44   0x00000030   Code   RO         2010    i.HAL_PWR_EnterSLEEPMode  stm32l0xx_hal_pwr.o
    0x08000e74   0x00000034   Code   RO         2012    i.HAL_PWR_EnterSTOPMode  stm32l0xx_hal_pwr.o
    0x08000ea8   0x000001c0   Code   RO         1477    i.HAL_RCCEx_GetPeriphCLKFreq  stm32l0xx_hal_rcc_ex.o
    0x08001068   0x0000018c   Code   RO         1480    i.HAL_RCCEx_PeriphCLKConfig  stm32l0xx_hal_rcc_ex.o
    0x080011f4   0x00000168   Code   RO         1366    i.HAL_RCC_ClockConfig  stm32l0xx_hal_rcc.o
    0x0800135c   0x00000020   Code   RO         1372    i.HAL_RCC_GetPCLK1Freq  stm32l0xx_hal_rcc.o
    0x0800137c   0x00000020   Code   RO         1373    i.HAL_RCC_GetPCLK2Freq  stm32l0xx_hal_rcc.o
    0x0800139c   0x00000078   Code   RO         1374    i.HAL_RCC_GetSysClockFreq  stm32l0xx_hal_rcc.o
    0x08001414   0x0000045c   Code   RO         1377    i.HAL_RCC_OscConfig  stm32l0xx_hal_rcc.o
    0x08001870   0x0000003c   Code   RO         2312    i.HAL_RTCEx_EnableBypassShadow  stm32l0xx_hal_rtc_ex.o
    0x080018ac   0x00000008   Code   RO         4111    i.HAL_RTC_AlarmAEventCallback  mlm32l0xx_hal_msp.o
    0x080018b4   0x000000b8   Code   RO         2173    i.HAL_RTC_DeactivateAlarm  stm32l0xx_hal_rtc.o
    0x0800196c   0x0000008c   Code   RO         2174    i.HAL_RTC_GetAlarm  stm32l0xx_hal_rtc.o
    0x080019f8   0x00000044   Code   RO         2175    i.HAL_RTC_GetDate   stm32l0xx_hal_rtc.o
    0x08001a3c   0x0000005c   Code   RO         2177    i.HAL_RTC_GetTime   stm32l0xx_hal_rtc.o
    0x08001a98   0x000000a4   Code   RO         2178    i.HAL_RTC_Init      stm32l0xx_hal_rtc.o
    0x08001b3c   0x0000005c   Code   RO         4113    i.HAL_RTC_MspInit   mlm32l0xx_hal_msp.o
    0x08001b98   0x000001a0   Code   RO         2183    i.HAL_RTC_SetAlarm_IT  stm32l0xx_hal_rtc.o
    0x08001d38   0x000000cc   Code   RO         2184    i.HAL_RTC_SetDate   stm32l0xx_hal_rtc.o
    0x08001e04   0x000000f0   Code   RO         2185    i.HAL_RTC_SetTime   stm32l0xx_hal_rtc.o
    0x08001ef4   0x00000034   Code   RO         2186    i.HAL_RTC_WaitForSynchro  stm32l0xx_hal_rtc.o
    0x08001f28   0x00000030   Code   RO          610    i.HAL_SPI_DeInit    stm32l0xx_hal_spi.o
    0x08001f58   0x00000084   Code   RO          615    i.HAL_SPI_Init      stm32l0xx_hal_spi.o
    0x08001fdc   0x00000002   Code   RO          616    i.HAL_SPI_MspDeInit  stm32l0xx_hal_spi.o
    0x08001fde   0x00000002   Code   RO          617    i.HAL_SPI_MspInit   stm32l0xx_hal_spi.o
    0x08001fe0   0x000002b8   Code   RO          624    i.HAL_SPI_TransmitReceive  stm32l0xx_hal_spi.o
    0x08002298   0x0000003e   Code   RO          863    i.HAL_UART_DeInit   stm32l0xx_hal_uart.o
    0x080022d6   0x0000006c   Code   RO          868    i.HAL_UART_Init     stm32l0xx_hal_uart.o
    0x08002342   0x00000008   Code   RO         4025    i.HAL_UART_MspDeInit  vcom.o
    0x0800234a   0x00000002   PAD
    0x0800234c   0x00000018   Code   RO         4026    i.HAL_UART_MspInit  vcom.o
    0x08002364   0x000000c8   Code   RO          876    i.HAL_UART_Transmit  stm32l0xx_hal_uart.o
    0x0800242c   0x00000074   Code   RO         4271    i.HW_AdcInit        mlm32l0xx_hw.o
    0x080024a0   0x00000020   Code   RO         4273    i.HW_DeInit         mlm32l0xx_hw.o
    0x080024c0   0x0000000c   Code   RO         4274    i.HW_EnterSleepMode  mlm32l0xx_hw.o
    0x080024cc   0x00000028   Code   RO         4275    i.HW_EnterStopMode  mlm32l0xx_hw.o
    0x080024f4   0x00000048   Code   RO         4276    i.HW_ExitStopMode   mlm32l0xx_hw.o
    0x0800253c   0x00000038   Code   RO         3751    i.HW_GPIO_GetBitPos  hw_gpio.o
    0x08002574   0x00000054   Code   RO         3752    i.HW_GPIO_Init      hw_gpio.o
    0x080025c8   0x00000018   Code   RO         3753    i.HW_GPIO_IrqHandler  hw_gpio.o
    0x080025e0   0x00000034   Code   RO         3755    i.HW_GPIO_SetIrq    hw_gpio.o
    0x08002614   0x0000000a   Code   RO         3756    i.HW_GPIO_Write     hw_gpio.o
    0x0800261e   0x00000002   PAD
    0x08002620   0x00000048   Code   RO         4280    i.HW_Init           mlm32l0xx_hw.o
    0x08002668   0x00000026   Code   RO         3802    i.HW_RTC_DelayMs    hw_rtc.o
    0x0800268e   0x00000002   PAD
    0x08002690   0x000000a4   Code   RO         3803    i.HW_RTC_GetCalendarValue  hw_rtc.o
    0x08002734   0x00000004   Code   RO         3804    i.HW_RTC_GetMinimumTimeout  hw_rtc.o
    0x08002738   0x0000000c   Code   RO         3805    i.HW_RTC_GetTimerContext  hw_rtc.o
    0x08002744   0x0000001c   Code   RO         3806    i.HW_RTC_GetTimerElapsedTime  hw_rtc.o
    0x08002760   0x00000010   Code   RO         3807    i.HW_RTC_GetTimerValue  hw_rtc.o
    0x08002770   0x0000002c   Code   RO         3808    i.HW_RTC_Init       hw_rtc.o
    0x0800279c   0x0000003c   Code   RO         3809    i.HW_RTC_IrqHandler  hw_rtc.o
    0x080027d8   0x00000044   Code   RO         3810    i.HW_RTC_SetAlarm   hw_rtc.o
    0x0800281c   0x00000060   Code   RO         3811    i.HW_RTC_SetConfig  hw_rtc.o
    0x0800287c   0x00000018   Code   RO         3812    i.HW_RTC_SetTimerContext  hw_rtc.o
    0x08002894   0x00000118   Code   RO         3813    i.HW_RTC_StartWakeUpAlarm  hw_rtc.o
    0x080029ac   0x00000020   Code   RO         3814    i.HW_RTC_StopAlarm  hw_rtc.o
    0x080029cc   0x00000010   Code   RO         3815    i.HW_RTC_Tick2ms    hw_rtc.o
    0x080029dc   0x00000010   Code   RO         3817    i.HW_RTC_ms2Tick    hw_rtc.o
    0x080029ec   0x00000074   Code   RO         3818    i.HW_RTC_setMcuWakeUpTime  hw_rtc.o
    0x08002a60   0x0000009c   Code   RO         3921    i.HW_SPI_DeInit     hw_spi.o
    0x08002afc   0x00000020   Code   RO         3922    i.HW_SPI_InOut      hw_spi.o
    0x08002b1c   0x000000dc   Code   RO         3923    i.HW_SPI_Init       hw_spi.o
    0x08002bf8   0x00000004   Code   RO         4174    i.HardFault_Handler  mlm32l0xx_it.o
    0x08002bfc   0x00000018   Code   RO         4385    i.LowPower_Disable  low_power.o
    0x08002c14   0x00000018   Code   RO         4386    i.LowPower_Enable   low_power.o
    0x08002c2c   0x0000000c   Code   RO         4387    i.LowPower_GetState  low_power.o
    0x08002c38   0x00000024   Code   RO         4388    i.LowPower_Handler  low_power.o
    0x08002c5c   0x00000030   Code   RO         4114    i.MSP_GetIRQn       mlm32l0xx_hal_msp.o
    0x08002c8c   0x00000002   Code   RO         4176    i.NMI_Handler       mlm32l0xx_it.o
    0x08002c8e   0x00000002   PAD
    0x08002c90   0x00000044   Code   RO         1770    i.NVIC_SetPriority  stm32l0xx_hal_cortex.o
    0x08002cd4   0x00000070   Code   RO         3955    i.OnRxDone          main.o
    0x08002d44   0x0000002c   Code   RO         3956    i.OnRxError         main.o
    0x08002d70   0x00000030   Code   RO         3957    i.OnRxTimeout       main.o
    0x08002da0   0x0000002c   Code   RO         3958    i.OnTxDone          main.o
    0x08002dcc   0x00000030   Code   RO         3959    i.OnTxTimeout       main.o
    0x08002dfc   0x00000028   Code   RO         3960    i.OnledEvent        main.o
    0x08002e24   0x00000002   Code   RO         4177    i.PendSV_Handler    mlm32l0xx_it.o
    0x08002e26   0x00000002   PAD
    0x08002e28   0x00000070   Code   RO         1378    i.RCC_SetFlashLatencyFromMSIRange  stm32l0xx_hal_rcc.o
    0x08002e98   0x00000010   Code   RO         2187    i.RTC_Bcd2ToByte    stm32l0xx_hal_rtc.o
    0x08002ea8   0x00000016   Code   RO         2188    i.RTC_ByteToBcd2    stm32l0xx_hal_rtc.o
    0x08002ebe   0x00000038   Code   RO         2189    i.RTC_EnterInitMode  stm32l0xx_hal_rtc.o
    0x08002ef6   0x00000008   Code   RO         4178    i.RTC_IRQHandler    mlm32l0xx_it.o
    0x08002efe   0x00000002   PAD
    0x08002f00   0x00000094   Code   RO            4    i.RxChainCalibration  sx1276.o
    0x08002f94   0x000000b2   Code   RO          645    i.SPI_WaitOnFlagUntilTimeout  stm32l0xx_hal_spi.o
    0x08003046   0x00000002   Code   RO         4179    i.SVC_Handler       mlm32l0xx_it.o
    0x08003048   0x0000000c   Code   RO            5    i.SX1276BoardInit   sx1276.o
    0x08003054   0x00000004   Code   RO          422    i.SX1276CheckRfFrequency  mlm32l07x01.o
    0x08003058   0x0000000c   Code   RO          423    i.SX1276GetPaSelect  mlm32l07x01.o
    0x08003064   0x00000014   Code   RO            6    i.SX1276GetRadioWakeUpTime  sx1276.o
    0x08003078   0x0000000c   Code   RO            7    i.SX1276GetStatus   sx1276.o
    0x08003084   0x000001e4   Code   RO            8    i.SX1276GetTimeOnAir  sx1276.o
    0x08003268   0x00000004   Code   RO          424    i.SX1276GetWakeTime  mlm32l07x01.o
    0x0800326c   0x0000008c   Code   RO            9    i.SX1276Init        sx1276.o
    0x080032f8   0x00000050   Code   RO          425    i.SX1276IoDeInit    mlm32l07x01.o
    0x08003348   0x00000070   Code   RO          426    i.SX1276IoInit      mlm32l07x01.o
    0x080033b8   0x00000044   Code   RO          427    i.SX1276IoIrqInit   mlm32l07x01.o
    0x080033fc   0x0000004e   Code   RO           10    i.SX1276IsChannelFree  sx1276.o
    0x0800344a   0x00000002   PAD
    0x0800344c   0x0000027c   Code   RO           11    i.SX1276OnDio0Irq   sx1276.o
    0x080036c8   0x000000d8   Code   RO           12    i.SX1276OnDio1Irq   sx1276.o
    0x080037a0   0x000000b4   Code   RO           13    i.SX1276OnDio2Irq   sx1276.o
    0x08003854   0x00000054   Code   RO           14    i.SX1276OnDio3Irq   sx1276.o
    0x080038a8   0x0000001c   Code   RO           15    i.SX1276OnDio4Irq   sx1276.o
    0x080038c4   0x000000c8   Code   RO           17    i.SX1276OnTimeoutIrq  sx1276.o
    0x0800398c   0x0000003e   Code   RO           18    i.SX1276Random      sx1276.o
    0x080039ca   0x00000010   Code   RO           19    i.SX1276Read        sx1276.o
    0x080039da   0x00000042   Code   RO           20    i.SX1276ReadBuffer  sx1276.o
    0x08003a1c   0x0000000e   Code   RO           21    i.SX1276ReadFifo    sx1276.o
    0x08003a2a   0x00000002   PAD
    0x08003a2c   0x00000044   Code   RO           22    i.SX1276ReadRssi    sx1276.o
    0x08003a70   0x00000050   Code   RO           23    i.SX1276Reset       sx1276.o
    0x08003ac0   0x000000f0   Code   RO           24    i.SX1276Send        sx1276.o
    0x08003bb0   0x00000044   Code   RO          428    i.SX1276SetAntSw    mlm32l07x01.o
    0x08003bf4   0x00000074   Code   RO          429    i.SX1276SetAntSwLowPower  mlm32l07x01.o
    0x08003c68   0x00000050   Code   RO           25    i.SX1276SetChannel  sx1276.o
    0x08003cb8   0x00000030   Code   RO           26    i.SX1276SetMaxPayloadLength  sx1276.o
    0x08003ce8   0x00000070   Code   RO           27    i.SX1276SetModem    sx1276.o
    0x08003d58   0x0000005c   Code   RO           28    i.SX1276SetOpMode   sx1276.o
    0x08003db4   0x00000024   Code   RO           29    i.SX1276SetPublicNetwork  sx1276.o
    0x08003dd8   0x00000098   Code   RO          430    i.SX1276SetRfTxPower  mlm32l07x01.o
    0x08003e70   0x000001fc   Code   RO           30    i.SX1276SetRx       sx1276.o
    0x0800406c   0x00000288   Code   RO           31    i.SX1276SetRxConfig  sx1276.o
    0x080042f4   0x00000024   Code   RO           32    i.SX1276SetSleep    sx1276.o
    0x08004318   0x00000024   Code   RO           33    i.SX1276SetStby     sx1276.o
    0x0800433c   0x000000a4   Code   RO           34    i.SX1276SetTx       sx1276.o
    0x080043e0   0x000001fc   Code   RO           35    i.SX1276SetTxConfig  sx1276.o
    0x080045dc   0x0000007c   Code   RO           36    i.SX1276SetTxContinuousWave  sx1276.o
    0x08004658   0x00000028   Code   RO          431    i.SX1276SetXO       mlm32l07x01.o
    0x08004680   0x00000038   Code   RO           37    i.SX1276StartCad    sx1276.o
    0x080046b8   0x0000000c   Code   RO           38    i.SX1276Write       sx1276.o
    0x080046c4   0x00000042   Code   RO           39    i.SX1276WriteBuffer  sx1276.o
    0x08004706   0x0000000e   Code   RO           40    i.SX1276WriteFifo   sx1276.o
    0x08004714   0x00000008   Code   RO         4180    i.SysTick_Handler   mlm32l0xx_it.o
    0x0800471c   0x0000008c   Code   RO         4281    i.SystemClock_Config  mlm32l0xx_hw.o
    0x080047a8   0x00000054   Code   RO          574    i.SystemInit        system_stm32l0xx.o
    0x080047fc   0x0000000c   Code   RO         4425    i.TimerGetCurrentTime  timeserver.o
    0x08004808   0x00000018   Code   RO         4426    i.TimerGetElapsedTime  timeserver.o
    0x08004820   0x0000000e   Code   RO         4427    i.TimerInit         timeserver.o
    0x0800482e   0x00000002   PAD
    0x08004830   0x0000001c   Code   RO         4428    i.TimerInsertNewHeadTimer  timeserver.o
    0x0800484c   0x00000078   Code   RO         4429    i.TimerIrqHandler   timeserver.o
    0x080048c4   0x0000002c   Code   RO         4431    i.TimerSetTimeout   timeserver.o
    0x080048f0   0x00000022   Code   RO         4432    i.TimerSetValue     timeserver.o
    0x08004912   0x00000002   PAD
    0x08004914   0x00000070   Code   RO         4433    i.TimerStart        timeserver.o
    0x08004984   0x00000060   Code   RO         4434    i.TimerStop         timeserver.o
    0x080049e4   0x000000ca   Code   RO          881    i.UART_AdvFeatureConfig  stm32l0xx_hal_uart.o
    0x08004aae   0x00000002   PAD
    0x08004ab0   0x00000060   Code   RO          882    i.UART_CheckIdleState  stm32l0xx_hal_uart.o
    0x08004b10   0x00000230   Code   RO          896    i.UART_SetConfig    stm32l0xx_hal_uart.o
    0x08004d40   0x00000062   Code   RO          898    i.UART_WaitOnFlagUntilTimeout  stm32l0xx_hal_uart.o
    0x08004da2   0x00000008   Code   RO         4181    i.USART2_IRQHandler  mlm32l0xx_it.o
    0x08004daa   0x00000002   PAD
    0x08004dac   0x00000024   Code   RO         4609    i.__0vsprintf       mc_p.l(printfa.o)
    0x08004dd0   0x0000002e   Code   RO         4676    i.__ARM_clz         mf_p.l(depilogue.o)
    0x08004dfe   0x00000030   Code   RO         3910    i.__ARM_common_ll_muluu  hw_rtc.o
    0x08004e2e   0x0000001a   Code   RO          237    i.__ARM_common_switch8  sx1276.o
    0x08004e48   0x0000000e   Code   RO         4690    i.__scatterload_copy  mc_p.l(handlers.o)
    0x08004e56   0x00000002   Code   RO         4691    i.__scatterload_null  mc_p.l(handlers.o)
    0x08004e58   0x0000000e   Code   RO         4692    i.__scatterload_zeroinit  mc_p.l(handlers.o)
    0x08004e66   0x00000002   PAD
    0x08004e68   0x00000174   Code   RO         4610    i._fp_digits        mc_p.l(printfa.o)
    0x08004fdc   0x000006ec   Code   RO         4611    i._printf_core      mc_p.l(printfa.o)
    0x080056c8   0x00000020   Code   RO         4612    i._printf_post_padding  mc_p.l(printfa.o)
    0x080056e8   0x0000002c   Code   RO         4613    i._printf_pre_padding  mc_p.l(printfa.o)
    0x08005714   0x0000000a   Code   RO         4615    i._sputc            mc_p.l(printfa.o)
    0x0800571e   0x00000002   PAD
    0x08005720   0x000000c8   Code   RO         4576    i.ceil              m_ps.l(ceil.o)
    0x080057e8   0x000000c8   Code   RO         4580    i.floor             m_ps.l(floor.o)
    0x080058b0   0x00000240   Code   RO         3961    i.main              main.o
    0x08005af0   0x00000016   Code   RO         4513    i.memcpy1           utilities.o
    0x08005b06   0x00000002   PAD
    0x08005b08   0x0000009c   Code   RO         4583    i.round             m_ps.l(round.o)
    0x08005ba4   0x00000010   Code   RO         4027    i.vcom_DeInit       vcom.o
    0x08005bb4   0x00000044   Code   RO         4028    i.vcom_Init         vcom.o
    0x08005bf8   0x00000054   Code   RO         4029    i.vcom_IoDeInit     vcom.o
    0x08005c4c   0x0000005c   Code   RO         4030    i.vcom_IoInit       vcom.o
    0x08005ca8   0x00000054   Code   RO         4031    i.vcom_Print        vcom.o
    0x08005cfc   0x0000007c   Code   RO         4032    i.vcom_Send         vcom.o
    0x08005d78   0x000000e0   Data   RO           42    .constdata          sx1276.o
    0x08005e58   0x00000068   Data   RO          432    .constdata          mlm32l07x01.o
    0x08005ec0   0x0000000c   Data   RO          517    .constdata          b-l072z-lrwan1.o
    0x08005ecc   0x00000019   Data   RO          575    .constdata          system_stm32l0xx.o
    0x08005ee5   0x00000008   Data   RO          576    .constdata          system_stm32l0xx.o
    0x08005eed   0x00000018   Data   RO         3820    .constdata          hw_rtc.o
    0x08005f05   0x0000000a   Data   RO         3963    .constdata          main.o
    0x08005f0f   0x00000001   PAD
    0x08005f10   0x00000020   Data   RO         4688    Region$$Table       anon$$obj.o


    Execution Region RW_IRAM1 (Base: 0x20000000, Size: 0x00000950, Max: 0x00005000, ABSOLUTE)

    Base Addr    Size         Type   Attr      Idx    E Section Name        Object

    0x20000000   0x00000020   Data   RW           43    .data               sx1276.o
    0x20000020   0x00000018   Data   RW          433    .data               mlm32l07x01.o
    0x20000038   0x00000014   Data   RW          518    .data               b-l072z-lrwan1.o
    0x2000004c   0x00000004   Data   RW          577    .data               system_stm32l0xx.o
    0x20000050   0x00000004   Data   RW         1615    .data               stm32l0xx_hal.o
    0x20000054   0x00000004   Data   RW         3821    .data               hw_rtc.o
    0x20000058   0x00000006   Data   RW         3964    .data               main.o
    0x2000005e   0x00000004   Data   RW         4035    .data               vcom.o
    0x20000062   0x00000002   Data   RW         4283    .data               mlm32l0xx_hw.o
    0x20000064   0x00000004   Data   RW         4389    .data               low_power.o
    0x20000068   0x00000004   Data   RW         4435    .data               timeserver.o
    0x2000006c   0x000001a4   Zero   RW           41    .bss                sx1276.o
    0x20000210   0x00000040   Zero   RW         3757    .bss                hw_gpio.o
    0x20000250   0x00000068   Zero   RW         3819    .bss                hw_rtc.o
    0x200002b8   0x00000058   Zero   RW         3924    .bss                hw_spi.o
    0x20000310   0x00000070   Zero   RW         3962    .bss                main.o
    0x20000380   0x00000170   Zero   RW         4034    .bss                vcom.o
    0x200004f0   0x00000060   Zero   RW         4282    .bss                mlm32l0xx_hw.o
    0x20000550   0x00000400   Zero   RW         3716    STACK               startup_stm32l072xx.o


==============================================================================

Image component sizes


      Code (inc. data)   RO Data    RW Data    ZI Data      Debug   Object Name

       160         30         12         20          0       3592   b-l072z-lrwan1.o
        70          6          0          0          0       1067   debug.o
         8          0          0          0          0       1178   delay.o
       226         26          0          0         64       3993   hw_gpio.o
      1062        112         24          4        104      12399   hw_rtc.o
       408         44          0          0         88       2825   hw_spi.o
        96         20          0          4          0       3200   low_power.o
       912        238         10          6        112       5906   main.o
       656         54        104         24          0      13629   mlm32l07x01.o
       192         12          0          0          0       4060   mlm32l0xx_hal_msp.o
       484         52          0          2         96       5353   mlm32l0xx_hw.o
       158          0          0          0          0       5176   mlm32l0xx_it.o
        28          8        192          0       1024        672   startup_stm32l072xx.o
       108         30          0          4          0       4900   stm32l0xx_hal.o
       454         10          0          0          0       2349   stm32l0xx_hal_adc.o
       164         30          0          0          0      12685   stm32l0xx_hal_cortex.o
       432         38          0          0          0       4080   stm32l0xx_hal_gpio.o
       116         22          0          0          0       2082   stm32l0xx_hal_pwr.o
        32          8          0          0          0       1257   stm32l0xx_hal_pwr_ex.o
      1772        114          0          0          0       7376   stm32l0xx_hal_rcc.o
       844         56          0          0          0       3649   stm32l0xx_hal_rcc_ex.o
      1654         32          0          0          0      11631   stm32l0xx_hal_rtc.o
        60          0          0          0          0       1331   stm32l0xx_hal_rtc_ex.o
      1058          0          0          0          0       6096   stm32l0xx_hal_spi.o
      1326         80          0          0          0       7983   stm32l0xx_hal_uart.o
      5394        356        224         32        420     443939   sx1276.o
        84         18         33          4          0       1767   system_stm32l0xx.o
       484         18          0          4          0       8503   timeserver.o
        22          0          0          0          0       1398   utilities.o
       500         52          0          4        368       8134   vcom.o

    ----------------------------------------------------------------------
     18994       1466        632        108       2276     592210   Object Totals
         0          0         32          0          0          0   (incl. Generated)
        30          0          1          0          0          0   (incl. Padding)

    ----------------------------------------------------------------------

      Code (inc. data)   RO Data    RW Data    ZI Data      Debug   Library Member Name

       200         20          0          0          0         76   ceil.o
       200         20          0          0          0         76   floor.o
       156         14          0          0          0         84   round.o
         0          0          0          0          0          0   entry.o
         0          0          0          0          0          0   entry10a.o
         0          0          0          0          0          0   entry11a.o
         8          4          0          0          0          0   entry2.o
         4          0          0          0          0          0   entry5.o
         0          0          0          0          0          0   entry7b.o
         0          0          0          0          0          0   entry8b.o
         8          4          0          0          0          0   entry9a.o
        30          0          0          0          0          0   handlers.o
        36          8          0          0          0         68   init.o
         0          0          0          0          0          0   iusefp.o
        32          0          0          0          0         68   llshl.o
        38          0          0          0          0         68   llsshr.o
        34          0          0          0          0         68   llushr.o
        36          0          0          0          0         60   memcpya.o
        36          0          0          0          0        100   memseta.o
      2266         96          0          0          0        460   printfa.o
        30          0          0          0          0         72   strncmp.o
        44          0          0          0          0         72   uidiv.o
        96          0          0          0          0         84   uldiv.o
        40          2          0          0          0         68   cdcmple.o
        40          2          0          0          0         68   cdrcmple.o
       356          4          0          0          0        140   dadd.o
       240          6          0          0          0         84   ddiv.o
       236          0          0          0          0        216   depilogue.o
        60         10          0          0          0         68   dfixui.o
        64         10          0          0          0         68   dfixul.o
        40          6          0          0          0         68   dflti.o
        28          4          0          0          0         68   dfltui.o
       208          6          0          0          0         88   dmul.o
       124         10          0          0          0         76   drnd.o
        44          0          0          0          0         72   dscalb.o

    ----------------------------------------------------------------------
      4742        226          0          0          0       2440   Library Totals
         8          0          0          0          0          0   (incl. Padding)

    ----------------------------------------------------------------------

      Code (inc. data)   RO Data    RW Data    ZI Data      Debug   Library Name

       556         54          0          0          0        236   m_ps.l
      2698        112          0          0          0       1120   mc_p.l
      1480         60          0          0          0       1084   mf_p.l

    ----------------------------------------------------------------------
      4742        226          0          0          0       2440   Library Totals

    ----------------------------------------------------------------------

==============================================================================


      Code (inc. data)   RO Data    RW Data    ZI Data      Debug   

     23736       1692        632        108       2276     585370   Grand Totals
     23736       1692        632        108       2276     585370   ELF Image Totals
     23736       1692        632        108          0          0   ROM Totals

==============================================================================

    Total RO  Size (Code + RO Data)                24368 (  23.80kB)
    Total RW  Size (RW Data + ZI Data)              2384 (   2.33kB)
    Total ROM Size (Code + RO Data + RW Data)      24476 (  23.90kB)

==============================================================================

